###############################################################################
#
# IAR ELF Linker V9.30.1.335/W64 for ARM                  19/Mar/2023  20:37:11
# Copyright 2007-2022 IAR Systems AB.
#
#    Output file  =  D:\POIP\POIP-8-sem-\Lab_4\Debug\Exe\ADC_temperature.out
#    Map file     =  D:\POIP\POIP-8-sem-\Lab_4\Debug\List\ADC_temperature.map
#    Command line =
#        -f D:\POIP\POIP-8-sem-\Lab_4\Debug\Exe\ADC_temperature.out.rsp
#        (D:\POIP\POIP-8-sem-\Lab_4\Debug\Obj\Modes\AllMode\AllMode.o
#        D:\POIP\POIP-8-sem-\Lab_4\Debug\Obj\Components\Button\Button.o
#        D:\POIP\POIP-8-sem-\Lab_4\Debug\Obj\Modes\ChessMode\ChessMode.o
#        D:\POIP\POIP-8-sem-\Lab_4\Debug\Obj\Components\LED\Led.o
#        D:\POIP\POIP-8-sem-\Lab_4\Debug\Obj\main.o
#        D:\POIP\POIP-8-sem-\Lab_4\Debug\Obj\Modes\SlideMode\SlideMode.o
#        D:\POIP\POIP-8-sem-\Lab_4\Debug\Obj\startup.o
#        D:\POIP\POIP-8-sem-\Lab_4\Debug\Obj\Modes\TreeMode\TreeMode.o
#        --no_out_extension -o
#        D:\POIP\POIP-8-sem-\Lab_4\Debug\Exe\ADC_temperature.out --redirect
#        _Printf=_PrintfFullNoMb --redirect _Scanf=_ScanfFullNoMb --map
#        D:\POIP\POIP-8-sem-\Lab_4\Debug\List\ADC_temperature.map --config
#        "C:\Program Files\IAR Systems\Embedded Workbench
#        9.1\arm/config/linker/ST/stm32f411xC.icf" --semihosting --entry
#        __iar_program_start --vfe --text_out locale --cpu=Cortex-M4
#        --fpu=VFPv4_sp)
#
###############################################################################

*******************************************************************************
*** RUNTIME MODEL ATTRIBUTES
***

CppFlavor                     = *
__CPP_Exceptions              = Disabled
__CPP_Language                = C++14
__CPP_Library                 = libc++
__CPP_Runtime                 = 1
__Heap_Handler                = Basic
__SystemLibrary               = DLib
__dlib_dynamic_initialization = normal
__dlib_version                = 6


*******************************************************************************
*** HEAP SELECTION
***

The basic heap was selected because --advanced_heap
was not specified and the application did not appear to
be primarily optimized for speed.


*******************************************************************************
*** PLACEMENT SUMMARY
***

"A0":  place at address 0x800'0000 { ro section .intvec };
"P1":  place in [from 0x800'0000 to 0x803'ffff] { ro };
define block CSTACK with size = 8K, alignment = 8 { };
define block HEAP with size = 8K, alignment = 8 { };
"P2":  place in [from 0x2000'0000 to 0x2001'ffff] {
          rw, block CSTACK, block HEAP };
initialize by copy { rw };

  Section                Kind         Address    Size  Object
  -------                ----         -------    ----  ------
"A0":                                           0x19c
  .intvec                const     0x800'0000   0x19c  startup.o [1]
                                 - 0x800'019c   0x19c

"P1":                                          0x7240
  .text                  ro code   0x800'019c   0xeaa  xprintffull_nomb.o [8]
  .text                  ro code   0x800'1046    0x7e  lz77_init_single.o [12]
  .text                  ro code   0x800'10c4    0x16  strchr.o [12]
  .text                  ro code   0x800'10da    0x1a  xsnprout.o [8]
  .text                  ro code   0x800'10f4    0x40  xfail_s.o [8]
  .text                  ro code   0x800'1134    0x36  strlen.o [12]
  .text                  ro code   0x800'116a     0x6  ios.instantiations.o [9]
  .text                  ro code   0x800'1170    0x58  memchr.o [12]
  .text                  ro code   0x800'11c8    0x76  ABImemcpy_unaligned.o [12]
  .rodata                const     0x800'123e     0x2  locale.o [9]
  .text                  ro code   0x800'1240    0x70  frexp.o [11]
  .text                  ro code   0x800'12b0    0x34  DblCmpLe.o [11]
  .text                  ro code   0x800'12e4    0x34  DblCmpGe.o [11]
  .text                  ro code   0x800'1318   0x13a  ldexp.o [11]
  .rodata                const     0x800'1452     0x2  xlocale_c.o [8]
  .text                  ro code   0x800'1454    0x36  DblToS32.o [11]
  .rodata                const     0x800'148a     0x2  xlocale_c.o [8]
  .text                  ro code   0x800'148c    0x22  S32ToDbl.o [11]
  .text                  ro code   0x800'14ae     0x2  startup.o [1]
  .text                  ro code   0x800'14b0   0x24e  DblAddSub.o [11]
  .text                  ro code   0x800'16fe     0x2  startup.o [1]
  .text                  ro code   0x800'1700   0x246  DblDiv.o [11]
  .text                  ro code   0x800'1946     0x2  startup.o [1]
  .text                  ro code   0x800'1948    0x22  DblToU32.o [11]
  .text                  ro code   0x800'196a     0x2  startup.o [1]
  .text                  ro code   0x800'196c    0x1c  U32ToDbl.o [11]
  .text                  ro code   0x800'1988   0x1aa  DblMul.o [11]
  .rodata                const     0x800'1b32     0x1  locale.o [9]
  .rodata                const     0x800'1b33     0x1  unwind_debug.o [13]
  .text                  ro code   0x800'1b34    0x18  xlocale_c.o [8]
  .text                  ro code   0x800'1b4c   0x230  I64DivMod.o [12]
  .text                  ro code   0x800'1d7c     0x6  abort.o [8]
  .rodata                const     0x800'1d82     0x1  xlocale_c.o [8]
  .text                  ro code   0x800'1d84    0x24  errno.o [8]
  .text                  ro code   0x800'1da8     0x2  I64DivZer.o [12]
  .text                  ro code   0x800'1dac    0x14  exit.o [13]
  .text                  ro code   0x800'1dc0     0x4  tp_nothreads.o [8]
  .text                  ro code   0x800'1dc4    0x7c  iarttio.o [13]
  .text                  ro code   0x800'1e40     0x8  XShttio.o [8]
  .text                  ro code   0x800'1e48   0x8e0  locale.o [9]
  .text                  ro code   0x800'2728     0x4  delop4_0.o [10]
  .text                  ro code   0x800'272c     0x2  memory.o [9]
  .text                  ro code   0x800'272e    0x32  locale.o [9]
  .text                  ro code   0x800'2760    0x26  locale.o [9]
  .text                  ro code   0x800'2786    0x26  main.o [1]
  .text                  ro code   0x800'27ac    0x22  locale.o [9]
  .text                  ro code   0x800'27d0    0x18  locale.o [9]
  .text                  ro code   0x800'27e8    0x18  locale.o [9]
  .text                  ro code   0x800'2800    0x18  locale.o [9]
  .text                  ro code   0x800'2818    0x18  locale.o [9]
  .text                  ro code   0x800'2830    0x18  locale.o [9]
  .text                  ro code   0x800'2848    0x18  locale.o [9]
  .text                  ro code   0x800'2860    0x18  locale.o [9]
  .text                  ro code   0x800'2878    0x18  locale.o [9]
  .text                  ro code   0x800'2890    0x18  locale.o [9]
  .text                  ro code   0x800'28a8    0x18  locale.o [9]
  .text                  ro code   0x800'28c0    0x18  locale.o [9]
  .text                  ro code   0x800'28d8    0x18  locale.o [9]
  .text                  ro code   0x800'28f0    0x18  locale.o [9]
  .text                  ro code   0x800'2908    0x18  locale.o [9]
  .text                  ro code   0x800'2920    0x18  locale.o [9]
  .text                  ro code   0x800'2938    0x18  locale.o [9]
  .text                  ro code   0x800'2950    0x18  locale.o [9]
  .text                  ro code   0x800'2968    0x18  locale.o [9]
  .text                  ro code   0x800'2980    0x28  locale.o [9]
  .text                  ro code   0x800'29a8    0x28  locale.o [9]
  .text                  ro code   0x800'29d0    0x24  locale.o [9]
  .text                  ro code   0x800'29f4    0x24  locale.o [9]
  .text                  ro code   0x800'2a18    0x18  locale.o [9]
  .text                  ro code   0x800'2a30    0x18  locale.o [9]
  .text                  ro code   0x800'2a48    0x32  main.o [1]
  .text                  ro code   0x800'2a7a     0x4  locale.o [9]
  .text                  ro code   0x800'2a7e    0x2a  locale.o [9]
  .text                  ro code   0x800'2aa8     0xc  locale.o [9]
  .text                  ro code   0x800'2ab4    0xac  locale.o [9]
  .text                  ro code   0x800'2b60    0x1c  locale.o [9]
  .text                  ro code   0x800'2b7c    0x1a  locale.o [9]
  .text                  ro code   0x800'2b96    0x18  mutex.o [9]
  .text                  ro code   0x800'2bae     0x4  delaop_0.o [10]
  .text                  ro code   0x800'2bb4    0x10  locale.o [9]
  .text                  ro code   0x800'2bc4    0x96  iar_locale.o [9]
  .text                  ro code   0x800'2c5c    0xa4  iar_newlocale.o [9]
  .text                  ro code   0x800'2d00    0x18  main.o [1]
  .text                  ro code   0x800'2d18    0x6a  main.o [1]
  .text                  ro code   0x800'2d82     0xa  delop_0.o [10]
  .text                  ro code   0x800'2d8c    0x2a  locale.o [9]
  .text                  ro code   0x800'2db6    0x20  locale.o [9]
  .text                  ro code   0x800'2dd6    0x26  main.o [1]
  .text                  ro code   0x800'2dfc     0x8  main.o [1]
  .text                  ro code   0x800'2e04    0x86  main.o [1]
  .text                  ro code   0x800'2e8a     0xe  main.o [1]
  .text                  ro code   0x800'2e98     0x8  main.o [1]
  .text                  ro code   0x800'2ea0     0xa  main.o [1]
  .text                  ro code   0x800'2eaa     0xe  main.o [1]
  .text                  ro code   0x800'2eb8     0x8  main.o [1]
  .text                  ro code   0x800'2ec0     0xc  locale.o [9]
  .text                  ro code   0x800'2ecc    0x16  locale.o [9]
  .text                  ro code   0x800'2ee2    0x3e  locale.o [9]
  .text                  ro code   0x800'2f20    0x2c  locale.o [9]
  .text                  ro code   0x800'2f4c     0xa  locale.o [9]
  .text                  ro code   0x800'2f56    0x28  locale.o [9]
  .text                  ro code   0x800'2f7e    0x10  locale.o [9]
  .text                  ro code   0x800'2f90    0x3c  vsnprint.o [8]
  .text                  ro code   0x800'2fcc   0x250  heap0.o [8]
  .text                  ro code   0x800'321c     0x4  heaptramp0.o [8]
  .text                  ro code   0x800'3220   0x1a0  iar_newlocale.o [9]
  .text                  ro code   0x800'33c0     0xc  iar_newlocale.o [9]
  .text                  ro code   0x800'33cc     0x8  main.o [1]
  .text                  ro code   0x800'33d4     0x8  main.o [1]
  .text                  ro code   0x800'33dc     0x2  main.o [1]
  .text                  ro code   0x800'33de    0x26  main.o [1]
  .text                  ro code   0x800'3404     0x8  main.o [1]
  .text                  ro code   0x800'340c     0xa  main.o [1]
  .text                  ro code   0x800'3416     0x2  main.o [1]
  .text                  ro code   0x800'3418     0xa  main.o [1]
  .text                  ro code   0x800'3422    0x3e  string.o [9]
  .text                  ro code   0x800'3460     0x6  locale.o [9]
  .text                  ro code   0x800'3466     0x4  vector.o [9]
  .text                  ro code   0x800'346a    0x2a  locale.o [9]
  .text                  ro code   0x800'3494     0x2  main.o [1]
  .text                  ro code   0x800'3496     0x8  main.o [1]
  .text                  ro code   0x800'349e     0x8  main.o [1]
  .text                  ro code   0x800'34a6     0xe  main.o [1]
  .text                  ro code   0x800'34b4     0x8  main.o [1]
  .text                  ro code   0x800'34bc     0xc  main.o [1]
  .text                  ro code   0x800'34c8     0xc  main.o [1]
  .text                  ro code   0x800'34d4    0x1a  main.o [1]
  .text                  ro code   0x800'34ee     0x8  main.o [1]
  .text                  ro code   0x800'34f6     0xc  main.o [1]
  .text                  ro code   0x800'3502    0x10  main.o [1]
  .text                  ro code   0x800'3512     0xc  main.o [1]
  .text                  ro code   0x800'351e     0x2  main.o [1]
  .text                  ro code   0x800'3520    0x12  main.o [1]
  .text                  ro code   0x800'3532     0x6  main.o [1]
  .text                  ro code   0x800'3538     0x8  main.o [1]
  .text                  ro code   0x800'3540     0xe  main.o [1]
  .text                  ro code   0x800'354e     0xc  locale.o [9]
  .text                  ro code   0x800'355c    0x2c  xgetmemchunk.o [8]
  .text                  ro code   0x800'3588    0x20  iar_newlocale.o [9]
  .text                  ro code   0x800'35a8    0x20  iar_newlocale.o [9]
  .text                  ro code   0x800'35c8     0x2  main.o [1]
  .text                  ro code   0x800'35ca     0x8  main.o [1]
  .text                  ro code   0x800'35d2     0x2  main.o [1]
  .text                  ro code   0x800'35d4     0x8  main.o [1]
  .text                  ro code   0x800'35dc     0x2  main.o [1]
  .text                  ro code   0x800'35e0    0x24  newop_0.o [10]
  .text                  ro code   0x800'3604     0x2  main.o [1]
  .text                  ro code   0x800'3606     0xe  main.o [1]
  .text                  ro code   0x800'3614     0x8  main.o [1]
  .text                  ro code   0x800'361c     0x8  main.o [1]
  .text                  ro code   0x800'3624     0x8  main.o [1]
  .text                  ro code   0x800'362c    0x34  main.o [1]
  .text                  ro code   0x800'3660     0x2  main.o [1]
  .text                  ro code   0x800'3662    0x20  main.o [1]
  .text                  ro code   0x800'3682     0x2  main.o [1]
  .text                  ro code   0x800'3684    0x16  main.o [1]
  .text                  ro code   0x800'369a     0x4  nomemory.o [10]
  .text                  ro code   0x800'369e     0x8  main.o [1]
  .text                  ro code   0x800'36a6     0x6  main.o [1]
  .text                  ro code   0x800'36ac     0x2  main.o [1]
  .text                  ro code   0x800'36ae     0x8  main.o [1]
  .text                  ro code   0x800'36b6     0x8  main.o [1]
  .text                  ro code   0x800'36be     0x8  main.o [1]
  .text                  ro code   0x800'36c6     0x8  main.o [1]
  .text                  ro code   0x800'36ce     0x8  main.o [1]
  .text                  ro code   0x800'36d6     0xe  main.o [1]
  .text                  ro code   0x800'36e4    0x28  newop3_0.o [10]
  .text                  ro code   0x800'370c     0x8  main.o [1]
  .text                  ro code   0x800'3714     0x8  main.o [1]
  .text                  ro code   0x800'371c     0x2  main.o [1]
  .text                  ro code   0x800'371e     0x8  main.o [1]
  .text                  ro code   0x800'3726     0x4  delop6_0.o [10]
  .text                  ro code   0x800'372a     0x2  main.o [1]
  .rodata                const     0x800'372c   0x400  locale.o [9]
  .text                  ro code   0x800'3b2c   0x330  main.o [1]
  .text                  ro code   0x800'3e5c    0x1a  main.o [1]
  .text                  ro code   0x800'3e76     0xa  cxxabi.o [10]
  .text                  ro code   0x800'3e80    0x3c  Led.o [3]
  .text                  ro code   0x800'3ebc    0x90  Button.o [2]
  .text                  ro code   0x800'3f4c    0x18  AllMode.o [4]
  .text                  ro code   0x800'3f64    0x46  ChessMode.o [5]
  .text                  ro code   0x800'3fac    0x50  TreeMode.o [7]
  .text                  ro code   0x800'3ffc    0xa0  SlideMode.o [6]
  .text                  ro code   0x800'409c    0x20  main.o [1]
  .text                  ro code   0x800'40bc     0xc  main.o [1]
  .text                  ro code   0x800'40c8     0xc  main.o [1]
  .text                  ro code   0x800'40d4    0x10  main.o [1]
  .text                  ro code   0x800'40e4    0x14  main.o [1]
  .text                  ro code   0x800'40f8    0x14  main.o [1]
  .text                  ro code   0x800'410c     0xc  main.o [1]
  .text                  ro code   0x800'4118    0x14  main.o [1]
  .text                  ro code   0x800'412c    0x14  main.o [1]
  .text                  ro code   0x800'4140     0xc  main.o [1]
  .text                  ro code   0x800'414c     0xc  main.o [1]
  .text                  ro code   0x800'4158    0x14  main.o [1]
  .text                  ro code   0x800'416c    0x14  main.o [1]
  .text                  ro code   0x800'4180    0x14  main.o [1]
  .text                  ro code   0x800'4194    0x14  main.o [1]
  .text                  ro code   0x800'41a8    0x14  main.o [1]
  .text                  ro code   0x800'41bc    0x14  main.o [1]
  .text                  ro code   0x800'41d0    0x14  main.o [1]
  .text                  ro code   0x800'41e4    0x14  main.o [1]
  .text                  ro code   0x800'41f8    0x14  main.o [1]
  .text                  ro code   0x800'420c    0x14  main.o [1]
  .text                  ro code   0x800'4220    0x14  main.o [1]
  .text                  ro code   0x800'4234    0x14  main.o [1]
  .text                  ro code   0x800'4248    0x14  main.o [1]
  .text                  ro code   0x800'425c    0x10  main.o [1]
  .text                  ro code   0x800'426c    0x14  main.o [1]
  .text                  ro code   0x800'4280    0x14  main.o [1]
  .text                  ro code   0x800'4294    0x14  main.o [1]
  .text                  ro code   0x800'42a8    0x10  main.o [1]
  .text                  ro code   0x800'42b8     0xc  main.o [1]
  .text                  ro code   0x800'42c4    0x14  main.o [1]
  .text                  ro code   0x800'42d8    0x14  main.o [1]
  .text                  ro code   0x800'42ec    0x10  main.o [1]
  .text                  ro code   0x800'42fc    0x10  main.o [1]
  .text                  ro code   0x800'430c    0x10  main.o [1]
  .text                  ro code   0x800'431c    0x14  main.o [1]
  .text                  ro code   0x800'4330    0x14  main.o [1]
  .text                  ro code   0x800'4344    0x14  main.o [1]
  .text                  ro code   0x800'4358    0x14  main.o [1]
  .text                  ro code   0x800'436c    0x14  main.o [1]
  .text                  ro code   0x800'4380    0x14  main.o [1]
  .text                  ro code   0x800'4394    0x28  main.o [1]
  .text                  ro code   0x800'43bc    0x14  main.o [1]
  .text                  ro code   0x800'43d0     0xc  main.o [1]
  .text                  ro code   0x800'43dc    0x18  main.o [1]
  .text                  ro code   0x800'43f4    0x88  ios.instantiations.o [9]
  .text                  ro code   0x800'447c     0xc  main.o [1]
  .text                  ro code   0x800'4488     0x6  main.o [1]
  .text                  ro code   0x800'4490    0x48  FltToDbl.o [11]
  .text                  ro code   0x800'44d8    0x20  main.o [1]
  .text                  ro code   0x800'44f8    0x98  ios.instantiations.o [9]
  .text                  ro code   0x800'4590     0xa  main.o [1]
  .text                  ro code   0x800'459a    0x1a  main.o [1]
  .text                  ro code   0x800'45b4    0x88  ios.instantiations.o [9]
  .text                  ro code   0x800'463c    0x18  main.o [1]
  .text                  ro code   0x800'4654    0x20  main.o [1]
  .text                  ro code   0x800'4674    0xa0  cppinit.o [8]
  .text                  ro code   0x800'4714     0x8  Led.o [3]
  .text                  ro code   0x800'471c     0x8  Button.o [2]
  .text                  ro code   0x800'4724     0x8  Button.o [2]
  .text                  ro code   0x800'472c     0x6  Button.o [2]
  .text                  ro code   0x800'4732     0x6  Button.o [2]
  .text                  ro code   0x800'4738     0x8  AllMode.o [4]
  .text                  ro code   0x800'4740     0x6  ChessMode.o [5]
  .text                  ro code   0x800'4746     0x8  ChessMode.o [5]
  .text                  ro code   0x800'474e    0x2a  AllMode.o [4]
  .text                  ro code   0x800'4778     0x8  main.o [1]
  .text                  ro code   0x800'4780     0x6  main.o [1]
  .text                  ro code   0x800'4786    0x80  main.o [1]
  .text                  ro code   0x800'4808    0x40  main.o [1]
  .text                  ro code   0x800'4848    0x42  ios.instantiations.o [9]
  .text                  ro code   0x800'488c    0xb4  ios.o [9]
  .text                  ro code   0x800'4940    0x22  main.o [1]
  .text                  ro code   0x800'4962    0x10  ios.instantiations.o [9]
  .text                  ro code   0x800'4972    0x94  ios.instantiations.o [9]
  .text                  ro code   0x800'4a06    0xb2  main.o [1]
  .text                  ro code   0x800'4ab8     0x8  main.o [1]
  .text                  ro code   0x800'4ac0    0x2a  main.o [1]
  .text                  ro code   0x800'4aea     0xc  ios.instantiations.o [9]
  .text                  ro code   0x800'4af6    0x34  ios.instantiations.o [9]
  .text                  ro code   0x800'4b2a    0x1a  string.o [9]
  .text                  ro code   0x800'4b44     0x2  main.o [1]
  .text                  ro code   0x800'4b46    0x1e  main.o [1]
  .text                  ro code   0x800'4b64    0x26  main.o [1]
  .text                  ro code   0x800'4b8a     0xc  ios.instantiations.o [9]
  .text                  ro code   0x800'4b96     0x2  Led.o [3]
  .text                  ro code   0x800'4b98     0x2  Button.o [2]
  .text                  ro code   0x800'4b9a     0x2  Button.o [2]
  .text                  ro code   0x800'4b9c     0xc  AllMode.o [4]
  .text                  ro code   0x800'4ba8     0x4  ChessMode.o [5]
  .text                  ro code   0x800'4bac     0x8  AllMode.o [4]
  .text                  ro code   0x800'4bb4     0xa  AllMode.o [4]
  .text                  ro code   0x800'4bbe     0x2  main.o [1]
  .text                  ro code   0x800'4bc0     0x8  main.o [1]
  .text                  ro code   0x800'4bc8     0xc  main.o [1]
  .text                  ro code   0x800'4bd4    0x1e  main.o [1]
  .text                  ro code   0x800'4bf2    0x70  string.o [9]
  .text                  ro code   0x800'4c62    0x42  string.o [9]
  .text                  ro code   0x800'4ca4    0x10  main.o [1]
  .text                  ro code   0x800'4cb4    0x10  main.o [1]
  .text                  ro code   0x800'4cc4     0xc  main.o [1]
  .text                  ro code   0x800'4cd0     0xc  main.o [1]
  .text                  ro code   0x800'4cdc    0x54  ios.instantiations.o [9]
  .text                  ro code   0x800'4d30     0xe  main.o [1]
  .text                  ro code   0x800'4d3e    0x28  main.o [1]
  .text                  ro code   0x800'4d66     0x4  arm_exceptions_uncaught_c.o [12]
  .text                  ro code   0x800'4d6a     0x4  main.o [1]
  .text                  ro code   0x800'4d6e    0x1e  main.o [1]
  .text                  ro code   0x800'4d8c     0x4  main.o [1]
  .text                  ro code   0x800'4d90    0xa6  main.o [1]
  .text                  ro code   0x800'4e36    0x10  main.o [1]
  .text                  ro code   0x800'4e46     0x8  main.o [1]
  .text                  ro code   0x800'4e50    0x18  main.o [1]
  .text                  ro code   0x800'4e68    0x24  main.o [1]
  .text                  ro code   0x800'4e8c    0x28  main.o [1]
  .text                  ro code   0x800'4eb4    0x50  ios.instantiations.o [9]
  .text                  ro code   0x800'4f04    0x66  string.o [9]
  .text                  ro code   0x800'4f6a     0x2  main.o [1]
  .text                  ro code   0x800'4f6c    0x20  main.o [1]
  .text                  ro code   0x800'4f8c     0x2  ios.instantiations.o [9]
  .text                  ro code   0x800'4f8e     0x2  AllMode.o [4]
  .text                  ro code   0x800'4f90     0x2  main.o [1]
  .text                  ro code   0x800'4f92    0x1e  main.o [1]
  .text                  ro code   0x800'4fb0     0xa  main.o [1]
  .text                  ro code   0x800'4fbc    0xc4  string.o [9]
  .text                  ro code   0x800'5080    0x1e  main.o [1]
  .text                  ro code   0x800'50a0    0x10  main.o [1]
  .text                  ro code   0x800'50b0     0xc  main.o [1]
  .text                  ro code   0x800'50bc     0x8  main.o [1]
  .text                  ro code   0x800'50c4     0x4  main.o [1]
  .text                  ro code   0x800'50c8     0xa  main.o [1]
  .text                  ro code   0x800'50d2    0x24  main.o [1]
  .text                  ro code   0x800'50f6     0xc  main.o [1]
  .text                  ro code   0x800'5102     0x8  main.o [1]
  .text                  ro code   0x800'510a     0xc  main.o [1]
  .text                  ro code   0x800'5116     0x8  main.o [1]
  .text                  ro code   0x800'511e    0x16  main.o [1]
  .text                  ro code   0x800'5134     0x4  ios.instantiations.o [9]
  .text                  ro code   0x800'5138     0x4  string.o [9]
  .text                  ro code   0x800'513c    0x14  ios.instantiations.o [9]
  .text                  ro code   0x800'5150     0xe  string.o [9]
  .text                  ro code   0x800'5160    0x18  ios.instantiations.o [9]
  .text                  ro code   0x800'5178     0xc  main.o [1]
  .text                  ro code   0x800'5184     0x4  main.o [1]
  .text                  ro code   0x800'5188    0x88  main.o [1]
  .text                  ro code   0x800'5210     0xc  main.o [1]
  .text                  ro code   0x800'521c    0x24  ios.instantiations.o [9]
  .text                  ro code   0x800'5240     0x8  main.o [1]
  .text                  ro code   0x800'5248    0x20  main.o [1]
  .text                  ro code   0x800'5268     0x2  main.o [1]
  .text                  ro code   0x800'526a     0x4  main.o [1]
  .text                  ro code   0x800'5270    0x66  ABImemset.o [12]
  .text                  ro code   0x800'52d8   0x200  locale.o [9]
  .text                  ro code   0x800'54d8    0x18  locale.o [9]
  .text                  ro code   0x800'54f0     0xa  locale.o [9]
  .text                  ro code   0x800'54fc   0x174  locale.o [9]
  .text                  ro code   0x800'5670   0x158  locale.o [9]
  .text                  ro code   0x800'57c8    0x14  locale.o [9]
  .text                  ro code   0x800'57dc    0xd8  xfspos.o [8]
  .text                  ro code   0x800'58b4    0xac  fflush.o [8]
  .text                  ro code   0x800'5960     0xc  xfgpos.o [8]
  .text                  ro code   0x800'596c    0x4e  lseek.o [13]
  .text                  ro code   0x800'59ba    0x10  write.o [13]
  .text                  ro code   0x800'59cc    0xcc  XShHandles.o [8]
  .text                  ro code   0x800'5a98    0x1e  dwrite.o [13]
  .text                  ro code   0x800'5ab6    0x20  iarwstd.o [13]
  .text                  ro code   0x800'5ad6    0x22  iarwrite.o [13]
  .text                  ro code   0x800'5af8    0xce  ios.instantiations.o [9]
  .text                  ro code   0x800'5bc6    0x5a  string.o [9]
  .text                  ro code   0x800'5c20    0x36  string.o [9]
  .text                  ro code   0x800'5c56     0x8  ios.instantiations.o [9]
  .text                  ro code   0x800'5c5e    0x20  ios.instantiations.o [9]
  .text                  ro code   0x800'5c80    0xa0  string.o [9]
  .text                  ro code   0x800'5d20    0x5e  string.o [9]
  .text                  ro code   0x800'5d7e    0xb8  fwrite.o [8]
  .text                  ro code   0x800'5e36    0xb4  xfwprep.o [8]
  .text                  ro code   0x800'5eea    0x24  fseek.o [8]
  .text                  ro code   0x800'5f0e    0xae  iostream_cout.o [9]
  .text                  ro code   0x800'5fbc    0x98  iostream_cout.o [9]
  .text                  ro code   0x800'6054    0x44  iostream_cout.o [9]
  .text                  ro code   0x800'6098    0x90  locale.o [9]
  .text                  ro code   0x800'6128    0x8c  xfofind.o [8]
  .text                  ro code   0x800'61b4    0x7e  fclose.o [8]
  .text                  ro code   0x800'6232    0x18  close.o [13]
  .text                  ro code   0x800'624a    0x14  remove.o [13]
  .text                  ro code   0x800'625e    0x68  ios.instantiations.o [9]
  .text                  ro code   0x800'62c6    0x60  ios.instantiations.o [9]
  .rodata                const     0x800'6328    0x54  locale.o [9]
  .rodata                const     0x800'637c    0x54  locale.o [9]
  .text                  ro code   0x800'63d0    0x54  fputc.o [8]
  .rodata                const     0x800'6424    0x48  xlocale_c.o [8]
  .text                  ro code   0x800'646c    0x48  iostream_cout.o [9]
  .rodata                const     0x800'64b4    0x44  locale.o [9]
  .text                  ro code   0x800'64f8    0x44  iar_newlocale.o [9]
  .rodata                const     0x800'653c    0x40  ios.instantiations.o [9]
  .rodata                const     0x800'657c    0x40  ios.instantiations.o [9]
  .rodata                const     0x800'65bc    0x40  locale.o [9]
  .rodata                const     0x800'65fc    0x40  locale.o [9]
  .rodata                const     0x800'663c    0x40  iostream_cout.o [9]
  .text                  ro code   0x800'667c    0x40  startup.o [1]
  .text                  ro code   0x800'66bc    0x22  fpinit_M.o [11]
  .text                  ro code   0x800'66e0    0x1e  cmain.o [12]
  .text                  ro code   0x800'66fe     0x4  low_level_init.o [8]
  .text                  ro code   0x800'6704    0x28  data_init.o [12]
  .text                  ro code   0x800'672c     0x4  exit.o [8]
  .text                  ro code   0x800'6730    0x12  cexit.o [12]
  .text                  ro code   0x800'6744    0x40  xcloseall.o [8]
  .text                  ro code   0x800'6784    0x40  iostream_cout.o [9]
  .rodata                const     0x800'67c4    0x38  locale.o [9]
  .rodata                const     0x800'67fc    0x38  locale.o [9]
  .rodata                const     0x800'6834    0x38  locale.o [9]
  .rodata                const     0x800'686c    0x38  locale.o [9]
  .rodata                const     0x800'68a4    0x38  xlocale_c.o [8]
  .text                  ro code   0x800'68dc    0x38  zero_init3.o [12]
  .rodata                const     0x800'6914    0x34  locale.o [9]
  .rodata                const     0x800'6948    0x34  locale.o [9]
  .rodata                const     0x800'697c    0x34  locale.o [9]
  .rodata                const     0x800'69b0    0x30  locale.o [9]
  .rodata                const     0x800'69e0    0x30  locale.o [9]
  .rodata                const     0x800'6a10    0x30  locale.o [9]
  .rodata                const     0x800'6a40    0x30  locale.o [9]
  .text                  ro code   0x800'6a70    0x30  main.o [1]
  .text                  ro code   0x800'6aa0     0x4  main.o [1]
  .text                  ro code   0x800'6aa4    0x2e  main.o [1]
  .text                  ro code   0x800'6ad2    0x2a  AllMode.o [4]
  .rodata                const     0x800'6afc    0x28  ios.instantiations.o [9]
  .rodata                const     0x800'6b24    0x28  ios.instantiations.o [9]
  .rodata                const     0x800'6b4c    0x28  locale.o [9]
  .rodata                const     0x800'6b74    0x28  locale.o [9]
  .text                  ro code   0x800'6b9c    0x26  iar_newlocale.o [9]
  .rodata                const     0x800'6bc4    0x24  locale.o [9]
  .rodata                const     0x800'6be8    0x24  locale.o [9]
  .iar.init_table        const     0x800'6c0c    0x24  - Linker created -
  .rodata                const     0x800'6c30    0x20  main.o [1]
  .rodata                const     0x800'6c50    0x20  main.o [1]
  .rodata                const     0x800'6c70    0x20  main.o [1]
  .rodata                const     0x800'6c90    0x20  main.o [1]
  .rodata                const     0x800'6cb0    0x20  main.o [1]
  .rodata                const     0x800'6cd0    0x20  locale.o [9]
  .rodata                const     0x800'6cf0    0x20  locale.o [9]
  .rodata                const     0x800'6d10    0x20  locale.o [9]
  .rodata                const     0x800'6d30    0x20  locale.o [9]
  .text                  ro code   0x800'6d50    0x20  cmain_call_ctors.o [12]
  .text                  ro code   0x800'6d70    0x1e  locale.o [9]
  .text                  ro code   0x800'6d8e    0x1e  locale.o [9]
  .rodata                const     0x800'6dac    0x1c  Button.o [2]
  .rodata                const     0x800'6dc8    0x1c  locale.o [9]
  .rodata                const     0x800'6de4    0x1c  locale.o [9]
  .rodata                const     0x800'6e00    0x1c  locale.o [9]
  .rodata                const     0x800'6e1c    0x1c  locale.o [9]
  .text                  ro code   0x800'6e38    0x1c  startup.o [1]
  .text                  ro code   0x800'6e54    0x10  startup.o [1]
  .text                  ro code   0x800'6e64    0x1c  locale.o [9]
  .rodata                const     0x800'6e80    0x18  locale.o [9]
  .rodata                const     0x800'6e98    0x18  locale.o [9]
  .text                  ro code   0x800'6eb0    0x18  startup.o [1]
  .text                  ro code   0x800'6ec8    0x10  startup.o [1]
  .text                  ro code   0x800'6ed8    0x10  startup.o [1]
  .rodata                const     0x800'6ee8    0x14  ios.instantiations.o [9]
  .rodata                const     0x800'6efc    0x14  ios.instantiations.o [9]
  .rodata                const     0x800'6f10    0x14  locale.o [9]
  .rodata                const     0x800'6f24    0x14  locale.o [9]
  .text                  ro code   0x800'6f38    0x14  locale.o [9]
  .text                  ro code   0x800'6f4c    0x14  locale.o [9]
  .text                  ro code   0x800'6f60    0x14  locale.o [9]
  .text                  ro code   0x800'6f74    0x14  locale.o [9]
  .text                  ro code   0x800'6f88    0x14  locale.o [9]
  .text                  ro code   0x800'6f9c    0x14  locale.o [9]
  .text                  ro code   0x800'6fb0    0x14  locale.o [9]
  .text                  ro code   0x800'6fc4    0x14  locale.o [9]
  .text                  ro code   0x800'6fd8    0x14  locale.o [9]
  .text                  ro code   0x800'6fec    0x14  locale.o [9]
  .text                  ro code   0x800'7000    0x14  locale.o [9]
  .text                  ro code   0x800'7014    0x14  locale.o [9]
  .text                  ro code   0x800'7028    0x14  locale.o [9]
  .text                  ro code   0x800'703c    0x14  locale.o [9]
  .text                  ro code   0x800'7050    0x14  locale.o [9]
  .text                  ro code   0x800'7064    0x14  locale.o [9]
  .text                  ro code   0x800'7078    0x14  locale.o [9]
  .text                  ro code   0x800'708c    0x14  locale.o [9]
  .text                  ro code   0x800'70a0    0x14  locale.o [9]
  .text                  ro code   0x800'70b4    0x14  locale.o [9]
  .rodata                const     0x800'70c8    0x10  AllMode.o [4]
  .rodata                const     0x800'70d8    0x10  AllMode.o [4]
  .rodata                const     0x800'70e8    0x10  ChessMode.o [5]
  .rodata                const     0x800'70f8    0x10  Led.o [3]
  .rodata                const     0x800'7108    0x10  SlideMode.o [6]
  .rodata                const     0x800'7118    0x10  TreeMode.o [7]
  .rodata                const     0x800'7128    0x10  ios.instantiations.o [9]
  .rodata                const     0x800'7138    0x10  ios.instantiations.o [9]
  .rodata                const     0x800'7148    0x10  locale.o [9]
  .rodata                const     0x800'7158    0x10  ios.o [9]
  .text                  ro code   0x800'7168    0x10  main.o [1]
  .text                  ro code   0x800'7178    0x10  main.o [1]
  .text                  ro code   0x800'7188    0x10  main.o [1]
  .text                  ro code   0x800'7198     0xc  main.o [1]
  .text                  ro code   0x800'71a4     0xc  main.o [1]
  .text                  ro code   0x800'71b0    0x10  main.o [1]
  .text                  ro code   0x800'71c0     0xc  main.o [1]
  .text                  ro code   0x800'71cc     0xc  main.o [1]
  .text                  ro code   0x800'71d8    0x10  main.o [1]
  .text                  ro code   0x800'71e8    0x10  main.o [1]
  .text                  ro code   0x800'71f8    0x10  main.o [1]
  SHT$$PREINIT_ARRAY               0x800'7208     0x4  <Block>
    .preinit_array       const     0x800'7208     0x4  iostream_cout.o [9]
  SHT$$INIT_ARRAY                  0x800'720c     0xc  <Block>
    .init_array          const     0x800'720c     0x4  main.o [1]
    .init_array          const     0x800'7210     0x4  startup.o [1]
    .init_array          const     0x800'7214     0x4  iar_newlocale.o [9]
  __iar_tls$$INIT_ARRAY            0x800'7218     0x0  <Block>
  .text                  ro code   0x800'7218     0xe  main.o [1]
  .text                  ro code   0x800'7228     0xc  main.o [1]
  .text                  ro code   0x800'7234     0xe  main.o [1]
  .text                  ro code   0x800'7244     0xc  main.o [1]
  .text                  ro code   0x800'7250     0xe  main.o [1]
  .text                  ro code   0x800'725e     0xe  main.o [1]
  .text                  ro code   0x800'726c     0xe  main.o [1]
  .text                  ro code   0x800'727a     0xe  ios.instantiations.o [9]
  .text                  ro code   0x800'7288     0xe  iar_newlocale.o [9]
  .rodata                const     0x800'7298     0xc  main.o [1]
  .rodata                const     0x800'72a4     0xc  main.o [1]
  .text                  ro code   0x800'72b0     0xc  main.o [1]
  .text                  ro code   0x800'72bc     0xc  main.o [1]
  .text                  ro code   0x800'72c8     0xc  main.o [1]
  .text                  ro code   0x800'72d4     0xc  iostream_cout.o [9]
  .text                  ro code   0x800'72e0     0xa  main.o [1]
  .text                  ro code   0x800'72ea     0xa  main.o [1]
  .rodata                const     0x800'72f4     0x8  main.o [1]
  .rodata                const     0x800'72fc     0x8  main.o [1]
  .rodata                const     0x800'7304     0x8  main.o [1]
  .rodata                const     0x800'730c     0x8  main.o [1]
  .rodata                const     0x800'7314     0x8  main.o [1]
  .rodata                const     0x800'731c     0x8  ios.instantiations.o [9]
  .text                  ro code   0x800'7324     0x8  main.o [1]
  .text                  ro code   0x800'732c     0x6  main.o [1]
  .text                  ro code   0x800'7332     0x6  main.o [1]
  .text                  ro code   0x800'7338     0x6  main.o [1]
  .text                  ro code   0x800'733e     0x6  main.o [1]
  .text                  ro code   0x800'7344     0x6  main.o [1]
  .text                  ro code   0x800'734a     0x4  ios.instantiations.o [9]
  .text                  ro code   0x800'7350     0x0  cstart_call_dtors.o [12]
  .text                  ro code   0x800'7350     0x0  cstart_closeall.o [12]
  .rodata                const     0x800'7350     0x0  zero_init3.o [12]
  .rodata                const     0x800'7350     0x0  lz77_init_single.o [12]
  Initializer bytes      const     0x800'7350    0x8c  <for P2-1>
                                 - 0x800'73dc  0x7240

"P2", part 1 of 3:                              0x188
  P2-1                            0x2000'0000   0x188  <Init block>
    .data                inited   0x2000'0000    0x10  main.o [1]
    .data                inited   0x2000'0010    0x10  main.o [1]
    .data                inited   0x2000'0020    0x48  xfiles.o [8]
    .data                inited   0x2000'0068    0x48  xfiles.o [8]
    .data                inited   0x2000'00b0    0x48  xfiles.o [8]
    .data                inited   0x2000'00f8    0x20  xfiles.o [8]
    .data                inited   0x2000'0118    0x38  xlocale_c.o [8]
    .data                inited   0x2000'0150    0x18  xlocale_c.o [8]
    .data                inited   0x2000'0168    0x18  xlocale_c.o [8]
    .data                inited   0x2000'0180     0x8  XShttio.o [8]
                                - 0x2000'0188   0x188

"P2", part 2 of 3:                              0x558
  .bss                   zero     0x2000'0188   0x178  locale.o [9]
  .bss                   zero     0x2000'0300    0xb0  locale.o [9]
  .bss                   zero     0x2000'03b0    0x90  iostream_cout.o [9]
  .bss                   zero     0x2000'0440    0x80  XShHandles.o [8]
  .bss                   zero     0x2000'04c0    0x50  xfiles.o [8]
  .bss                   zero     0x2000'0510    0x50  xfiles.o [8]
  .bss                   zero     0x2000'0560    0x20  main.o [1]
  .bss                   zero     0x2000'0580    0x1c  iar_newlocale.o [9]
  .bss                   zero     0x2000'059c    0x10  main.o [1]
  .bss                   zero     0x2000'05ac     0xc  main.o [1]
  .bss                   zero     0x2000'05b8     0xc  main.o [1]
  .bss                   zero     0x2000'05c4     0xc  main.o [1]
  .bss                   zero     0x2000'05d0     0xc  locale.o [9]
  .bss                   zero     0x2000'05dc     0x8  main.o [1]
  .bss                   zero     0x2000'05e4     0x8  main.o [1]
  .bss                   zero     0x2000'05ec     0x8  main.o [1]
  .bss                   zero     0x2000'05f4     0x8  main.o [1]
  .bss                   zero     0x2000'05fc     0x8  main.o [1]
  .bss                   zero     0x2000'0604     0x8  main.o [1]
  .bss                   zero     0x2000'060c     0x8  locale.o [9]
  .bss                   zero     0x2000'0614     0x8  locale.o [9]
  .bss                   zero     0x2000'061c     0x8  locale.o [9]
  .bss                   zero     0x2000'0624     0x8  locale.o [9]
  .bss                   zero     0x2000'062c     0x8  locale.o [9]
  .bss                   zero     0x2000'0634     0x8  locale.o [9]
  .bss                   zero     0x2000'063c     0x8  locale.o [9]
  .bss                   zero     0x2000'0644     0x8  locale.o [9]
  .bss                   zero     0x2000'064c     0x8  locale.o [9]
  .bss                   zero     0x2000'0654     0x8  locale.o [9]
  .bss                   zero     0x2000'065c     0x8  locale.o [9]
  .bss                   zero     0x2000'0664     0x8  locale.o [9]
  .bss                   zero     0x2000'066c     0x8  locale.o [9]
  .bss                   zero     0x2000'0674     0x8  locale.o [9]
  .bss                   zero     0x2000'067c     0x8  locale.o [9]
  .bss                   zero     0x2000'0684     0x8  locale.o [9]
  .bss                   zero     0x2000'068c     0x8  locale.o [9]
  .bss                   zero     0x2000'0694     0x8  locale.o [9]
  .bss                   zero     0x2000'069c     0x8  locale.o [9]
  .bss                   zero     0x2000'06a4     0x8  locale.o [9]
  .bss                   zero     0x2000'06ac     0x8  locale.o [9]
  .bss                   zero     0x2000'06b4     0x8  heap0.o [8]
  .bss                   zero     0x2000'06bc     0x4  main.o [1]
  .bss                   zero     0x2000'06c0     0x4  locale.o [9]
  .bss                   zero     0x2000'06c4     0x4  cppinit.o [8]
  .bss                   zero     0x2000'06c8     0x4  cppinit.o [8]
  .bss                   zero     0x2000'06cc     0x4  new.o [10]
  .bss                   zero     0x2000'06d0     0x4  xgetmemchunk.o [8]
  .bss                   zero     0x2000'06d4     0x4  xfail_s.o [8]
  .tbss                  zero     0x2000'06d8     0x4  errno.o [8]
  .bss                   zero     0x2000'06dc     0x1  main.o [1]
  .bss                   zero     0x2000'06dd     0x1  main.o [1]
                                - 0x2000'06de   0x556

"P2", part 3 of 3:                             0x41d8
  .iar.dynexit                    0x2000'06e0   0x1d4  <Block>
    .iar.dynexit         uninit   0x2000'06e0     0xc  cppinit.o [8]
    .iar.dynexit         uninit   0x2000'06ec   0x1c8  <Block tail>
  CSTACK                          0x2000'08b8  0x2000  <Block>
    CSTACK               uninit   0x2000'08b8  0x2000  <Block tail>
  HEAP                            0x2000'28b8  0x2000  <Block>
    HEAP                 uninit   0x2000'28b8  0x2000  <Block tail>
                                - 0x2000'48b8  0x41d8

Unused ranges:

         From           To      Size
         ----           --      ----
   0x800'73dc   0x803'ffff  0x3'8c24
  0x2000'48b8  0x2001'ffff  0x1'b748


*******************************************************************************
*** INIT TABLE
***

          Address      Size
          -------      ----
Zero (__iar_zero_init3)
    1 destination range, total size 0x556:
          0x2000'0188  0x556

Copy/lz77 (__iar_lz77_init_single3)
    1 source range, total size 0x8c (35% of destination):
           0x800'7350   0x8c
    1 destination range, total size 0x188:
          0x2000'0000  0x188

Extra (__iar_cstart_call_ctors)



*******************************************************************************
*** MODULE SUMMARY
***

    Module                       ro code  ro data  rw data
    ------                       -------  -------  -------
command line/config:
    ------------------------------------------------------
    Total:

D:\POIP\POIP-8-sem-\Lab_4\Debug\Obj: [1]
    main.o                         4'772      239      170
    startup.o                        172      416
    ------------------------------------------------------
    Total:                         4'944      655      170

D:\POIP\POIP-8-sem-\Lab_4\Debug\Obj\Components\Button: [2]
    Button.o                         176       28
    ------------------------------------------------------
    Total:                           176       28

D:\POIP\POIP-8-sem-\Lab_4\Debug\Obj\Components\LED: [3]
    Led.o                             70       16
    ------------------------------------------------------
    Total:                            70       16

D:\POIP\POIP-8-sem-\Lab_4\Debug\Obj\Modes\AllMode: [4]
    AllMode.o                        148       32
    ------------------------------------------------------
    Total:                           148       32

D:\POIP\POIP-8-sem-\Lab_4\Debug\Obj\Modes\ChessMode: [5]
    ChessMode.o                       88       16
    ------------------------------------------------------
    Total:                            88       16

D:\POIP\POIP-8-sem-\Lab_4\Debug\Obj\Modes\SlideMode: [6]
    SlideMode.o                      160       16
    ------------------------------------------------------
    Total:                           160       16

D:\POIP\POIP-8-sem-\Lab_4\Debug\Obj\Modes\TreeMode: [7]
    TreeMode.o                        80       16
    ------------------------------------------------------
    Total:                            80       16

dl7M_tlf.a: [8]
    XShHandles.o                     204               128
    XShttio.o                          8        3        8
    abort.o                            6
    cppinit.o                        160                20
    errno.o                           36                 4
    exit.o                             4
    fclose.o                         126
    fflush.o                         172
    fputc.o                           84
    fseek.o                           36
    fwrite.o                         184
    heap0.o                          592                 8
    heaptramp0.o                       4
    low_level_init.o                   4
    tp_nothreads.o                     4
    vsnprint.o                        60
    xcloseall.o                       64
    xfail_s.o                         64                 4
    xfgpos.o                          12
    xfiles.o                                   89      408
    xfofind.o                        140
    xfspos.o                         216
    xfwprep.o                        180
    xgetmemchunk.o                    44                 4
    xlocale_c.o                       24      170      104
    xprintffull_nomb.o             3'754
    xsnprout.o                        26
    ------------------------------------------------------
    Total:                         6'208      262      688

dllibcpp7M_tls_fc.a: [9]
    iar_locale.o                     150
    iar_newlocale.o                  776        4       28
    ios.instantiations.o           1'450      288
    ios.o                            180       16
    iostream_cout.o                  542       68      144
    locale.o                       5'580    2'459      736
    memory.o                           2
    mutex.o                           24
    string.o                         980
    vector.o                           4
    ------------------------------------------------------
    Total:                         9'688    2'835      908

dlpprt7M_tl_fc.a: [10]
    cxxabi.o                          10
    delaop_0.o                         4
    delop4_0.o                         4
    delop6_0.o                         4
    delop_0.o                         10
    new.o                                                4
    newop3_0.o                        40
    newop_0.o                         36
    nomemory.o                         4
    ------------------------------------------------------
    Total:                           112                 4

m7M_tls.a: [11]
    DblAddSub.o                      590
    DblCmpGe.o                        52
    DblCmpLe.o                        52
    DblDiv.o                         582
    DblMul.o                         426
    DblToS32.o                        54
    DblToU32.o                        34
    FltToDbl.o                        72
    S32ToDbl.o                        34
    U32ToDbl.o                        28
    fpinit_M.o                        34
    frexp.o                          112
    ldexp.o                          314
    ------------------------------------------------------
    Total:                         2'384

rt7M_tl.a: [12]
    ABImemcpy_unaligned.o            118
    ABImemset.o                      102
    I64DivMod.o                      560
    I64DivZer.o                        2
    arm_exceptions_uncaught_c.o        4
    cexit.o                           18
    cmain.o                           30
    cmain_call_ctors.o                32
    cstart_call_dtors.o
    cstart_closeall.o
    data_init.o                       40
    lz77_init_single.o               126
    memchr.o                          88
    strchr.o                          22
    strlen.o                          54
    zero_init3.o                      56
    ------------------------------------------------------
    Total:                         1'252

shb_l.a: [13]
    close.o                           24
    dwrite.o                          30
    exit.o                            20
    iarttio.o                        124
    iarwrite.o                        34
    iarwstd.o                         32
    lseek.o                           78
    remove.o                          20
    unwind_debug.o                              1
    write.o                           16
    ------------------------------------------------------
    Total:                           378        1

    Gaps                              53        6
    Linker created                             36   16'840
----------------------------------------------------------
    Grand Total:                  25'741    3'919   18'610


*******************************************************************************
*** ENTRY LIST
***

Entry                       Address   Size  Type      Object
-----                       -------   ----  ----      ------
.iar.dynexit$$Base      0x2000'06e0          --   Gb  - Linker created -
.iar.dynexit$$Limit     0x2000'08b4          --   Gb  - Linker created -
.iar.init_table$$Base    0x800'6c0c          --   Gb  - Linker created -
.iar.init_table$$Limit   0x800'6c30          --   Gb  - Linker created -
?main                    0x800'66e1         Code  Gb  cmain.o [12]
Aldata                  0x2000'06b4    0x8  Data  Lc  heap0.o [8]
AllMode::AllMode(std::array<ILed *, (unsigned int)4> const &)
                         0x800'3f4d   0x12  Code  Gb  AllMode.o [4]
Button::AddObserver(IButtonObserver &)
                         0x800'3f37   0x16  Code  Gb  Button.o [2]
Button::Button(IPinReadable const &)
                         0x800'3ebd   0x2a  Code  Gb  Button.o [2]
Button::IsPressed() const
                         0x800'3eed   0x4a  Code  Gb  Button.o [2]
CSTACK$$Base            0x2000'08b8          --   Gb  - Linker created -
CSTACK$$Limit           0x2000'28b8          --   Gb  - Linker created -
ChessMode::ChessMode(std::array<ILed *, (unsigned int)4> const &)
                         0x800'3f65   0x18  Code  Gb  ChessMode.o [5]
ChessMode::Clear()       0x800'3f81   0x2a  Code  Gb  ChessMode.o [5]
Delay(unsigned int)      0x800'3b9d   0x16  Code  Gb  main.o [1]
DtorRecArray            0x2000'06e0    0xc  Data  Lc  cppinit.o [8]
Garland::Garland(std::array<IMode *, (unsigned int)4> const &)
                         0x800'409d   0x20  Code  Wk  main.o [1]
Garland::OnButtonPress()
                         0x800'7325    0x8  Code  Wk  main.o [1]
Garland::SwitchNextMode()
                         0x800'6a71   0x30  Code  Wk  main.o [1]
Garland::UpdateCurrentMode() const
                         0x800'4381   0x14  Code  Wk  main.o [1]
HEAP$$Base              0x2000'28b8          --   Gb  - Linker created -
HEAP$$Limit             0x2000'48b8          --   Gb  - Linker created -
IButton::IButton()       0x800'4b99    0x2  Code  Wk  Button.o [2]
IButton::IButton() [subobject]
                         0x800'471d    0x8  Code  Wk  Button.o [2]
IButtonObserver::IButtonObserver()
                         0x800'4bbf    0x2  Code  Wk  main.o [1]
IButtonObserver::IButtonObserver() [subobject]
                         0x800'4779    0x8  Code  Wk  main.o [1]
ILed::ILed()             0x800'4b97    0x2  Code  Wk  Led.o [3]
ILed::ILed() [subobject]
                         0x800'4715    0x8  Code  Wk  Led.o [3]
IMode::Clear()           0x800'474f   0x2a  Code  Wk  AllMode.o [4]
IMode::IMode(std::array<ILed *, (unsigned int)4> const &)
                         0x800'4b9d    0xc  Code  Wk  AllMode.o [4]
IMode::IMode(std::array<ILed *, (unsigned int)4> const &) [subobject]
                         0x800'4739    0x8  Code  Wk  AllMode.o [4]
IMode::Update()          0x800'6ad3   0x2a  Code  Wk  AllMode.o [4]
IObservable::IObservable()
                         0x800'4b9b    0x2  Code  Wk  Button.o [2]
IObservable::IObservable() [subobject]
                         0x800'4725    0x8  Code  Wk  Button.o [2]
Initialization guard variable for Sender<USART2>::localString
                        0x2000'06dc    0x1  Data  Wk  main.o [1]
InterruptHandler::DummyHandler()
                         0x800'14af    0x2  Code  Wk  startup.o [1]
InterruptHandler::SystemTimerHandler()
                         0x800'1947    0x2  Code  Wk  startup.o [1]
InterruptHandler::Timer2Handler()
                         0x800'196b    0x2  Code  Wk  startup.o [1]
InterruptHandler::Timer5Handler()
                         0x800'6e39   0x1c  Code  Wk  startup.o [1]
InterruptHandler::USART2Handler()
                         0x800'6eb1   0x18  Code  Wk  startup.o [1]
InterruptHandler::USART6Handler()
                         0x800'16ff    0x2  Code  Wk  startup.o [1]
Led::Led(IPin const &)   0x800'3e81   0x16  Code  Gb  Led.o [3]
Led::SwithOff() const    0x800'3e9d   0x10  Code  Gb  Led.o [3]
Led::Toggle() const      0x800'3ead   0x10  Code  Gb  Led.o [3]
Pin<GPIOA, (int)5>::IsHigh() const
                         0x800'7219    0xe  Code  Wk  main.o [1]
Pin<GPIOA, (int)5>::Reset() const
                         0x800'7189   0x10  Code  Wk  main.o [1]
Pin<GPIOA, (int)5>::Toggle() const
                         0x800'72e1    0xa  Code  Wk  main.o [1]
Pin<GPIOC, (int)13>::IsHigh() const
                         0x800'726d    0xe  Code  Wk  main.o [1]
Pin<GPIOC, (int)13>::Reset() const
                         0x800'71f9   0x10  Code  Wk  main.o [1]
Pin<GPIOC, (int)13>::Toggle() const
                         0x800'72c9    0xc  Code  Wk  main.o [1]
Pin<GPIOC, (int)5>::IsHigh() const
                         0x800'7235    0xe  Code  Wk  main.o [1]
Pin<GPIOC, (int)5>::Reset() const
                         0x800'71b1   0x10  Code  Wk  main.o [1]
Pin<GPIOC, (int)5>::Toggle() const
                         0x800'72eb    0xa  Code  Wk  main.o [1]
Pin<GPIOC, (int)8>::IsHigh() const
                         0x800'7251    0xe  Code  Wk  main.o [1]
Pin<GPIOC, (int)8>::Reset() const
                         0x800'71d9   0x10  Code  Wk  main.o [1]
Pin<GPIOC, (int)8>::Toggle() const
                         0x800'72b1    0xc  Code  Wk  main.o [1]
Pin<GPIOC, (int)9>::IsHigh() const
                         0x800'725f    0xe  Code  Wk  main.o [1]
Pin<GPIOC, (int)9>::Reset() const
                         0x800'71e9   0x10  Code  Wk  main.o [1]
Pin<GPIOC, (int)9>::Toggle() const
                         0x800'72bd    0xc  Code  Wk  main.o [1]
Region$$Table$$Base      0x800'6c0c          --   Gb  - Linker created -
Region$$Table$$Limit     0x800'6c30          --   Gb  - Linker created -
SHT$$INIT_ARRAY$$Base    0x800'720c          --   Gb  - Linker created -
SHT$$INIT_ARRAY$$Limit   0x800'7218          --   Gb  - Linker created -
SHT$$PREINIT_ARRAY$$Base
                         0x800'7208          --   Gb  - Linker created -
SHT$$PREINIT_ARRAY$$Limit
                         0x800'720c          --   Gb  - Linker created -
Sender<USART2>::Send(std::string)
                         0x800'4395   0x28  Code  Wk  main.o [1]
Sender<USART2>::SendOneSymbol()
                         0x800'4809   0x40  Code  Wk  main.o [1]
Sender<USART2>::i       0x2000'06bc    0x4  Data  Wk  main.o [1]
Sender<USART2>::localString
                        0x2000'05ac    0xc  Data  Wk  main.o [1]
SlideMode::SlideMode(std::array<ILed *, (unsigned int)4> const &)
                         0x800'3ffd   0x20  Code  Gb  SlideMode.o [6]
SlideMode::Update()      0x800'4021   0x7c  Code  Gb  SlideMode.o [6]
Thunk for (offset -4) Pin<GPIOA, (int)5>::IsHigh() const
                         0x800'732d    0x6  Code  Wk  main.o [1]
Thunk for (offset -4) Pin<GPIOC, (int)13>::IsHigh() const
                         0x800'7345    0x6  Code  Wk  main.o [1]
Thunk for (offset -4) Pin<GPIOC, (int)5>::IsHigh() const
                         0x800'7333    0x6  Code  Wk  main.o [1]
Thunk for (offset -4) Pin<GPIOC, (int)8>::IsHigh() const
                         0x800'7339    0x6  Code  Wk  main.o [1]
Thunk for (offset -4) Pin<GPIOC, (int)9>::IsHigh() const
                         0x800'733f    0x6  Code  Wk  main.o [1]
TreeMode::TreeMode(std::array<ILed *, (unsigned int)4> const &)
                         0x800'3fad   0x1c  Code  Gb  TreeMode.o [7]
TreeMode::Update()       0x800'3fcd   0x30  Code  Gb  TreeMode.o [7]
Virtual function table for AllMode
                         0x800'70d8   0x10  Data  Wk  AllMode.o [4]
Virtual function table for Button
                         0x800'6dac   0x1c  Data  Wk  Button.o [2]
Virtual function table for ChessMode
                         0x800'70e8   0x10  Data  Wk  ChessMode.o [5]
Virtual function table for Garland
                         0x800'7298    0xc  Data  Wk  main.o [1]
Virtual function table for IMode
                         0x800'70c8   0x10  Data  Wk  AllMode.o [4]
Virtual function table for Led
                         0x800'70f8   0x10  Data  Wk  Led.o [3]
Virtual function table for Pin<GPIOA, (int)5>
                         0x800'6c30   0x20  Data  Wk  main.o [1]
Virtual function table for Pin<GPIOC, (int)13>
                         0x800'6cb0   0x20  Data  Wk  main.o [1]
Virtual function table for Pin<GPIOC, (int)5>
                         0x800'6c50   0x20  Data  Wk  main.o [1]
Virtual function table for Pin<GPIOC, (int)8>
                         0x800'6c70   0x20  Data  Wk  main.o [1]
Virtual function table for Pin<GPIOC, (int)9>
                         0x800'6c90   0x20  Data  Wk  main.o [1]
Virtual function table for SlideMode
                         0x800'7108   0x10  Data  Wk  SlideMode.o [6]
Virtual function table for TreeMode
                         0x800'7118   0x10  Data  Wk  TreeMode.o [7]
Virtual function table for std::__stdoutbuf<char>
                         0x800'663c   0x40  Data  Wk  iostream_cout.o [9]
Virtual function table for std::__time_get_c_storage<char>
                         0x800'6bc4   0x24  Data  Wk  locale.o [9]
Virtual function table for std::__time_get_c_storage<wchar_t>
                         0x800'6be8   0x24  Data  Wk  locale.o [9]
Virtual function table for std::basic_ostringstream<char, std::char_traits<char>, std::allocator<char>>
                         0x800'6b24   0x28  Data  Wk  ios.instantiations.o [9]
Virtual function table for std::basic_stringbuf<char, std::char_traits<char>, std::allocator<char>>
                         0x800'657c   0x40  Data  Wk  ios.instantiations.o [9]
Virtual function table for std::codecvt<char, char, _Mbstatet>
                         0x800'69b0   0x30  Data  Wk  locale.o [9]
Virtual function table for std::codecvt<char16_t, char, _Mbstatet>
                         0x800'6a10   0x30  Data  Wk  locale.o [9]
Virtual function table for std::codecvt<char32_t, char, _Mbstatet>
                         0x800'6a40   0x30  Data  Wk  locale.o [9]
Virtual function table for std::codecvt<wchar_t, char, _Mbstatet>
                         0x800'69e0   0x30  Data  Wk  locale.o [9]
Virtual function table for std::collate<char>
                         0x800'6cd0   0x20  Data  Wk  locale.o [9]
Virtual function table for std::collate<wchar_t>
                         0x800'6cf0   0x20  Data  Wk  locale.o [9]
Virtual function table for std::ctype<char>
                         0x800'6914   0x34  Data  Wk  locale.o [9]
Virtual function table for std::ctype<wchar_t>
                         0x800'64b4   0x44  Data  Wk  locale.o [9]
Virtual function table for std::ios
                         0x800'7128   0x10  Data  Wk  ios.instantiations.o [9]
Virtual function table for std::ios in std::ostream in std::basic_ostringstream<char, std::char_traits<char>, std::allocator<char>>
                         0x800'6efc   0x14  Data  Wk  ios.instantiations.o [9]
Virtual function table for std::ios_base
                         0x800'7158   0x10  Data  Wk  ios.o [9]
Virtual function table for std::locale::__imp
                         0x800'6f24   0x14  Data  Wk  locale.o [9]
Virtual function table for std::locale::facet
                         0x800'6f10   0x14  Data  Wk  locale.o [9]
Virtual function table for std::messages<char>
                         0x800'6d10   0x20  Data  Wk  locale.o [9]
Virtual function table for std::messages<wchar_t>
                         0x800'6d30   0x20  Data  Wk  locale.o [9]
Virtual function table for std::money_get<char, std::istreambuf_iterator<char, std::char_traits<char>>>
                         0x800'6dc8   0x1c  Data  Wk  locale.o [9]
Virtual function table for std::money_get<wchar_t, std::istreambuf_iterator<wchar_t, std::char_traits<wchar_t>>>
                         0x800'6de4   0x1c  Data  Wk  locale.o [9]
Virtual function table for std::money_put<char, std::ostreambuf_iterator<char, std::char_traits<char>>>
                         0x800'6e00   0x1c  Data  Wk  locale.o [9]
Virtual function table for std::money_put<wchar_t, std::ostreambuf_iterator<wchar_t, std::char_traits<wchar_t>>>
                         0x800'6e1c   0x1c  Data  Wk  locale.o [9]
Virtual function table for std::moneypunct<char, (bool)0>
                         0x800'67c4   0x38  Data  Wk  locale.o [9]
Virtual function table for std::moneypunct<char, (bool)1>
                         0x800'67fc   0x38  Data  Wk  locale.o [9]
Virtual function table for std::moneypunct<wchar_t, (bool)0>
                         0x800'6834   0x38  Data  Wk  locale.o [9]
Virtual function table for std::moneypunct<wchar_t, (bool)1>
                         0x800'686c   0x38  Data  Wk  locale.o [9]
Virtual function table for std::num_get<char, std::istreambuf_iterator<char, std::char_traits<char>>>
                         0x800'65bc   0x40  Data  Wk  locale.o [9]
Virtual function table for std::num_get<wchar_t, std::istreambuf_iterator<wchar_t, std::char_traits<wchar_t>>>
                         0x800'65fc   0x40  Data  Wk  locale.o [9]
Virtual function table for std::num_put<char, std::ostreambuf_iterator<char, std::char_traits<char>>>
                         0x800'6948   0x34  Data  Wk  locale.o [9]
Virtual function table for std::num_put<wchar_t, std::ostreambuf_iterator<wchar_t, std::char_traits<wchar_t>>>
                         0x800'697c   0x34  Data  Wk  locale.o [9]
Virtual function table for std::numpunct<char>
                         0x800'6b4c   0x28  Data  Wk  locale.o [9]
Virtual function table for std::numpunct<wchar_t>
                         0x800'6b74   0x28  Data  Wk  locale.o [9]
Virtual function table for std::ostream
                         0x800'6afc   0x28  Data  Wk  ios.instantiations.o [9]
Virtual function table for std::ostream in std::basic_ostringstream<char, std::char_traits<char>, std::allocator<char>>
                         0x800'6ee8   0x14  Data  Wk  ios.instantiations.o [9]
Virtual function table for std::streambuf
                         0x800'653c   0x40  Data  Wk  ios.instantiations.o [9]
Virtual function table for std::time_get<char, std::istreambuf_iterator<char, std::char_traits<char>>>
                         0x800'6328   0x54  Data  Wk  locale.o [9]
Virtual function table for std::time_get<wchar_t, std::istreambuf_iterator<wchar_t, std::char_traits<wchar_t>>>
                         0x800'637c   0x54  Data  Wk  locale.o [9]
Virtual function table for std::time_put<char, std::ostreambuf_iterator<char, std::char_traits<char>>>
                         0x800'6e80   0x18  Data  Wk  locale.o [9]
Virtual function table for std::time_put<wchar_t, std::ostreambuf_iterator<wchar_t, std::char_traits<wchar_t>>>
                         0x800'6e98   0x18  Data  Wk  locale.o [9]
Virtual table table for std::basic_ostringstream<char, std::char_traits<char>, std::allocator<char>>
                         0x800'7138   0x10  Data  Wk  ios.instantiations.o [9]
Virtual table table for std::ostream
                         0x800'731c    0x8  Data  Wk  ios.instantiations.o [9]
[local to iar_newlocale_cpp]::std::sLast
                        0x2000'0598    0x4  Data  Lc  iar_newlocale.o [9]
[local to iar_newlocale_cpp]::std::sLastName
                        0x2000'0580    0xc  Data  Lc  iar_newlocale.o [9]
[local to iar_newlocale_cpp]::std::sRefCounts
                        0x2000'058c    0xc  Data  Lc  iar_newlocale.o [9]
[local to iostream_cout_cpp]::std::<unnamed>::__coutg
                        0x2000'0404    0x1  Data  Lc  iostream_cout.o [9]
[local to iostream_cout_cpp]::std::__cout
                        0x2000'0410   0x30  Data  Lc  iostream_cout.o [9]
[local to iostream_cout_cpp]::std::mb_cout
                        0x2000'0408    0x8  Data  Lc  iostream_cout.o [9]
_CProfile               0x2000'0150   0x18  Data  Lc  xlocale_c.o [8]
_Close_all               0x800'6745   0x40  Code  Gb  xcloseall.o [8]
_Files                  0x2000'00f8   0x20  Data  Gb  xfiles.o [8]
_Fofree                  0x800'6129   0x86  Code  Gb  xfofind.o [8]
_Fspos                   0x800'57dd   0xd8  Code  Gb  xfspos.o [8]
_Fwprep                  0x800'5e37   0xb4  Code  Gb  xfwprep.o [8]
_LC                      0x800'019d    0x6  Code  Lc  xprintffull_nomb.o [8]
_LitobFullNoMb           0x800'0e65  0x114  Code  Lc  xprintffull_nomb.o [8]
_LocaleC_lconv           0x800'68a4   0x38  Data  Lc  xlocale_c.o [8]
_Locale_Profile         0x2000'0168   0x18  Data  Lc  xlocale_c.o [8]
_Locale_lconv           0x2000'0118   0x38  Data  Lc  xlocale_c.o [8]
_Nnl                     0x800'5961    0xc  Code  Gb  xfgpos.o [8]
_PrintfFullNoMb          0x800'01a3  0xc92  Code  Gb  xprintffull_nomb.o [8]
_PutcharsFullNoMb        0x800'0fd1   0x2e  Code  Lc  xprintffull_nomb.o [8]
_SNProut                 0x800'10db   0x1a  Code  Gb  xsnprout.o [8]
__aeabi_atexit           0x800'3e77    0xa  Code  Gb  cxxabi.o [10]
__aeabi_cdcmple          0x800'12b1         Code  Gb  DblCmpLe.o [11]
__aeabi_cdrcmple         0x800'12e5         Code  Gb  DblCmpGe.o [11]
__aeabi_d2iz             0x800'1455         Code  Gb  DblToS32.o [11]
__aeabi_d2uiz            0x800'1949         Code  Gb  DblToU32.o [11]
__aeabi_ddiv             0x800'1701         Code  Gb  DblDiv.o [11]
__aeabi_dmul             0x800'1989         Code  Gb  DblMul.o [11]
__aeabi_dsub             0x800'161d         Code  Gb  DblAddSub.o [11]
__aeabi_f2d              0x800'4491         Code  Gb  FltToDbl.o [11]
__aeabi_i2d              0x800'148d         Code  Gb  S32ToDbl.o [11]
__aeabi_ldiv0            0x800'1da9         Code  Gb  I64DivZer.o [12]
__aeabi_memset           0x800'5271         Code  Gb  ABImemset.o [12]
__aeabi_ui2d             0x800'196d         Code  Gb  U32ToDbl.o [11]
__aeabi_uldivmod         0x800'1b4d         Code  Gb  I64DivMod.o [12]
__basic_aligned_alloc    0x800'3103  0x114  Code  Gb  heap0.o [8]
__basic_free             0x800'3079   0x16  Code  Gb  heap0.o [8]
__basic_free_intern      0x800'308f   0x74  Code  Lc  heap0.o [8]
__basic_malloc           0x800'2fcd   0x18  Code  Gb  heap0.o [8]
__basic_malloc_intern    0x800'2fe5   0x94  Code  Lc  heap0.o [8]
__call_ctors             0x800'4675   0x18  Code  Gb  cppinit.o [8]
__call_dtors             0x800'46c3    0xc  Code  Gb  cppinit.o [8]
__call_dtors0            0x800'46cf   0x36  Code  Gb  cppinit.o [8]
__cexit_call_dtors       0x800'6733         Code  Gb  cexit.o [12]
__cexit_closeall         0x800'6737         Code  Gb  cexit.o [12]
__close                  0x800'6233   0x18  Code  Gb  close.o [13]
__cmain                  0x800'66e1         Code  Gb  cmain.o [12]
__cstart_call_dtors      0x800'7350         Data  Gb  cstart_call_dtors.o [12]
__cstart_closeall        0x800'7350         Data  Gb  cstart_closeall.o [12]
__cxa_atexit             0x800'468d   0x36  Code  Gb  cppinit.o [8]
__data_GetMemChunk       0x800'355d   0x2c  Code  Gb  xgetmemchunk.o [8]
__data_GetMemChunk::start
                        0x2000'06d0    0x4  Data  Lc  xgetmemchunk.o [8]
__dso_handle            0x2000'06c8    0x4  Data  Gb  cppinit.o [8]
__dwrite                 0x800'5a99   0x1e  Code  Gb  dwrite.o [13]
__exit                   0x800'1dad   0x14  Code  Gb  exit.o [13]
__iar_CProfile           0x800'1b35    0x4  Code  Gb  xlocale_c.o [8]
__iar_C_Locale           0x800'6424   0x48  Data  Lc  xlocale_c.o [8]
__iar_Errno             0x2000'06d8    0x4  Tls   Gb  errno.o [8]
__iar_Fail_s             0x800'10f5   0x1c  Code  Gb  xfail_s.o [8]
__iar_Memchr             0x800'1171         Code  Gb  memchr.o [12]
__iar_Memset             0x800'5271         Code  Gb  ABImemset.o [12]
__iar_Memset_word        0x800'5279         Code  Gb  ABImemset.o [12]
__iar_Stderr            0x2000'00b0   0x48  Data  Gb  xfiles.o [8]
__iar_Stdin             0x2000'0020   0x48  Data  Gb  xfiles.o [8]
__iar_Stdout            0x2000'0068   0x48  Data  Gb  xfiles.o [8]
__iar_Strchr             0x800'10c5         Code  Gb  strchr.o [12]
__iar_close_ttio         0x800'1dc5   0x2c  Code  Gb  iarttio.o [13]
__iar_cstart_call_ctors
                         0x800'6d51   0x20  Code  Gb  cmain_call_ctors.o [12]
__iar_data_init3         0x800'6705   0x28  Code  Gb  data_init.o [12]
__iar_debug_exceptions   0x800'1b33    0x1  Data  Gb  unwind_debug.o [13]
__iar_errno_set          0x800'1d85    0xe  Code  Gb  errno.o [8]
__iar_errno_set_ERANGE   0x800'1d93    0xc  Code  Gb  errno.o [8]
__iar_frexp              0x800'124d         Code  Gb  frexp.o [11]
__iar_frexpl             0x800'124d         Code  Gb  frexp.o [11]
__iar_get_ttio           0x800'1df1   0x4c  Code  Gb  iarttio.o [13]
__iar_global_Profile     0x800'1b39    0x4  Code  Gb  xlocale_c.o [8]
__iar_init_vfp           0x800'66bd         Code  Gb  fpinit_M.o [11]
__iar_ldexp64            0x800'1319         Code  Gb  ldexp.o [11]
__iar_lookup_ttioh       0x800'1e41    0x8  Code  Gb  XShttio.o [8]
__iar_lz77_init_single3
                         0x800'1047   0x7e  Code  Gb  lz77_init_single.o [12]
__iar_nothread_read_tp   0x800'1dc1    0x4  Code  Gb  tp_nothreads.o [8]
__iar_program_start      0x800'66ad   0x10  Code  Gb  startup.o [1]
__iar_scalbln64          0x800'1319         Code  Gb  ldexp.o [11]
__iar_scalbn64           0x800'1319         Code  Gb  ldexp.o [11]
__iar_sh_Discard         0x800'59cd   0x42  Code  Gb  XShHandles.o [8]
__iar_sh_Move            0x800'5a0f   0x46  Code  Gb  XShHandles.o [8]
__iar_sh_Pos             0x800'5a55   0x40  Code  Gb  XShHandles.o [8]
__iar_sh_stdout          0x800'5ab7   0x20  Code  Gb  iarwstd.o [13]
__iar_sh_write           0x800'5ad7   0x22  Code  Gb  iarwrite.o [13]
__iar_softfp___iar_frexp64
                         0x800'1241         Code  Gb  frexp.o [11]
__iar_softfp_frexp       0x800'1241         Code  Gb  frexp.o [11]
__iar_softfp_frexpl      0x800'1241         Code  Gb  frexp.o [11]
__iar_tls$$INIT_ARRAY$$Base
                         0x800'7218          --   Gb  - Linker created -
__iar_tls$$INIT_ARRAY$$Limit
                         0x800'7218          --   Gb  - Linker created -
__iar_ttio_handles      0x2000'0180    0x8  Data  Lc  XShttio.o [8]
__iar_unaligned_memcpy   0x800'11c9         Code  Gb  ABImemcpy_unaligned.o [12]
__iar_unaligned_memcpy4
                         0x800'11e9         Code  Gb  ABImemcpy_unaligned.o [12]
__iar_unaligned_memcpy8
                         0x800'11e9         Code  Gb  ABImemcpy_unaligned.o [12]
__iar_zero_init3         0x800'68dd   0x38  Code  Gb  zero_init3.o [12]
__low_level_init         0x800'66ff    0x4  Code  Gb  low_level_init.o [8]
__lseek                  0x800'596d   0x4e  Code  Gb  lseek.o [13]
__no_uncaught_exception
                         0x800'4d67    0x4  Code  Gb  arm_exceptions_uncaught_c.o [12]
__sti__routine           0x800'3b2d   0x70  Code  Lc  main.o [1]
__sti__routine           0x800'667d   0x1e  Code  Lc  startup.o [1]
__sti__routine           0x800'5fbd   0x68  Code  Lc  iostream_cout.o [9]
__sti__routine           0x800'64f9   0x32  Code  Lc  iar_newlocale.o [9]
__vector_table           0x800'0000  0x19c  Data  Lc  startup.o [1]
__write                  0x800'59bb   0x10  Code  Gb  write.o [13]
_call_main               0x800'66ed         Code  Gb  cmain.o [12]
_exit                    0x800'6731         Code  Gb  cexit.o [12]
abort                    0x800'1d7d    0x6  Code  Gb  abort.o [8]
allMode                 0x2000'05fc    0x8  Data  Gb  main.o [1]
asprintf_l               0x800'2c0f   0x4c  Code  Gb  iar_locale.o [9]
bool FieldValueBase<ADC1_SR_EOC_Values<ADC1::SR, (unsigned int)1, (unsigned int)1, ReadWriteMode, ADC1::ADC1SRBase>, ADC1::ADC1SRBase, (unsigned int)0>::IsSet<ReadWriteMode, void>()
                         0x800'43dd   0x18  Code  Wk  main.o [1]
bool FieldValueBase<TIM5_SR_UIF_Values<TIM5::SR, (unsigned int)0, (unsigned int)1, ReadWriteMode, TIM5::TIM5SRBase>, TIM5::TIM5SRBase, (unsigned int)1>::IsSet<ReadWriteMode, void>()
                         0x800'6e55   0x10  Code  Wk  startup.o [1]
bool FieldValueBase<USART2_CR1_TXEIE_Values<USART2::CR1, (unsigned int)7, (unsigned int)1, ReadWriteMode, USART2::USART2CR1Base>, USART2::USART2CR1Base, (unsigned int)1>::IsSet<ReadWriteMode, void>()
                         0x800'6ed9   0x10  Code  Wk  startup.o [1]
bool FieldValueBase<USART2_SR_TXE_Values<USART2::SR, (unsigned int)7, (unsigned int)1, ReadMode, USART2::USART2SRBase>, USART2::USART2SRBase, (unsigned int)1>::IsSet<ReadMode, void>()
                         0x800'6ec9   0x10  Code  Wk  startup.o [1]
char * std::__to_address<char>(char *)
                         0x800'351f    0x2  Code  Wk  main.o [1]
char * std::addressof<char>(char &)
                         0x800'36ad    0x2  Code  Wk  main.o [1]
char const * std::__to_address<char const>(char const *)
                         0x800'3417    0x2  Code  Wk  main.o [1]
char const * std::addressof<char const>(char const &)
                         0x800'5269    0x2  Code  Wk  main.o [1]
chessMode               0x2000'0604    0x8  Data  Gb  main.o [1]
decltype(((param#1.size)())) std::size<std::array<ILed *, (unsigned int)4>>(std::array<ILed *, (unsigned int)4> const &)
                         0x800'4747    0x8  Code  Wk  ChessMode.o [5]
ebuf                    0x2000'04c0   0x50  Data  Lc  xfiles.o [8]
exit                     0x800'672d    0x4  Code  Gb  exit.o [8]
fclose                   0x800'61b5   0x7e  Code  Gb  fclose.o [8]
fflush                   0x800'5929   0x34  Code  Gb  fflush.o [8]
fflushOne                0x800'58b5   0x74  Code  Lc  fflush.o [8]
fputc                    0x800'63d1   0x54  Code  Gb  fputc.o [8]
free                     0x800'321d    0x4  Code  Gb  heaptramp0.o [8]
freelocale               0x800'2c5d   0xa4  Code  Wk  iar_newlocale.o [9]
fseek                    0x800'5eeb   0x24  Code  Gb  fseek.o [8]
fwrite                   0x800'5d7f   0xb8  Code  Gb  fwrite.o [8]
garland                 0x2000'05c4    0xc  Data  Gb  main.o [1]
isInterrupt             0x2000'06dd    0x1  Data  Wk  main.o [1]
isdigit_l                0x800'2bc9    0x2  Code  Gb  iar_locale.o [9]
isxdigit_l               0x800'2bd5   0x16  Code  Gb  iar_locale.o [9]
ldexp                    0x800'1319         Code  Gb  ldexp.o [11]
ldexpl                   0x800'1319         Code  Gb  ldexp.o [11]
led1                    0x2000'05dc    0x8  Data  Gb  main.o [1]
led2                    0x2000'05e4    0x8  Data  Gb  main.o [1]
led3                    0x2000'05ec    0x8  Data  Gb  main.o [1]
led4                    0x2000'05f4    0x8  Data  Gb  main.o [1]
leds                    0x2000'0000   0x10  Data  Gb  main.o [1]
localeconv               0x800'1b3d    0x4  Code  Gb  xlocale_c.o [8]
main                     0x800'3bb5  0x232  Code  Gb  main.o [1]
memchr                   0x800'1171         Code  Gb  memchr.o [12]
modes                   0x2000'0010   0x10  Data  Gb  main.o [1]
next_abi_dtor_rec       0x2000'06c4    0x4  Data  Lc  cppinit.o [8]
obuf                    0x2000'0510   0x50  Data  Lc  xfiles.o [8]
operator delete (void *)
                         0x800'2d83    0xa  Code  Gb  delop_0.o [10]
operator delete (void *, unsigned int)
                         0x800'2729    0x4  Code  Gb  delop4_0.o [10]
operator delete (void *, unsigned int, std::align_val_t)
                         0x800'3727    0x4  Code  Gb  delop6_0.o [10]
operator delete[] (void *)
                         0x800'2baf    0x4  Code  Gb  delaop_0.o [10]
operator new (unsigned int)
                         0x800'35e1   0x24  Code  Gb  newop_0.o [10]
operator new (unsigned int, std::align_val_t)
                         0x800'36e5   0x28  Code  Gb  newop3_0.o [10]
pinA5                    0x800'72f4    0x8  Data  Wk  main.o [1]
pinC13                   0x800'7314    0x8  Data  Wk  main.o [1]
pinC5                    0x800'72fc    0x8  Data  Wk  main.o [1]
pinC8                    0x800'7304    0x8  Data  Wk  main.o [1]
pinC9                    0x800'730c    0x8  Data  Wk  main.o [1]
remove                   0x800'624b   0x14  Code  Gb  remove.o [13]
sFileInfo               0x2000'0440   0x80  Data  Lc  XShHandles.o [8]
scalbln                  0x800'1319         Code  Gb  ldexp.o [11]
scalblnl                 0x800'1319         Code  Gb  ldexp.o [11]
scalbn                   0x800'1319         Code  Gb  ldexp.o [11]
[...]
std::string::~basic_string()
                         0x800'2a49   0x32  Code  Wk  main.o [1]
std::time_get<char, std::istreambuf_iterator<char, std::char_traits<char>>>::id
                        0x2000'063c    0x8  Data  Wk  locale.o [9]
std::time_get<char, std::istreambuf_iterator<char, std::char_traits<char>>>::time_get(unsigned int)
                         0x800'2981   0x28  Code  Wk  locale.o [9]
std::time_get<char, std::istreambuf_iterator<char, std::char_traits<char>>>::~time_get() [deleting]
                         0x800'6fb1   0x14  Code  Wk  locale.o [9]
std::time_get<wchar_t, std::istreambuf_iterator<wchar_t, std::char_traits<wchar_t>>>::id
                        0x2000'0644    0x8  Data  Wk  locale.o [9]
std::time_get<wchar_t, std::istreambuf_iterator<wchar_t, std::char_traits<wchar_t>>>::time_get(unsigned int)
                         0x800'29a9   0x28  Code  Wk  locale.o [9]
std::time_get<wchar_t, std::istreambuf_iterator<wchar_t, std::char_traits<wchar_t>>>::~time_get() [deleting]
                         0x800'6fc5   0x14  Code  Wk  locale.o [9]
std::time_put<char, std::ostreambuf_iterator<char, std::char_traits<char>>>::id
                        0x2000'064c    0x8  Data  Wk  locale.o [9]
std::time_put<char, std::ostreambuf_iterator<char, std::char_traits<char>>>::time_put(unsigned int)
                         0x800'29d1   0x24  Code  Wk  locale.o [9]
std::time_put<char, std::ostreambuf_iterator<char, std::char_traits<char>>>::~time_put()
                         0x800'6d71   0x1e  Code  Wk  locale.o [9]
std::time_put<char, std::ostreambuf_iterator<char, std::char_traits<char>>>::~time_put() [deleting]
                         0x800'6fd9   0x14  Code  Wk  locale.o [9]
std::time_put<wchar_t, std::ostreambuf_iterator<wchar_t, std::char_traits<wchar_t>>>::id
                        0x2000'0654    0x8  Data  Wk  locale.o [9]
std::time_put<wchar_t, std::ostreambuf_iterator<wchar_t, std::char_traits<wchar_t>>>::time_put(unsigned int)
                         0x800'29f5   0x24  Code  Wk  locale.o [9]
std::time_put<wchar_t, std::ostreambuf_iterator<wchar_t, std::char_traits<wchar_t>>>::~time_put()
                         0x800'6d8f   0x1e  Code  Wk  locale.o [9]
std::time_put<wchar_t, std::ostreambuf_iterator<wchar_t, std::char_traits<wchar_t>>>::~time_put() [deleting]
                         0x800'6fed   0x14  Code  Wk  locale.o [9]
std::unique_ptr<char, void (*)(void *)>::reset(char *)
                         0x800'57c9   0x14  Code  Wk  locale.o [9]
std::unique_ptr<std::locale::facet, std::<unnamed>::release>::~unique_ptr()
                         0x800'1ed7   0x14  Code  Lc  locale.o [9]
std::vector<std::locale::facet *, std::__sso_allocator<std::locale::facet *, (unsigned int)30>>::__annotate_delete() const
                         0x800'2a7b    0x4  Code  Wk  locale.o [9]
std::vector<std::locale::facet *, std::__sso_allocator<std::locale::facet *, (unsigned int)30>>::__append(unsigned int)
                         0x800'2ab5   0xac  Code  Wk  locale.o [9]
std::vector<std::locale::facet *, std::__sso_allocator<std::locale::facet *, (unsigned int)30>>::__construct_at_end(unsigned int)
                         0x800'2db7   0x20  Code  Wk  locale.o [9]
std::vector<std::locale::facet *, std::__sso_allocator<std::locale::facet *, (unsigned int)30>>::__destruct_at_end(std::locale::facet **)
                         0x800'2b61   0x1c  Code  Wk  locale.o [9]
std::vector<std::locale::facet *, std::__sso_allocator<std::locale::facet *, (unsigned int)30>>::__recommend(unsigned int) const
                         0x800'2ee3   0x3e  Code  Wk  locale.o [9]
std::vector<std::locale::facet *, std::__sso_allocator<std::locale::facet *, (unsigned int)30>>::__vallocate(unsigned int)
                         0x800'2d8d   0x2a  Code  Wk  locale.o [9]
std::vector<std::locale::facet *, std::__sso_allocator<std::locale::facet *, (unsigned int)30>>::clear()
                         0x800'27ad   0x22  Code  Wk  locale.o [9]
std::vector<std::locale::facet *, std::__sso_allocator<std::locale::facet *, (unsigned int)30>>::max_size() const
                         0x800'3461    0x6  Code  Wk  locale.o [9]
std::vector<std::locale::facet *, std::__sso_allocator<std::locale::facet *, (unsigned int)30>>::size() const
                         0x800'2aa9    0xc  Code  Wk  locale.o [9]
std::vector<std::locale::facet *, std::__sso_allocator<std::locale::facet *, (unsigned int)30>>::vector(unsigned int)
                         0x800'2761   0x26  Code  Wk  locale.o [9]
strchr                   0x800'10c5         Code  Gb  strchr.o [12]
strlen                   0x800'1135         Code  Gb  strlen.o [12]
treeMode                0x2000'05b8    0xc  Data  Gb  main.o [1]
unsigned int RegisterBase<(unsigned int)1073815628, (unsigned int)32, ReadMode>::Get<ReadMode, void>()
                         0x800'43d1    0xc  Code  Wk  main.o [1]
unsigned int RegisterBase<(unsigned int)1073872912, (unsigned int)32, ReadMode>::Get<ReadMode, void>()
                         0x800'7229    0xc  Code  Wk  main.o [1]
unsigned int RegisterBase<(unsigned int)1073872916, (unsigned int)32, ReadWriteMode>::Get<ReadWriteMode, void>()
                         0x800'7199    0xc  Code  Wk  main.o [1]
unsigned int RegisterBase<(unsigned int)1073874960, (unsigned int)32, ReadMode>::Get<ReadMode, void>()
                         0x800'7245    0xc  Code  Wk  main.o [1]
unsigned int RegisterBase<(unsigned int)1073874964, (unsigned int)32, ReadWriteMode>::Get<ReadWriteMode, void>()
                         0x800'71c1    0xc  Code  Wk  main.o [1]
unsigned int const & std::max<unsigned int>(unsigned int const &, unsigned int const &)
                         0x800'354f    0xc  Code  Wk  locale.o [9]
unsigned int std::allocator_traits<std::allocator<char>>::max_size<std::allocator<char>, void>(const std::allocator<char>&)
                         0x800'3615    0x8  Code  Wk  main.o [1]
unsigned int std::string::__align_it<(unsigned int)16>(unsigned int)
                         0x800'3625    0x8  Code  Wk  main.o [1]
userButton1             0x2000'0560   0x20  Data  Gb  main.o [1]
void * std::__libcpp_operator_new<unsigned int, std::align_val_t>(unsigned int, std::align_val_t...)
                         0x800'36af    0x8  Code  Wk  main.o [1]
void * std::__libcpp_operator_new<unsigned int>(unsigned int...)
                         0x800'36b7    0x8  Code  Wk  main.o [1]
void FieldValueBase<ADC1_CR1_RES_Values<ADC1::CR1, (unsigned int)24, (unsigned int)2, ReadWriteMode, ADC1::ADC1CR1Base>, ADC1::ADC1CR1Base, (unsigned int)0>::Set<ReadWriteMode, void>()
                         0x800'42ed   0x10  Code  Wk  main.o [1]
void FieldValueBase<ADC1_CR2_ADON_Values<ADC1::CR2, (unsigned int)0, (unsigned int)1, ReadWriteMode, ADC1::ADC1CR2Base>, ADC1::ADC1CR2Base, (unsigned int)1>::Set<ReadWriteMode, void>()
                         0x800'4345   0x14  Code  Wk  main.o [1]
void FieldValueBase<ADC1_CR2_SWSTART_Values<ADC1::CR2, (unsigned int)30, (unsigned int)1, ReadWriteMode, ADC1::ADC1CR2Base>, ADC1::ADC1CR2Base, (unsigned int)1>::Set<ReadWriteMode, void>()
                         0x800'43bd   0x14  Code  Wk  main.o [1]
void FieldValueBase<ADC1_SMPR1_SMPx_x_Values<ADC1::SMPR2, (unsigned int)0, (unsigned int)3, ReadWriteMode, ADC1::ADC1SMPR1Base>, ADC1::ADC1SMPR1Base, (unsigned int)6>::Set<ReadWriteMode, void>()
                         0x800'4331   0x14  Code  Wk  main.o [1]
void FieldValueBase<ADC1_SQR1_L_Values<ADC1::SQR1, (unsigned int)20, (unsigned int)4, ReadWriteMode, ADC1::ADC1SQR1Base>, ADC1::ADC1SQR1Base, (unsigned int)0>::Set<ReadWriteMode, void>()
                         0x800'42fd   0x10  Code  Wk  main.o [1]
void FieldValueBase<ADC1_SQR3_SQ1_Values<ADC1::SQR3, (unsigned int)0, (unsigned int)5, ReadWriteMode, ADC1::ADC1SQR3Base>, ADC1::ADC1SQR3Base, (unsigned int)0>::Set<ReadWriteMode, void>()
                         0x800'430d   0x10  Code  Wk  main.o [1]
void FieldValueBase<ADC1_SQR3_SQ1_Values<ADC1::SQR3, (unsigned int)0, (unsigned int)5, ReadWriteMode, ADC1::ADC1SQR3Base>, ADC1::ADC1SQR3Base, (unsigned int)16>::Set<ReadWriteMode, void>()
                         0x800'431d   0x14  Code  Wk  main.o [1]
void FieldValueBase<ADC_Common_CCR_TSVREFE_Values<ADC_Common::CCR, (unsigned int)23, (unsigned int)1, ReadWriteMode, ADC_Common::ADC_CommonCCRBase>, ADC_Common::ADC_CommonCCRBase, (unsigned int)1>::Set<ReadWriteMode, void>()
                         0x800'4359   0x14  Code  Wk  main.o [1]
void FieldValueBase<GPIOA_AFRL_AFRL7_Values<GPIOA::AFRL, (unsigned int)12, (unsigned int)4, ReadWriteMode, GPIOA::GPIOAAFRLBase>, GPIOA::GPIOAAFRLBase, (unsigned int)7>::Set<ReadWriteMode, void>()
                         0x800'4249   0x14  Code  Wk  main.o [1]
void FieldValueBase<GPIOA_AFRL_AFRL7_Values<GPIOA::AFRL, (unsigned int)8, (unsigned int)4, ReadWriteMode, GPIOA::GPIOAAFRLBase>, GPIOA::GPIOAAFRLBase, (unsigned int)7>::Set<ReadWriteMode, void>()
                         0x800'4235   0x14  Code  Wk  main.o [1]
void FieldValueBase<GPIOA_MODER_MODER15_Values<GPIOA::MODER, (unsigned int)0, (unsigned int)2, ReadWriteMode, GPIOA::GPIOAMODERBase>, GPIOA::GPIOAMODERBase, (unsigned int)3>::Set<ReadWriteMode, void>()
                         0x800'436d   0x14  Code  Wk  main.o [1]
void FieldValueBase<GPIOA_MODER_MODER15_Values<GPIOA::MODER, (unsigned int)10, (unsigned int)2, ReadWriteMode, GPIOA::GPIOAMODERBase>, GPIOA::GPIOAMODERBase, (unsigned int)1>::Set<ReadWriteMode, void>()
                         0x800'41a9   0x14  Code  Wk  main.o [1]
void FieldValueBase<GPIOA_MODER_MODER15_Values<GPIOA::MODER, (unsigned int)4, (unsigned int)2, ReadWriteMode, GPIOA::GPIOAMODERBase>, GPIOA::GPIOAMODERBase, (unsigned int)2>::Set<ReadWriteMode, void>()
                         0x800'420d   0x14  Code  Wk  main.o [1]
void FieldValueBase<GPIOA_MODER_MODER15_Values<GPIOA::MODER, (unsigned int)6, (unsigned int)2, ReadWriteMode, GPIOA::GPIOAMODERBase>, GPIOA::GPIOAMODERBase, (unsigned int)2>::Set<ReadWriteMode, void>()
                         0x800'4221   0x14  Code  Wk  main.o [1]
void FieldValueBase<GPIOC_MODER_MODER15_Values<GPIOC::MODER, (unsigned int)10, (unsigned int)2, ReadWriteMode, GPIOC::GPIOCMODERBase>, GPIOC::GPIOCMODERBase, (unsigned int)1>::Set<ReadWriteMode, void>()
                         0x800'41bd   0x14  Code  Wk  main.o [1]
void FieldValueBase<GPIOC_MODER_MODER15_Values<GPIOC::MODER, (unsigned int)16, (unsigned int)2, ReadWriteMode, GPIOC::GPIOCMODERBase>, GPIOC::GPIOCMODERBase, (unsigned int)1>::Set<ReadWriteMode, void>()
                         0x800'41d1   0x14  Code  Wk  main.o [1]
void FieldValueBase<GPIOC_MODER_MODER15_Values<GPIOC::MODER, (unsigned int)18, (unsigned int)2, ReadWriteMode, GPIOC::GPIOCMODERBase>, GPIOC::GPIOCMODERBase, (unsigned int)1>::Set<ReadWriteMode, void>()
                         0x800'41e5   0x14  Code  Wk  main.o [1]
void FieldValueBase<RCC_AHB1ENR_DMA2EN_Values<RCC::APB1ENR, (unsigned int)0, (unsigned int)1, ReadWriteMode, RCC::RCCAPB1ENRBase>, RCC::RCCAPB1ENRBase, (unsigned int)1>::Set<ReadWriteMode, void>()
                         0x800'40f9   0x14  Code  Wk  main.o [1]
void FieldValueBase<RCC_AHB1ENR_DMA2EN_Values<RCC::APB1ENR, (unsigned int)17, (unsigned int)1, ReadWriteMode, RCC::RCCAPB1ENRBase>, RCC::RCCAPB1ENRBase, (unsigned int)1>::Set<ReadWriteMode, void>()
                         0x800'41f9   0x14  Code  Wk  main.o [1]
void FieldValueBase<RCC_AHB1ENR_DMA2EN_Values<RCC::APB1ENR, (unsigned int)3, (unsigned int)1, ReadWriteMode, RCC::RCCAPB1ENRBase>, RCC::RCCAPB1ENRBase, (unsigned int)1>::Set<ReadWriteMode, void>()
                         0x800'412d   0x14  Code  Wk  main.o [1]
void FieldValueBase<RCC_AHB1ENR_DMA2EN_Values<RCC::APB2ENR, (unsigned int)8, (unsigned int)1, ReadWriteMode, RCC::RCCAPB2ENRBase>, RCC::RCCAPB2ENRBase, (unsigned int)1>::Set<ReadWriteMode, void>()
                         0x800'42d9   0x14  Code  Wk  main.o [1]
void FieldValueBase<RCC_AHB1ENR_GPIOAEN_Values<RCC::AHB1ENR, (unsigned int)0, (unsigned int)1, ReadWriteMode, RCC::RCCAHB1ENRBase>, RCC::RCCAHB1ENRBase, (unsigned int)1>::Set<ReadWriteMode, void>()
                         0x800'4181   0x14  Code  Wk  main.o [1]
void FieldValueBase<RCC_AHB1ENR_GPIOCEN_Values<RCC::AHB1ENR, (unsigned int)2, (unsigned int)1, ReadWriteMode, RCC::RCCAHB1ENRBase>, RCC::RCCAHB1ENRBase, (unsigned int)1>::Set<ReadWriteMode, void>()
                         0x800'416d   0x14  Code  Wk  main.o [1]
void FieldValueBase<RCC_AHB1ENR_GPIODEN_Values<RCC::AHB1ENR, (unsigned int)3, (unsigned int)1, ReadWriteMode, RCC::RCCAHB1ENRBase>, RCC::RCCAHB1ENRBase, (unsigned int)1>::Set<ReadWriteMode, void>()
                         0x800'4195   0x14  Code  Wk  main.o [1]
void FieldValueBase<TIM2_DIER_UIE_Values<TIM2::DIER, (unsigned int)0, (unsigned int)1, ReadWriteMode, TIM2::TIM2DIERBase>, TIM2::TIM2DIERBase, (unsigned int)1>::Set<ReadWriteMode, void>()
                         0x800'4119   0x14  Code  Wk  main.o [1]
void FieldValueBase<TIM5_CR1_CEN_Values<TIM5::CR1, (unsigned int)0, (unsigned int)1, ReadWriteMode, TIM5::TIM5CR1Base>, TIM5::TIM5CR1Base, (unsigned int)1>::Set<ReadWriteMode, void>()
                         0x800'40e5   0x14  Code  Wk  main.o [1]
void FieldValueBase<TIM5_DIER_UIE_Values<TIM5::DIER, (unsigned int)0, (unsigned int)1, ReadWriteMode, TIM5::TIM5DIERBase>, TIM5::TIM5DIERBase, (unsigned int)1>::Set<ReadWriteMode, void>()
                         0x800'4159   0x14  Code  Wk  main.o [1]
void FieldValueBase<TIM5_SR_UIF_Values<TIM5::SR, (unsigned int)0, (unsigned int)1, ReadWriteMode, TIM5::TIM5SRBase>, TIM5::TIM5SRBase, (unsigned int)0>::Set<ReadWriteMode, void>()
                         0x800'40d5   0x10  Code  Wk  main.o [1]
void FieldValueBase<USART2_CR1_M_Values<USART2::CR1, (unsigned int)12, (unsigned int)1, ReadWriteMode, USART2::USART2CR1Base>, USART2::USART2CR1Base, (unsigned int)0>::Set<ReadWriteMode, void>()
                         0x800'425d   0x10  Code  Wk  main.o [1]
void FieldValueBase<USART2_CR1_RE_Values<USART2::CR1, (unsigned int)2, (unsigned int)1, ReadWriteMode, USART2::USART2CR1Base>, USART2::USART2CR1Base, (unsigned int)1>::Set<ReadWriteMode, void>()
                         0x800'4295   0x14  Code  Wk  main.o [1]
void FieldValueBase<USART2_CR1_TE_Values<USART2::CR1, (unsigned int)3, (unsigned int)1, ReadWriteMode, USART2::USART2CR1Base>, USART2::USART2CR1Base, (unsigned int)0>::Set<ReadWriteMode, void>()
                         0x800'4ca5   0x10  Code  Wk  main.o [1]
void FieldValueBase<USART2_CR1_TE_Values<USART2::CR1, (unsigned int)3, (unsigned int)1, ReadWriteMode, USART2::USART2CR1Base>, USART2::USART2CR1Base, (unsigned int)1>::Set<ReadWriteMode, void>()
                         0x800'4281   0x14  Code  Wk  main.o [1]
void FieldValueBase<USART2_CR1_TXEIE_Values<USART2::CR1, (unsigned int)7, (unsigned int)1, ReadWriteMode, USART2::USART2CR1Base>, USART2::USART2CR1Base, (unsigned int)0>::Set<ReadWriteMode, void>()
                         0x800'4cb5   0x10  Code  Wk  main.o [1]
void FieldValueBase<USART2_CR1_TXEIE_Values<USART2::CR1, (unsigned int)7, (unsigned int)1, ReadWriteMode, USART2::USART2CR1Base>, USART2::USART2CR1Base, (unsigned int)1>::Set<ReadWriteMode, void>()
                         0x800'426d   0x14  Code  Wk  main.o [1]
void FieldValueBase<USART2_CR1_UE_Values<USART2::CR1, (unsigned int)13, (unsigned int)1, ReadWriteMode, USART2::USART2CR1Base>, USART2::USART2CR1Base, (unsigned int)1>::Set<ReadWriteMode, void>()
                         0x800'42c5   0x14  Code  Wk  main.o [1]
void FieldValueBase<USART2_CR2_STOP_Values<USART2::CR2, (unsigned int)12, (unsigned int)2, ReadWriteMode, USART2::USART2CR2Base>, USART2::USART2CR2Base, (unsigned int)0>::Set<ReadWriteMode, void>()
                         0x800'42a9   0x10  Code  Wk  main.o [1]
void RegisterBase<(unsigned int)1073741864, (unsigned int)32, ReadWriteMode>::Write<ReadWriteMode, void>(unsigned int)
                         0x800'410d    0xc  Code  Wk  main.o [1]
void RegisterBase<(unsigned int)1073744932, (unsigned int)32, ReadWriteMode>::Write<ReadWriteMode, void>(unsigned int)
                         0x800'40c9    0xc  Code  Wk  main.o [1]
void RegisterBase<(unsigned int)1073744936, (unsigned int)32, ReadWriteMode>::Write<ReadWriteMode, void>(unsigned int)
                         0x800'4141    0xc  Code  Wk  main.o [1]
void RegisterBase<(unsigned int)1073744940, (unsigned int)32, ReadWriteMode>::Write<ReadWriteMode, void>(unsigned int)
                         0x800'40bd    0xc  Code  Wk  main.o [1]
void RegisterBase<(unsigned int)1073759236, (unsigned int)32, ReadWriteMode>::Write<ReadWriteMode, void>(unsigned int)
                         0x800'4cd1    0xc  Code  Wk  main.o [1]
void RegisterBase<(unsigned int)1073759240, (unsigned int)32, ReadWriteMode>::Write<ReadWriteMode, void>(unsigned int)
                         0x800'42b9    0xc  Code  Wk  main.o [1]
void RegisterBase<(unsigned int)1073872916, (unsigned int)32, ReadWriteMode>::Toggle<ReadWriteMode, void>(unsigned int)
                         0x800'7179   0x10  Code  Wk  main.o [1]
void RegisterBase<(unsigned int)1073872916, (unsigned int)32, ReadWriteMode>::Write<ReadWriteMode, void>(unsigned int)
                         0x800'71a5    0xc  Code  Wk  main.o [1]
void RegisterBase<(unsigned int)1073874964, (unsigned int)32, ReadWriteMode>::Toggle<ReadWriteMode, void>(unsigned int)
                         0x800'7169   0x10  Code  Wk  main.o [1]
void RegisterBase<(unsigned int)1073874964, (unsigned int)32, ReadWriteMode>::Write<ReadWriteMode, void>(unsigned int)
                         0x800'71cd    0xc  Code  Wk  main.o [1]
void RegisterBase<(unsigned int)3758153988, (unsigned int)32, ReadWriteMode>::Write<ReadWriteMode, void>(unsigned int)
                         0x800'414d    0xc  Code  Wk  main.o [1]
void std::__call_once_proxy<std::tuple<std::<unnamed>::__fake_bind &&>>(void *)
                         0x800'6e65   0x1c  Code  Wk  locale.o [9]
void std::__do_deallocate_handle_size<>(void *, unsigned int, ...)
                         0x800'36c7    0x8  Code  Wk  main.o [1]
void std::__do_deallocate_handle_size<std::align_val_t>(void *, unsigned int, std::align_val_t...)
                         0x800'36bf    0x8  Code  Wk  main.o [1]
void std::__libcpp_operator_delete<void *, unsigned int, std::align_val_t>(void *, unsigned int, std::align_val_t...)
                         0x800'370d    0x8  Code  Wk  main.o [1]
void std::__libcpp_operator_delete<void *, unsigned int>(void *, unsigned int...)
                         0x800'3715    0x8  Code  Wk  main.o [1]
void std::__tree_left_rotate<std::__tree_node_base<void *> *>(std::__tree_node_base<void *> *)
                         0x800'3589   0x20  Code  Wk  iar_newlocale.o [9]
void std::__tree_remove<std::__tree_node_base<void *> *>(std::__tree_node_base<void *> *, std::__tree_node_base<void *> *)
                         0x800'3221  0x1a0  Code  Wk  iar_newlocale.o [9]
void std::__tree_right_rotate<std::__tree_node_base<void *> *>(std::__tree_node_base<void *> *)
                         0x800'35a9   0x20  Code  Wk  iar_newlocale.o [9]
void std::reverse<char *>(char *, char *)
                         0x800'54d9   0x18  Code  Wk  locale.o [9]
vsnprintf                0x800'2f91   0x3c  Code  Gb  vsnprint.o [8]


[1] = D:\POIP\POIP-8-sem-\Lab_4\Debug\Obj
[2] = D:\POIP\POIP-8-sem-\Lab_4\Debug\Obj\Components\Button
[3] = D:\POIP\POIP-8-sem-\Lab_4\Debug\Obj\Components\LED
[4] = D:\POIP\POIP-8-sem-\Lab_4\Debug\Obj\Modes\AllMode
[5] = D:\POIP\POIP-8-sem-\Lab_4\Debug\Obj\Modes\ChessMode
[6] = D:\POIP\POIP-8-sem-\Lab_4\Debug\Obj\Modes\SlideMode
[7] = D:\POIP\POIP-8-sem-\Lab_4\Debug\Obj\Modes\TreeMode
[8] = dl7M_tlf.a
[9] = dllibcpp7M_tls_fc.a
[10] = dlpprt7M_tl_fc.a
[11] = m7M_tls.a
[12] = rt7M_tl.a
[13] = shb_l.a

  25'741 bytes of readonly  code memory
   3'919 bytes of readonly  data memory
  18'610 bytes of readwrite data memory

Errors: none
Warnings: none
