###############################################################################
#
# IAR ELF Linker V9.30.1.335/W64 for ARM                  10/Mar/2023  22:48:23
# Copyright 2007-2022 IAR Systems AB.
#
#    Output file  =  D:\POIP\POIP-8-sem-\Lab_2\Debug\Exe\Lab_2.out
#    Map file     =  D:\POIP\POIP-8-sem-\Lab_2\Debug\List\Lab_2.map
#    Command line =
#        -f D:\POIP\POIP-8-sem-\Lab_2\Debug\Exe\Lab_2.out.rsp
#        (D:\POIP\POIP-8-sem-\Lab_2\Debug\Obj\Modes\AllMode\AllMode.o
#        D:\POIP\POIP-8-sem-\Lab_2\Debug\Obj\Components\Button\Button.o
#        D:\POIP\POIP-8-sem-\Lab_2\Debug\Obj\Modes\ChessMode\ChessMode.o
#        D:\POIP\POIP-8-sem-\Lab_2\Debug\Obj\Components\LED\Led.o
#        D:\POIP\POIP-8-sem-\Lab_2\Debug\Obj\main.o
#        D:\POIP\POIP-8-sem-\Lab_2\Debug\Obj\Modes\SlideMode\SlideMode.o
#        D:\POIP\POIP-8-sem-\Lab_2\Debug\Obj\startup.o
#        D:\POIP\POIP-8-sem-\Lab_2\Debug\Obj\Modes\TreeMode\TreeMode.o
#        --no_out_extension -o D:\POIP\POIP-8-sem-\Lab_2\Debug\Exe\Lab_2.out
#        --redirect _Printf=_PrintfFullNoMb --redirect _Scanf=_ScanfFullNoMb
#        --map D:\POIP\POIP-8-sem-\Lab_2\Debug\List\Lab_2.map --config
#        "C:\Program Files\IAR Systems\Embedded Workbench
#        9.1\arm/config/linker/ST/stm32f411xC.icf" --semihosting --entry
#        __iar_program_start --vfe --text_out locale --cpu=Cortex-M4
#        --fpu=VFPv4_sp)
#
###############################################################################

*******************************************************************************
*** RUNTIME MODEL ATTRIBUTES
***

CppFlavor                     = *
__CPP_Exceptions              = Disabled
__CPP_Language                = C++14
__CPP_Library                 = libc++
__CPP_Runtime                 = 1
__Heap_Handler                = Basic
__SystemLibrary               = DLib
__dlib_dynamic_initialization = normal
__dlib_version                = 6


*******************************************************************************
*** HEAP SELECTION
***

The basic heap was selected because --advanced_heap
was not specified and the application did not appear to
be primarily optimized for speed.


*******************************************************************************
*** PLACEMENT SUMMARY
***

"A0":  place at address 0x800'0000 { ro section .intvec };
"P1":  place in [from 0x800'0000 to 0x803'ffff] { ro };
define block CSTACK with size = 8K, alignment = 8 { };
define block HEAP with size = 8K, alignment = 8 { };
"P2":  place in [from 0x2000'0000 to 0x2001'ffff] {
          rw, block CSTACK, block HEAP };
initialize by copy { rw };

  Section                Kind         Address    Size  Object
  -------                ----         -------    ----  ------
"A0":                                            0xbc
  .intvec                const     0x800'0000    0xbc  startup.o [1]
                                 - 0x800'00bc    0xbc

"P1":                                          0x586a
  .text                  ro code   0x800'00bc   0xeaa  xprintffull_nomb.o [8]
  .text                  ro code   0x800'0f66    0x7e  lz77_init_single.o [12]
  .text                  ro code   0x800'0fe4    0x16  strchr.o [12]
  .text                  ro code   0x800'0ffa    0x1a  xsnprout.o [8]
  .text                  ro code   0x800'1014    0x40  xfail_s.o [8]
  .text                  ro code   0x800'1054    0x36  strlen.o [12]
  .text                  ro code   0x800'108a     0x6  ios.instantiations.o [9]
  .text                  ro code   0x800'1090    0x58  memchr.o [12]
  .text                  ro code   0x800'10e8    0x76  ABImemcpy_unaligned.o [12]
  .rodata                const     0x800'115e     0x2  locale.o [9]
  .text                  ro code   0x800'1160    0x70  frexp.o [11]
  .text                  ro code   0x800'11d0    0x34  DblCmpLe.o [11]
  .text                  ro code   0x800'1204    0x34  DblCmpGe.o [11]
  .text                  ro code   0x800'1238   0x13a  ldexp.o [11]
  .rodata                const     0x800'1372     0x2  xlocale_c.o [8]
  .text                  ro code   0x800'1374    0x36  DblToS32.o [11]
  .rodata                const     0x800'13aa     0x2  xlocale_c.o [8]
  .text                  ro code   0x800'13ac    0x22  S32ToDbl.o [11]
  .text                  ro code   0x800'13ce     0x2  startup.o [1]
  .text                  ro code   0x800'13d0   0x24e  DblAddSub.o [11]
  .text                  ro code   0x800'161e     0x2  startup.o [1]
  .text                  ro code   0x800'1620   0x246  DblDiv.o [11]
  .rodata                const     0x800'1866     0x1  unwind_debug.o [13]
  .rodata                const     0x800'1867     0x1  xlocale_c.o [8]
  .text                  ro code   0x800'1868    0x22  DblToU32.o [11]
  .text                  ro code   0x800'188c    0x1c  U32ToDbl.o [11]
  .text                  ro code   0x800'18a8   0x1aa  DblMul.o [11]
  .text                  ro code   0x800'1a54    0x18  xlocale_c.o [8]
  .text                  ro code   0x800'1a6c   0x230  I64DivMod.o [12]
  .text                  ro code   0x800'1c9c     0x6  abort.o [8]
  .text                  ro code   0x800'1ca4    0x24  errno.o [8]
  .text                  ro code   0x800'1cc8     0x2  I64DivZer.o [12]
  .text                  ro code   0x800'1ccc    0x14  exit.o [13]
  .text                  ro code   0x800'1ce0     0x4  tp_nothreads.o [8]
  .text                  ro code   0x800'1ce4    0x7c  iarttio.o [13]
  .text                  ro code   0x800'1d60     0x8  XShttio.o [8]
  .text                  ro code   0x800'1d68   0x858  locale.o [9]
  .text                  ro code   0x800'25c0     0x4  delop4_0.o [10]
  .text                  ro code   0x800'25c4     0x2  memory.o [9]
  .text                  ro code   0x800'25c6    0x32  locale.o [9]
  .text                  ro code   0x800'25f8    0x26  locale.o [9]
  .text                  ro code   0x800'261e    0x58  locale.o [9]
  .text                  ro code   0x800'2676    0x22  locale.o [9]
  .text                  ro code   0x800'2698    0x18  locale.o [9]
  .text                  ro code   0x800'26b0    0x18  locale.o [9]
  .text                  ro code   0x800'26c8    0x18  locale.o [9]
  .text                  ro code   0x800'26e0    0x18  locale.o [9]
  .text                  ro code   0x800'26f8    0x18  locale.o [9]
  .text                  ro code   0x800'2710    0x18  locale.o [9]
  .text                  ro code   0x800'2728    0x18  locale.o [9]
  .text                  ro code   0x800'2740    0x18  locale.o [9]
  .text                  ro code   0x800'2758    0x18  locale.o [9]
  .text                  ro code   0x800'2770    0x18  locale.o [9]
  .text                  ro code   0x800'2788    0x18  locale.o [9]
  .text                  ro code   0x800'27a0    0x18  locale.o [9]
  .text                  ro code   0x800'27b8    0x18  locale.o [9]
  .text                  ro code   0x800'27d0    0x18  locale.o [9]
  .text                  ro code   0x800'27e8    0x18  locale.o [9]
  .text                  ro code   0x800'2800    0x18  locale.o [9]
  .text                  ro code   0x800'2818    0x18  locale.o [9]
  .text                  ro code   0x800'2830    0x18  locale.o [9]
  .text                  ro code   0x800'2848    0x28  locale.o [9]
  .text                  ro code   0x800'2870    0x28  locale.o [9]
  .text                  ro code   0x800'2898    0x24  locale.o [9]
  .text                  ro code   0x800'28bc    0x24  locale.o [9]
  .text                  ro code   0x800'28e0    0x18  locale.o [9]
  .text                  ro code   0x800'28f8    0x18  locale.o [9]
  .text                  ro code   0x800'2910    0x1a  locale.o [9]
  .text                  ro code   0x800'292a     0x4  locale.o [9]
  .text                  ro code   0x800'292e    0x2a  locale.o [9]
  .text                  ro code   0x800'2958     0xc  locale.o [9]
  .text                  ro code   0x800'2964    0xac  locale.o [9]
  .text                  ro code   0x800'2a10    0x1c  locale.o [9]
  .text                  ro code   0x800'2a2c    0x1a  locale.o [9]
  .text                  ro code   0x800'2a46    0x18  mutex.o [9]
  .text                  ro code   0x800'2a5e     0x4  delaop_0.o [10]
  .text                  ro code   0x800'2a64    0x10  locale.o [9]
  .text                  ro code   0x800'2a74    0x28  iar_locale.o [9]
  .text                  ro code   0x800'2a9c    0xa4  iar_newlocale.o [9]
  .text                  ro code   0x800'2b40     0xa  locale.o [9]
  .text                  ro code   0x800'2b4a    0x32  locale.o [9]
  .text                  ro code   0x800'2b7c     0xa  delop_0.o [10]
  .text                  ro code   0x800'2b86    0x2a  locale.o [9]
  .text                  ro code   0x800'2bb0    0x20  locale.o [9]
  .text                  ro code   0x800'2bd0     0x4  string.o [9]
  .text                  ro code   0x800'2bd4    0x24  newop_0.o [10]
  .text                  ro code   0x800'2bf8     0xc  locale.o [9]
  .text                  ro code   0x800'2c04    0x16  locale.o [9]
  .text                  ro code   0x800'2c1a    0x3e  locale.o [9]
  .text                  ro code   0x800'2c58    0x2c  locale.o [9]
  .text                  ro code   0x800'2c84     0xa  locale.o [9]
  .text                  ro code   0x800'2c8e    0x28  locale.o [9]
  .text                  ro code   0x800'2cb6    0x10  locale.o [9]
  .text                  ro code   0x800'2cc8    0x3c  vsnprint.o [8]
  .text                  ro code   0x800'2d04   0x1a0  iar_newlocale.o [9]
  .text                  ro code   0x800'2ea4     0xc  iar_newlocale.o [9]
  .text                  ro code   0x800'2eb0    0x3e  string.o [9]
  .text                  ro code   0x800'2eee     0x4  heaptramp0.o [8]
  .text                  ro code   0x800'2ef2     0x6  locale.o [9]
  .text                  ro code   0x800'2ef8     0x4  vector.o [9]
  .text                  ro code   0x800'2efc    0x2a  locale.o [9]
  .text                  ro code   0x800'2f26     0x4  nomemory.o [10]
  .text                  ro code   0x800'2f2c   0x13c  heap0.o [8]
  .text                  ro code   0x800'3068     0xc  locale.o [9]
  .text                  ro code   0x800'3074    0x20  iar_newlocale.o [9]
  .text                  ro code   0x800'3094    0x20  iar_newlocale.o [9]
  .text                  ro code   0x800'30b4     0xe  string.o [9]
  .text                  ro code   0x800'30c4    0x2c  xgetmemchunk.o [8]
  .rodata                const     0x800'30f0   0x400  locale.o [9]
  .text                  ro code   0x800'34f0   0x174  locale.o [9]
  .text                  ro code   0x800'3664     0xc  locale.o [9]
  .text                  ro code   0x800'3670    0x18  locale.o [9]
  .text                  ro code   0x800'3688     0xa  locale.o [9]
  .text                  ro code   0x800'3692     0xa  locale.o [9]
  .text                  ro code   0x800'369c   0x110  main.o [1]
  .text                  ro code   0x800'37ac    0x3c  Led.o [3]
  .text                  ro code   0x800'37e8    0x90  Button.o [2]
  .text                  ro code   0x800'3878    0x18  AllMode.o [4]
  .text                  ro code   0x800'3890    0x46  ChessMode.o [5]
  .text                  ro code   0x800'38d8    0x50  TreeMode.o [7]
  .text                  ro code   0x800'3928    0xa0  SlideMode.o [6]
  .text                  ro code   0x800'39c8    0x20  main.o [1]
  .text                  ro code   0x800'39e8     0xc  main.o [1]
  .text                  ro code   0x800'39f4     0xc  main.o [1]
  .text                  ro code   0x800'3a00    0x12  main.o [1]
  .text                  ro code   0x800'3a14    0x10  main.o [1]
  .text                  ro code   0x800'3a24    0x10  main.o [1]
  .text                  ro code   0x800'3a34     0xe  main.o [1]
  .text                  ro code   0x800'3a44    0x14  main.o [1]
  .text                  ro code   0x800'3a58     0xc  main.o [1]
  .text                  ro code   0x800'3a64    0x14  main.o [1]
  .text                  ro code   0x800'3a78    0x14  main.o [1]
  .text                  ro code   0x800'3a8c    0x14  main.o [1]
  .text                  ro code   0x800'3aa0    0x14  main.o [1]
  .text                  ro code   0x800'3ab4    0x14  main.o [1]
  .text                  ro code   0x800'3ac8    0x14  main.o [1]
  .text                  ro code   0x800'3adc    0x14  main.o [1]
  .text                  ro code   0x800'3af0     0x8  Led.o [3]
  .text                  ro code   0x800'3af8     0x8  Button.o [2]
  .text                  ro code   0x800'3b00     0x8  Button.o [2]
  .text                  ro code   0x800'3b08     0x6  Button.o [2]
  .text                  ro code   0x800'3b0e     0x6  Button.o [2]
  .text                  ro code   0x800'3b14     0x8  AllMode.o [4]
  .text                  ro code   0x800'3b1c     0x6  ChessMode.o [5]
  .text                  ro code   0x800'3b22     0x8  ChessMode.o [5]
  .text                  ro code   0x800'3b2a    0x2a  AllMode.o [4]
  .text                  ro code   0x800'3b54     0x8  main.o [1]
  .text                  ro code   0x800'3b5c     0x6  main.o [1]
  .text                  ro code   0x800'3b62     0x2  Led.o [3]
  .text                  ro code   0x800'3b64     0x2  Button.o [2]
  .text                  ro code   0x800'3b66     0x2  Button.o [2]
  .text                  ro code   0x800'3b68     0xc  AllMode.o [4]
  .text                  ro code   0x800'3b74     0x4  ChessMode.o [5]
  .text                  ro code   0x800'3b78     0x8  AllMode.o [4]
  .text                  ro code   0x800'3b80     0xa  AllMode.o [4]
  .text                  ro code   0x800'3b8a     0x2  main.o [1]
  .text                  ro code   0x800'3b8c     0x2  AllMode.o [4]
  .text                  ro code   0x800'3b8e    0xd8  xfspos.o [8]
  .text                  ro code   0x800'3c68    0xac  fflush.o [8]
  .text                  ro code   0x800'3d14     0xc  xfgpos.o [8]
  .text                  ro code   0x800'3d20    0x4e  lseek.o [13]
  .text                  ro code   0x800'3d6e    0x10  write.o [13]
  .text                  ro code   0x800'3d80    0xcc  XShHandles.o [8]
  .text                  ro code   0x800'3e4c    0x1e  dwrite.o [13]
  .text                  ro code   0x800'3e6a    0x20  iarwstd.o [13]
  .text                  ro code   0x800'3e8a    0x22  iarwrite.o [13]
  .text                  ro code   0x800'3eac    0xb8  fwrite.o [8]
  .text                  ro code   0x800'3f64    0xb4  xfwprep.o [8]
  .text                  ro code   0x800'4018    0x24  fseek.o [8]
  .text                  ro code   0x800'403c    0xb4  ios.o [9]
  .text                  ro code   0x800'40f0    0xae  iostream_cout.o [9]
  .text                  ro code   0x800'41a0    0xa0  cppinit.o [8]
  .text                  ro code   0x800'4240    0x98  iostream_cout.o [9]
  .text                  ro code   0x800'42d8    0x44  iostream_cout.o [9]
  .text                  ro code   0x800'431c     0xa  cxxabi.o [10]
  .text                  ro code   0x800'4326    0x54  ios.instantiations.o [9]
  .text                  ro code   0x800'437a     0x4  ios.instantiations.o [9]
  .text                  ro code   0x800'437e    0x42  ios.instantiations.o [9]
  .text                  ro code   0x800'43c0    0x94  ios.instantiations.o [9]
  .text                  ro code   0x800'4454    0x24  ios.instantiations.o [9]
  .text                  ro code   0x800'4478     0x4  arm_exceptions_uncaught_c.o [12]
  .text                  ro code   0x800'447c    0x92  locale.o [9]
  .text                  ro code   0x800'450e     0xa  locale.o [9]
  .text                  ro code   0x800'4518    0x50  locale.o [9]
  .text                  ro code   0x800'4568    0x66  ABImemset.o [12]
  .text                  ro code   0x800'45d0    0x90  locale.o [9]
  .text                  ro code   0x800'4660    0x8c  xfofind.o [8]
  .text                  ro code   0x800'46ec    0x88  ios.instantiations.o [9]
  .text                  ro code   0x800'4774    0x1a  ios.instantiations.o [9]
  .text                  ro code   0x800'478e    0x10  locale.o [9]
  .text                  ro code   0x800'479e    0x28  startup.o [1]
  .text                  ro code   0x800'47c8    0x10  startup.o [1]
  .text                  ro code   0x800'47d8     0xc  startup.o [1]
  .text                  ro code   0x800'47e4    0x7e  fclose.o [8]
  .text                  ro code   0x800'4862    0x18  close.o [13]
  .text                  ro code   0x800'487a    0x14  remove.o [13]
  .text                  ro code   0x800'488e    0x68  ios.instantiations.o [9]
  .text                  ro code   0x800'48f6    0x20  ios.instantiations.o [9]
  .text                  ro code   0x800'4916    0x60  ios.instantiations.o [9]
  .rodata                const     0x800'4978    0x54  locale.o [9]
  .rodata                const     0x800'49cc    0x54  locale.o [9]
  .text                  ro code   0x800'4a20    0x54  fputc.o [8]
  .rodata                const     0x800'4a74    0x48  xlocale_c.o [8]
  .text                  ro code   0x800'4abc    0x48  iostream_cout.o [9]
  .rodata                const     0x800'4b04    0x44  locale.o [9]
  .text                  ro code   0x800'4b48    0x44  iar_newlocale.o [9]
  .rodata                const     0x800'4b8c    0x40  locale.o [9]
  .rodata                const     0x800'4bcc    0x40  locale.o [9]
  .rodata                const     0x800'4c0c    0x40  ios.instantiations.o [9]
  .rodata                const     0x800'4c4c    0x40  iostream_cout.o [9]
  .text                  ro code   0x800'4c8c    0x40  iostream_cout.o [9]
  .text                  ro code   0x800'4ccc    0x40  xcloseall.o [8]
  .rodata                const     0x800'4d0c    0x38  locale.o [9]
  .rodata                const     0x800'4d44    0x38  locale.o [9]
  .rodata                const     0x800'4d7c    0x38  locale.o [9]
  .rodata                const     0x800'4db4    0x38  locale.o [9]
  .rodata                const     0x800'4dec    0x38  xlocale_c.o [8]
  .text                  ro code   0x800'4e24    0x38  zero_init3.o [12]
  .rodata                const     0x800'4e5c    0x34  locale.o [9]
  .rodata                const     0x800'4e90    0x34  locale.o [9]
  .rodata                const     0x800'4ec4    0x34  locale.o [9]
  .rodata                const     0x800'4ef8    0x30  locale.o [9]
  .rodata                const     0x800'4f28    0x30  locale.o [9]
  .rodata                const     0x800'4f58    0x30  locale.o [9]
  .rodata                const     0x800'4f88    0x30  locale.o [9]
  .text                  ro code   0x800'4fb8    0x30  main.o [1]
  .text                  ro code   0x800'4fe8     0x4  main.o [1]
  .text                  ro code   0x800'4fec    0x2e  startup.o [1]
  .text                  ro code   0x800'501a    0x2a  AllMode.o [4]
  .rodata                const     0x800'5044    0x28  locale.o [9]
  .rodata                const     0x800'506c    0x28  locale.o [9]
  .rodata                const     0x800'5094    0x28  ios.instantiations.o [9]
  .text                  ro code   0x800'50bc    0x28  startup.o [1]
  .text                  ro code   0x800'50e4     0x6  startup.o [1]
  .text                  ro code   0x800'50ec    0x28  data_init.o [12]
  .text                  ro code   0x800'5114    0x26  iar_newlocale.o [9]
  .rodata                const     0x800'513c    0x24  locale.o [9]
  .rodata                const     0x800'5160    0x24  locale.o [9]
  .text                  ro code   0x800'5184    0x22  fpinit_M.o [11]
  .iar.init_table        const     0x800'51a8    0x24  - Linker created -
  .rodata                const     0x800'51cc    0x20  main.o [1]
  .rodata                const     0x800'51ec    0x20  main.o [1]
  .rodata                const     0x800'520c    0x20  main.o [1]
  .rodata                const     0x800'522c    0x20  main.o [1]
  .rodata                const     0x800'524c    0x20  main.o [1]
  .rodata                const     0x800'526c    0x20  locale.o [9]
  .rodata                const     0x800'528c    0x20  locale.o [9]
  .rodata                const     0x800'52ac    0x20  locale.o [9]
  .rodata                const     0x800'52cc    0x20  locale.o [9]
  .text                  ro code   0x800'52ec    0x20  cmain_call_ctors.o [12]
  .text                  ro code   0x800'530c    0x1e  locale.o [9]
  .text                  ro code   0x800'532a    0x1e  locale.o [9]
  .text                  ro code   0x800'5348    0x1e  cmain.o [12]
  .text                  ro code   0x800'5366     0x4  low_level_init.o [8]
  .text                  ro code   0x800'536a     0x4  exit.o [8]
  .text                  ro code   0x800'5370    0x12  cexit.o [12]
  .rodata                const     0x800'5384    0x1c  Button.o [2]
  .rodata                const     0x800'53a0    0x1c  locale.o [9]
  .rodata                const     0x800'53bc    0x1c  locale.o [9]
  .rodata                const     0x800'53d8    0x1c  locale.o [9]
  .rodata                const     0x800'53f4    0x1c  locale.o [9]
  .text                  ro code   0x800'5410    0x1c  locale.o [9]
  .rodata                const     0x800'542c    0x18  locale.o [9]
  .rodata                const     0x800'5444    0x18  locale.o [9]
  .text                  ro code   0x800'545c    0x18  ios.instantiations.o [9]
  .rodata                const     0x800'5474    0x14  locale.o [9]
  .rodata                const     0x800'5488    0x14  locale.o [9]
  .text                  ro code   0x800'549c    0x14  locale.o [9]
  .text                  ro code   0x800'54b0    0x14  locale.o [9]
  .text                  ro code   0x800'54c4    0x14  locale.o [9]
  .text                  ro code   0x800'54d8    0x14  locale.o [9]
  .text                  ro code   0x800'54ec    0x14  locale.o [9]
  .text                  ro code   0x800'5500    0x14  locale.o [9]
  .text                  ro code   0x800'5514    0x14  locale.o [9]
  .text                  ro code   0x800'5528    0x14  locale.o [9]
  .text                  ro code   0x800'553c    0x14  locale.o [9]
  .text                  ro code   0x800'5550    0x14  locale.o [9]
  .text                  ro code   0x800'5564    0x14  locale.o [9]
  .text                  ro code   0x800'5578    0x14  locale.o [9]
  .text                  ro code   0x800'558c    0x14  locale.o [9]
  .text                  ro code   0x800'55a0    0x14  locale.o [9]
  .text                  ro code   0x800'55b4    0x14  locale.o [9]
  .text                  ro code   0x800'55c8    0x14  locale.o [9]
  .text                  ro code   0x800'55dc    0x14  locale.o [9]
  .text                  ro code   0x800'55f0    0x14  locale.o [9]
  .text                  ro code   0x800'5604    0x14  locale.o [9]
  .text                  ro code   0x800'5618    0x14  locale.o [9]
  .rodata                const     0x800'562c    0x10  AllMode.o [4]
  .rodata                const     0x800'563c    0x10  AllMode.o [4]
  .rodata                const     0x800'564c    0x10  ChessMode.o [5]
  .rodata                const     0x800'565c    0x10  Led.o [3]
  .rodata                const     0x800'566c    0x10  SlideMode.o [6]
  .rodata                const     0x800'567c    0x10  TreeMode.o [7]
  .rodata                const     0x800'568c    0x10  ios.o [9]
  .rodata                const     0x800'569c    0x10  ios.instantiations.o [9]
  .text                  ro code   0x800'56ac    0x10  main.o [1]
  .text                  ro code   0x800'56bc    0x10  main.o [1]
  .text                  ro code   0x800'56cc    0x10  main.o [1]
  .text                  ro code   0x800'56dc     0xc  main.o [1]
  .text                  ro code   0x800'56e8     0xc  main.o [1]
  .text                  ro code   0x800'56f4    0x10  main.o [1]
  .text                  ro code   0x800'5704     0xc  main.o [1]
  .text                  ro code   0x800'5710     0xc  main.o [1]
  .text                  ro code   0x800'571c    0x10  main.o [1]
  .text                  ro code   0x800'572c    0x10  main.o [1]
  .text                  ro code   0x800'573c    0x10  main.o [1]
  .text                  ro code   0x800'574c    0x10  startup.o [1]
  .text                  ro code   0x800'575c     0xe  main.o [1]
  .text                  ro code   0x800'576c     0xc  main.o [1]
  .text                  ro code   0x800'5778     0xe  main.o [1]
  .text                  ro code   0x800'5788     0xc  main.o [1]
  .text                  ro code   0x800'5794     0xe  main.o [1]
  .text                  ro code   0x800'57a2     0xe  main.o [1]
  .text                  ro code   0x800'57b0     0xe  main.o [1]
  .text                  ro code   0x800'57be     0xe  ios.instantiations.o [9]
  .text                  ro code   0x800'57cc     0xe  iar_newlocale.o [9]
  .rodata                const     0x800'57dc     0xc  main.o [1]
  .text                  ro code   0x800'57e8     0xc  main.o [1]
  .text                  ro code   0x800'57f4     0xc  main.o [1]
  .text                  ro code   0x800'5800     0xc  main.o [1]
  .text                  ro code   0x800'580c     0xc  iostream_cout.o [9]
  SHT$$PREINIT_ARRAY               0x800'5818     0x4  <Block>
    .preinit_array       const     0x800'5818     0x4  iostream_cout.o [9]
  SHT$$INIT_ARRAY                  0x800'581c     0x8  <Block>
    .init_array          const     0x800'581c     0x4  main.o [1]
    .init_array          const     0x800'5820     0x4  iar_newlocale.o [9]
  __iar_tls$$INIT_ARRAY            0x800'5824     0x0  <Block>
  .text                  ro code   0x800'5824     0xa  main.o [1]
  .text                  ro code   0x800'582e     0xa  main.o [1]
  .rodata                const     0x800'5838     0x8  main.o [1]
  .rodata                const     0x800'5840     0x8  main.o [1]
  .rodata                const     0x800'5848     0x8  main.o [1]
  .rodata                const     0x800'5850     0x8  main.o [1]
  .rodata                const     0x800'5858     0x8  main.o [1]
  .rodata                const     0x800'5860     0x8  locale.o [9]
  .rodata                const     0x800'5868     0x8  ios.instantiations.o [9]
  .text                  ro code   0x800'5870     0x8  main.o [1]
  .text                  ro code   0x800'5878     0x6  main.o [1]
  .text                  ro code   0x800'587e     0x6  main.o [1]
  .text                  ro code   0x800'5884     0x6  main.o [1]
  .text                  ro code   0x800'588a     0x6  main.o [1]
  .text                  ro code   0x800'5890     0x6  main.o [1]
  .text                  ro code   0x800'5896     0x4  ios.instantiations.o [9]
  .text                  ro code   0x800'589c     0x0  cstart_call_dtors.o [12]
  .text                  ro code   0x800'589c     0x0  cstart_closeall.o [12]
  .rodata                const     0x800'589c     0x0  zero_init3.o [12]
  .rodata                const     0x800'589c     0x0  lz77_init_single.o [12]
  Initializer bytes      const     0x800'589c    0x8a  <for P2-1>
                                 - 0x800'5926  0x586a

"P2", part 1 of 3:                              0x188
  P2-1                            0x2000'0000   0x188  <Init block>
    .data                inited   0x2000'0000    0x10  main.o [1]
    .data                inited   0x2000'0010    0x10  main.o [1]
    .data                inited   0x2000'0020    0x48  xfiles.o [8]
    .data                inited   0x2000'0068    0x48  xfiles.o [8]
    .data                inited   0x2000'00b0    0x48  xfiles.o [8]
    .data                inited   0x2000'00f8    0x20  xfiles.o [8]
    .data                inited   0x2000'0118    0x38  xlocale_c.o [8]
    .data                inited   0x2000'0150    0x18  xlocale_c.o [8]
    .data                inited   0x2000'0168    0x18  xlocale_c.o [8]
    .data                inited   0x2000'0180     0x8  XShttio.o [8]
                                - 0x2000'0188   0x188

"P2", part 2 of 3:                              0x548
  .bss                   zero     0x2000'0188   0x178  locale.o [9]
  .bss                   zero     0x2000'0300    0xb0  locale.o [9]
  .bss                   zero     0x2000'03b0    0x90  iostream_cout.o [9]
  .bss                   zero     0x2000'0440    0x80  XShHandles.o [8]
  .bss                   zero     0x2000'04c0    0x50  xfiles.o [8]
  .bss                   zero     0x2000'0510    0x50  xfiles.o [8]
  .bss                   zero     0x2000'0560    0x20  main.o [1]
  .bss                   zero     0x2000'0580    0x1c  iar_newlocale.o [9]
  .bss                   zero     0x2000'059c    0x10  main.o [1]
  .bss                   zero     0x2000'05ac     0xc  main.o [1]
  .bss                   zero     0x2000'05b8     0xc  main.o [1]
  .bss                   zero     0x2000'05c4     0xc  locale.o [9]
  .bss                   zero     0x2000'05d0     0x8  main.o [1]
  .bss                   zero     0x2000'05d8     0x8  main.o [1]
  .bss                   zero     0x2000'05e0     0x8  main.o [1]
  .bss                   zero     0x2000'05e8     0x8  main.o [1]
  .bss                   zero     0x2000'05f0     0x8  main.o [1]
  .bss                   zero     0x2000'05f8     0x8  main.o [1]
  .bss                   zero     0x2000'0600     0x8  locale.o [9]
  .bss                   zero     0x2000'0608     0x8  locale.o [9]
  .bss                   zero     0x2000'0610     0x8  locale.o [9]
  .bss                   zero     0x2000'0618     0x8  locale.o [9]
  .bss                   zero     0x2000'0620     0x8  locale.o [9]
  .bss                   zero     0x2000'0628     0x8  locale.o [9]
  .bss                   zero     0x2000'0630     0x8  locale.o [9]
  .bss                   zero     0x2000'0638     0x8  locale.o [9]
  .bss                   zero     0x2000'0640     0x8  locale.o [9]
  .bss                   zero     0x2000'0648     0x8  locale.o [9]
  .bss                   zero     0x2000'0650     0x8  locale.o [9]
  .bss                   zero     0x2000'0658     0x8  locale.o [9]
  .bss                   zero     0x2000'0660     0x8  locale.o [9]
  .bss                   zero     0x2000'0668     0x8  locale.o [9]
  .bss                   zero     0x2000'0670     0x8  locale.o [9]
  .bss                   zero     0x2000'0678     0x8  locale.o [9]
  .bss                   zero     0x2000'0680     0x8  locale.o [9]
  .bss                   zero     0x2000'0688     0x8  locale.o [9]
  .bss                   zero     0x2000'0690     0x8  locale.o [9]
  .bss                   zero     0x2000'0698     0x8  locale.o [9]
  .bss                   zero     0x2000'06a0     0x8  locale.o [9]
  .bss                   zero     0x2000'06a8     0x8  heap0.o [8]
  .bss                   zero     0x2000'06b0     0x4  startup.o [1]
  .bss                   zero     0x2000'06b4     0x4  locale.o [9]
  .bss                   zero     0x2000'06b8     0x4  cppinit.o [8]
  .bss                   zero     0x2000'06bc     0x4  cppinit.o [8]
  .bss                   zero     0x2000'06c0     0x4  new.o [10]
  .bss                   zero     0x2000'06c4     0x4  xgetmemchunk.o [8]
  .bss                   zero     0x2000'06c8     0x4  xfail_s.o [8]
  .tbss                  zero     0x2000'06cc     0x4  errno.o [8]
                                - 0x2000'06d0   0x548

"P2", part 3 of 3:                             0x41c8
  .iar.dynexit                    0x2000'06d0   0x1c8  <Block>
    .iar.dynexit         uninit   0x2000'06d0     0xc  cppinit.o [8]
    .iar.dynexit         uninit   0x2000'06dc   0x1bc  <Block tail>
  CSTACK                          0x2000'0898  0x2000  <Block>
    CSTACK               uninit   0x2000'0898  0x2000  <Block tail>
  HEAP                            0x2000'2898  0x2000  <Block>
    HEAP                 uninit   0x2000'2898  0x2000  <Block tail>
                                - 0x2000'4898  0x41c8

Unused ranges:

         From           To      Size
         ----           --      ----
   0x800'5926   0x803'ffff  0x3'a6da
  0x2000'4898  0x2001'ffff  0x1'b768


*******************************************************************************
*** INIT TABLE
***

          Address      Size
          -------      ----
Zero (__iar_zero_init3)
    1 destination range, total size 0x548:
          0x2000'0188  0x548

Copy/lz77 (__iar_lz77_init_single3)
    1 source range, total size 0x8a (35% of destination):
           0x800'589c   0x8a
    1 destination range, total size 0x188:
          0x2000'0000  0x188

Extra (__iar_cstart_call_ctors)



*******************************************************************************
*** MODULE SUMMARY
***

    Module                       ro code  ro data  rw data
    ------                       -------  -------  -------
command line/config:
    ------------------------------------------------------
    Total:

D:\POIP\POIP-8-sem-\Lab_2\Debug\Obj: [1]
    main.o                           980      227      152
    startup.o                        180      188        4
    ------------------------------------------------------
    Total:                         1'160      415      156

D:\POIP\POIP-8-sem-\Lab_2\Debug\Obj\Components\Button: [2]
    Button.o                         176       28
    ------------------------------------------------------
    Total:                           176       28

D:\POIP\POIP-8-sem-\Lab_2\Debug\Obj\Components\LED: [3]
    Led.o                             70       16
    ------------------------------------------------------
    Total:                            70       16

D:\POIP\POIP-8-sem-\Lab_2\Debug\Obj\Modes\AllMode: [4]
    AllMode.o                        148       32
    ------------------------------------------------------
    Total:                           148       32

D:\POIP\POIP-8-sem-\Lab_2\Debug\Obj\Modes\ChessMode: [5]
    ChessMode.o                       88       16
    ------------------------------------------------------
    Total:                            88       16

D:\POIP\POIP-8-sem-\Lab_2\Debug\Obj\Modes\SlideMode: [6]
    SlideMode.o                      160       16
    ------------------------------------------------------
    Total:                           160       16

D:\POIP\POIP-8-sem-\Lab_2\Debug\Obj\Modes\TreeMode: [7]
    TreeMode.o                        80       16
    ------------------------------------------------------
    Total:                            80       16

dl7M_tlf.a: [8]
    XShHandles.o                     204               128
    XShttio.o                          8        3        8
    abort.o                            6
    cppinit.o                        160                20
    errno.o                           36                 4
    exit.o                             4
    fclose.o                         126
    fflush.o                         172
    fputc.o                           84
    fseek.o                           36
    fwrite.o                         184
    heap0.o                          316                 8
    heaptramp0.o                       4
    low_level_init.o                   4
    tp_nothreads.o                     4
    vsnprint.o                        60
    xcloseall.o                       64
    xfail_s.o                         64                 4
    xfgpos.o                          12
    xfiles.o                                   87      408
    xfofind.o                        140
    xfspos.o                         216
    xfwprep.o                        180
    xgetmemchunk.o                    44                 4
    xlocale_c.o                       24      170      104
    xprintffull_nomb.o             3'754
    xsnprout.o                        26
    ------------------------------------------------------
    Total:                         5'932      260      688

dllibcpp7M_tls_fc.a: [9]
    iar_locale.o                      40
    iar_newlocale.o                  776        4       28
    ios.instantiations.o             780      128
    ios.o                            180       16
    iostream_cout.o                  542       68      144
    locale.o                       5'016    2'450      736
    memory.o                           2
    mutex.o                           24
    string.o                          80
    vector.o                           4
    ------------------------------------------------------
    Total:                         7'444    2'666      908

dlpprt7M_tl_fc.a: [10]
    cxxabi.o                          10
    delaop_0.o                         4
    delop4_0.o                         4
    delop_0.o                         10
    new.o                                                4
    newop_0.o                         36
    nomemory.o                         4
    ------------------------------------------------------
    Total:                            68                 4

m7M_tls.a: [11]
    DblAddSub.o                      590
    DblCmpGe.o                        52
    DblCmpLe.o                        52
    DblDiv.o                         582
    DblMul.o                         426
    DblToS32.o                        54
    DblToU32.o                        34
    S32ToDbl.o                        34
    U32ToDbl.o                        28
    fpinit_M.o                        34
    frexp.o                          112
    ldexp.o                          314
    ------------------------------------------------------
    Total:                         2'312

rt7M_tl.a: [12]
    ABImemcpy_unaligned.o            118
    ABImemset.o                      102
    I64DivMod.o                      560
    I64DivZer.o                        2
    arm_exceptions_uncaught_c.o        4
    cexit.o                           18
    cmain.o                           30
    cmain_call_ctors.o                32
    cstart_call_dtors.o
    cstart_closeall.o
    data_init.o                       40
    lz77_init_single.o               126
    memchr.o                          88
    strchr.o                          22
    strlen.o                          54
    zero_init3.o                      56
    ------------------------------------------------------
    Total:                         1'252

shb_l.a: [13]
    close.o                           24
    dwrite.o                          30
    exit.o                            20
    iarttio.o                        124
    iarwrite.o                        34
    iarwstd.o                         32
    lseek.o                           78
    remove.o                          20
    unwind_debug.o                              1
    write.o                           16
    ------------------------------------------------------
    Total:                           378        1

    Gaps                              42       10
    Linker created                             36   16'828
----------------------------------------------------------
    Grand Total:                  19'310    3'512   18'584


*******************************************************************************
*** ENTRY LIST
***

Entry                       Address   Size  Type      Object
-----                       -------   ----  ----      ------
.iar.dynexit$$Base      0x2000'06d0          --   Gb  - Linker created -
.iar.dynexit$$Limit     0x2000'0898          --   Gb  - Linker created -
.iar.init_table$$Base    0x800'51a8          --   Gb  - Linker created -
.iar.init_table$$Limit   0x800'51cc          --   Gb  - Linker created -
?main                    0x800'5349         Code  Gb  cmain.o [12]
Aldata                  0x2000'06a8    0x8  Data  Lc  heap0.o [8]
AllMode::AllMode(std::array<ILed *, (unsigned int)4> const &)
                         0x800'3879   0x12  Code  Gb  AllMode.o [4]
Button::AddObserver(IButtonObserver &)
                         0x800'3863   0x16  Code  Gb  Button.o [2]
Button::Button(IPinReadable const &)
                         0x800'37e9   0x2a  Code  Gb  Button.o [2]
Button::IsPressed() const
                         0x800'3819   0x4a  Code  Gb  Button.o [2]
CSTACK$$Base            0x2000'0898          --   Gb  - Linker created -
CSTACK$$Limit           0x2000'2898          --   Gb  - Linker created -
ChessMode::ChessMode(std::array<ILed *, (unsigned int)4> const &)
                         0x800'3891   0x18  Code  Gb  ChessMode.o [5]
ChessMode::Clear()       0x800'38ad   0x2a  Code  Gb  ChessMode.o [5]
Delay(unsigned int)      0x800'36f3   0x2c  Code  Gb  main.o [1]
DtorRecArray            0x2000'06d0    0xc  Data  Lc  cppinit.o [8]
Garland::Garland(std::array<IMode *, (unsigned int)4> const &)
                         0x800'39c9   0x20  Code  Wk  main.o [1]
Garland::OnButtonPress()
                         0x800'5871    0x8  Code  Wk  main.o [1]
Garland::SwitchNextMode()
                         0x800'4fb9   0x30  Code  Wk  main.o [1]
Garland::UpdateCurrentMode() const
                         0x800'3add   0x14  Code  Wk  main.o [1]
HEAP$$Base              0x2000'2898          --   Gb  - Linker created -
HEAP$$Limit             0x2000'4898          --   Gb  - Linker created -
IButton::IButton()       0x800'3b65    0x2  Code  Wk  Button.o [2]
IButton::IButton() [subobject]
                         0x800'3af9    0x8  Code  Wk  Button.o [2]
IButtonObserver::IButtonObserver()
                         0x800'3b8b    0x2  Code  Wk  main.o [1]
IButtonObserver::IButtonObserver() [subobject]
                         0x800'3b55    0x8  Code  Wk  main.o [1]
ILed::ILed()             0x800'3b63    0x2  Code  Wk  Led.o [3]
ILed::ILed() [subobject]
                         0x800'3af1    0x8  Code  Wk  Led.o [3]
IMode::Clear()           0x800'3b2b   0x2a  Code  Wk  AllMode.o [4]
IMode::IMode(std::array<ILed *, (unsigned int)4> const &)
                         0x800'3b69    0xc  Code  Wk  AllMode.o [4]
IMode::IMode(std::array<ILed *, (unsigned int)4> const &) [subobject]
                         0x800'3b15    0x8  Code  Wk  AllMode.o [4]
IMode::Update()          0x800'501b   0x2a  Code  Wk  AllMode.o [4]
IObservable::IObservable()
                         0x800'3b67    0x2  Code  Wk  Button.o [2]
IObservable::IObservable() [subobject]
                         0x800'3b01    0x8  Code  Wk  Button.o [2]
InterruptHandler::DummyHandler()
                         0x800'13cf    0x2  Code  Wk  startup.o [1]
InterruptHandler::SystemTimerHandler()
                         0x800'161f    0x2  Code  Wk  startup.o [1]
InterruptHandler::Timer2Handler()
                         0x800'50bd   0x28  Code  Wk  startup.o [1]
InterruptHandler::Timer2Handler()::i
                        0x2000'06b0    0x4  Data  Wk  startup.o [1]
Led::Led(IPin const &)   0x800'37ad   0x16  Code  Gb  Led.o [3]
Led::SwithOff() const    0x800'37c9   0x10  Code  Gb  Led.o [3]
Led::Toggle() const      0x800'37d9   0x10  Code  Gb  Led.o [3]
Pin<GPIOA, (int)5>::IsHigh() const
                         0x800'575d    0xe  Code  Wk  main.o [1]
Pin<GPIOA, (int)5>::Reset() const
                         0x800'56cd   0x10  Code  Wk  main.o [1]
Pin<GPIOA, (int)5>::Toggle() const
                         0x800'5825    0xa  Code  Wk  main.o [1]
Pin<GPIOC, (int)13>::IsHigh() const
                         0x800'57b1    0xe  Code  Wk  main.o [1]
Pin<GPIOC, (int)13>::Reset() const
                         0x800'573d   0x10  Code  Wk  main.o [1]
Pin<GPIOC, (int)13>::Toggle() const
                         0x800'5801    0xc  Code  Wk  main.o [1]
Pin<GPIOC, (int)5>::IsHigh() const
                         0x800'5779    0xe  Code  Wk  main.o [1]
Pin<GPIOC, (int)5>::Reset() const
                         0x800'56f5   0x10  Code  Wk  main.o [1]
Pin<GPIOC, (int)5>::Toggle() const
                         0x800'582f    0xa  Code  Wk  main.o [1]
Pin<GPIOC, (int)8>::IsHigh() const
                         0x800'5795    0xe  Code  Wk  main.o [1]
Pin<GPIOC, (int)8>::Reset() const
                         0x800'571d   0x10  Code  Wk  main.o [1]
Pin<GPIOC, (int)8>::Toggle() const
                         0x800'57e9    0xc  Code  Wk  main.o [1]
Pin<GPIOC, (int)9>::IsHigh() const
                         0x800'57a3    0xe  Code  Wk  main.o [1]
Pin<GPIOC, (int)9>::Reset() const
                         0x800'572d   0x10  Code  Wk  main.o [1]
Pin<GPIOC, (int)9>::Toggle() const
                         0x800'57f5    0xc  Code  Wk  main.o [1]
Region$$Table$$Base      0x800'51a8          --   Gb  - Linker created -
Region$$Table$$Limit     0x800'51cc          --   Gb  - Linker created -
SHT$$INIT_ARRAY$$Base    0x800'581c          --   Gb  - Linker created -
SHT$$INIT_ARRAY$$Limit   0x800'5824          --   Gb  - Linker created -
SHT$$PREINIT_ARRAY$$Base
                         0x800'5818          --   Gb  - Linker created -
SHT$$PREINIT_ARRAY$$Limit
                         0x800'581c          --   Gb  - Linker created -
SlideMode::SlideMode(std::array<ILed *, (unsigned int)4> const &)
                         0x800'3929   0x20  Code  Gb  SlideMode.o [6]
SlideMode::Update()      0x800'394d   0x7c  Code  Gb  SlideMode.o [6]
Thunk for (offset -4) Pin<GPIOA, (int)5>::IsHigh() const
                         0x800'5879    0x6  Code  Wk  main.o [1]
Thunk for (offset -4) Pin<GPIOC, (int)13>::IsHigh() const
                         0x800'5891    0x6  Code  Wk  main.o [1]
Thunk for (offset -4) Pin<GPIOC, (int)5>::IsHigh() const
                         0x800'587f    0x6  Code  Wk  main.o [1]
Thunk for (offset -4) Pin<GPIOC, (int)8>::IsHigh() const
                         0x800'5885    0x6  Code  Wk  main.o [1]
Thunk for (offset -4) Pin<GPIOC, (int)9>::IsHigh() const
                         0x800'588b    0x6  Code  Wk  main.o [1]
TreeMode::TreeMode(std::array<ILed *, (unsigned int)4> const &)
                         0x800'38d9   0x1c  Code  Gb  TreeMode.o [7]
TreeMode::Update()       0x800'38f9   0x30  Code  Gb  TreeMode.o [7]
Virtual function table for AllMode
                         0x800'563c   0x10  Data  Wk  AllMode.o [4]
Virtual function table for Button
                         0x800'5384   0x1c  Data  Wk  Button.o [2]
Virtual function table for ChessMode
                         0x800'564c   0x10  Data  Wk  ChessMode.o [5]
Virtual function table for Garland
                         0x800'57dc    0xc  Data  Wk  main.o [1]
Virtual function table for IMode
                         0x800'562c   0x10  Data  Wk  AllMode.o [4]
Virtual function table for Led
                         0x800'565c   0x10  Data  Wk  Led.o [3]
Virtual function table for Pin<GPIOA, (int)5>
                         0x800'51cc   0x20  Data  Wk  main.o [1]
Virtual function table for Pin<GPIOC, (int)13>
                         0x800'524c   0x20  Data  Wk  main.o [1]
Virtual function table for Pin<GPIOC, (int)5>
                         0x800'51ec   0x20  Data  Wk  main.o [1]
Virtual function table for Pin<GPIOC, (int)8>
                         0x800'520c   0x20  Data  Wk  main.o [1]
Virtual function table for Pin<GPIOC, (int)9>
                         0x800'522c   0x20  Data  Wk  main.o [1]
Virtual function table for SlideMode
                         0x800'566c   0x10  Data  Wk  SlideMode.o [6]
Virtual function table for TreeMode
                         0x800'567c   0x10  Data  Wk  TreeMode.o [7]
Virtual function table for std::__stdoutbuf<char>
                         0x800'4c4c   0x40  Data  Wk  iostream_cout.o [9]
Virtual function table for std::__time_get_c_storage<char>
                         0x800'513c   0x24  Data  Wk  locale.o [9]
Virtual function table for std::__time_get_c_storage<wchar_t>
                         0x800'5160   0x24  Data  Wk  locale.o [9]
Virtual function table for std::codecvt<char, char, _Mbstatet>
                         0x800'4ef8   0x30  Data  Wk  locale.o [9]
Virtual function table for std::codecvt<char16_t, char, _Mbstatet>
                         0x800'4f58   0x30  Data  Wk  locale.o [9]
Virtual function table for std::codecvt<char32_t, char, _Mbstatet>
                         0x800'4f88   0x30  Data  Wk  locale.o [9]
Virtual function table for std::codecvt<wchar_t, char, _Mbstatet>
                         0x800'4f28   0x30  Data  Wk  locale.o [9]
Virtual function table for std::collate<char>
                         0x800'526c   0x20  Data  Wk  locale.o [9]
Virtual function table for std::collate<wchar_t>
                         0x800'528c   0x20  Data  Wk  locale.o [9]
Virtual function table for std::ctype<char>
                         0x800'4e5c   0x34  Data  Wk  locale.o [9]
Virtual function table for std::ctype<wchar_t>
                         0x800'4b04   0x44  Data  Wk  locale.o [9]
Virtual function table for std::ios
                         0x800'569c   0x10  Data  Wk  ios.instantiations.o [9]
Virtual function table for std::ios_base
                         0x800'568c   0x10  Data  Wk  ios.o [9]
Virtual function table for std::locale::__imp
                         0x800'5488   0x14  Data  Wk  locale.o [9]
Virtual function table for std::locale::facet
                         0x800'5474   0x14  Data  Wk  locale.o [9]
Virtual function table for std::messages<char>
                         0x800'52ac   0x20  Data  Wk  locale.o [9]
Virtual function table for std::messages<wchar_t>
                         0x800'52cc   0x20  Data  Wk  locale.o [9]
Virtual function table for std::money_get<char, std::istreambuf_iterator<char, std::char_traits<char>>>
                         0x800'53a0   0x1c  Data  Wk  locale.o [9]
Virtual function table for std::money_get<wchar_t, std::istreambuf_iterator<wchar_t, std::char_traits<wchar_t>>>
                         0x800'53bc   0x1c  Data  Wk  locale.o [9]
Virtual function table for std::money_put<char, std::ostreambuf_iterator<char, std::char_traits<char>>>
                         0x800'53d8   0x1c  Data  Wk  locale.o [9]
Virtual function table for std::money_put<wchar_t, std::ostreambuf_iterator<wchar_t, std::char_traits<wchar_t>>>
                         0x800'53f4   0x1c  Data  Wk  locale.o [9]
Virtual function table for std::moneypunct<char, (bool)0>
                         0x800'4d0c   0x38  Data  Wk  locale.o [9]
Virtual function table for std::moneypunct<char, (bool)1>
                         0x800'4d44   0x38  Data  Wk  locale.o [9]
Virtual function table for std::moneypunct<wchar_t, (bool)0>
                         0x800'4d7c   0x38  Data  Wk  locale.o [9]
Virtual function table for std::moneypunct<wchar_t, (bool)1>
                         0x800'4db4   0x38  Data  Wk  locale.o [9]
Virtual function table for std::num_get<char, std::istreambuf_iterator<char, std::char_traits<char>>>
                         0x800'4b8c   0x40  Data  Wk  locale.o [9]
Virtual function table for std::num_get<wchar_t, std::istreambuf_iterator<wchar_t, std::char_traits<wchar_t>>>
                         0x800'4bcc   0x40  Data  Wk  locale.o [9]
Virtual function table for std::num_put<char, std::ostreambuf_iterator<char, std::char_traits<char>>>
                         0x800'4e90   0x34  Data  Wk  locale.o [9]
Virtual function table for std::num_put<wchar_t, std::ostreambuf_iterator<wchar_t, std::char_traits<wchar_t>>>
                         0x800'4ec4   0x34  Data  Wk  locale.o [9]
Virtual function table for std::numpunct<char>
                         0x800'5044   0x28  Data  Wk  locale.o [9]
Virtual function table for std::numpunct<wchar_t>
                         0x800'506c   0x28  Data  Wk  locale.o [9]
Virtual function table for std::ostream
                         0x800'5094   0x28  Data  Wk  ios.instantiations.o [9]
Virtual function table for std::streambuf
                         0x800'4c0c   0x40  Data  Wk  ios.instantiations.o [9]
Virtual function table for std::time_get<char, std::istreambuf_iterator<char, std::char_traits<char>>>
                         0x800'4978   0x54  Data  Wk  locale.o [9]
Virtual function table for std::time_get<wchar_t, std::istreambuf_iterator<wchar_t, std::char_traits<wchar_t>>>
                         0x800'49cc   0x54  Data  Wk  locale.o [9]
Virtual function table for std::time_put<char, std::ostreambuf_iterator<char, std::char_traits<char>>>
                         0x800'542c   0x18  Data  Wk  locale.o [9]
Virtual function table for std::time_put<wchar_t, std::ostreambuf_iterator<wchar_t, std::char_traits<wchar_t>>>
                         0x800'5444   0x18  Data  Wk  locale.o [9]
Virtual table table for std::ostream
                         0x800'5868    0x8  Data  Wk  ios.instantiations.o [9]
[local to iar_newlocale_cpp]::std::sLast
                        0x2000'0598    0x4  Data  Lc  iar_newlocale.o [9]
[local to iar_newlocale_cpp]::std::sLastName
                        0x2000'0580    0xc  Data  Lc  iar_newlocale.o [9]
[local to iar_newlocale_cpp]::std::sRefCounts
                        0x2000'058c    0xc  Data  Lc  iar_newlocale.o [9]
[local to iostream_cout_cpp]::std::<unnamed>::__coutg
                        0x2000'0404    0x1  Data  Lc  iostream_cout.o [9]
[local to iostream_cout_cpp]::std::__cout
                        0x2000'0410   0x30  Data  Lc  iostream_cout.o [9]
[local to iostream_cout_cpp]::std::mb_cout
                        0x2000'0408    0x8  Data  Lc  iostream_cout.o [9]
_CProfile               0x2000'0150   0x18  Data  Lc  xlocale_c.o [8]
_Close_all               0x800'4ccd   0x40  Code  Gb  xcloseall.o [8]
_Files                  0x2000'00f8   0x20  Data  Gb  xfiles.o [8]
_Fofree                  0x800'4661   0x86  Code  Gb  xfofind.o [8]
_Fspos                   0x800'3b8f   0xd8  Code  Gb  xfspos.o [8]
_Fwprep                  0x800'3f65   0xb4  Code  Gb  xfwprep.o [8]
_LC                      0x800'00bd    0x6  Code  Lc  xprintffull_nomb.o [8]
_LitobFullNoMb           0x800'0d85  0x114  Code  Lc  xprintffull_nomb.o [8]
_LocaleC_lconv           0x800'4dec   0x38  Data  Lc  xlocale_c.o [8]
_Locale_Profile         0x2000'0168   0x18  Data  Lc  xlocale_c.o [8]
_Locale_lconv           0x2000'0118   0x38  Data  Lc  xlocale_c.o [8]
_Nnl                     0x800'3d15    0xc  Code  Gb  xfgpos.o [8]
_PrintfFullNoMb          0x800'00c3  0xc92  Code  Gb  xprintffull_nomb.o [8]
_PutcharsFullNoMb        0x800'0ef1   0x2e  Code  Lc  xprintffull_nomb.o [8]
_SNProut                 0x800'0ffb   0x1a  Code  Gb  xsnprout.o [8]
__aeabi_atexit           0x800'431d    0xa  Code  Gb  cxxabi.o [10]
__aeabi_cdcmple          0x800'11d1         Code  Gb  DblCmpLe.o [11]
__aeabi_cdrcmple         0x800'1205         Code  Gb  DblCmpGe.o [11]
__aeabi_d2iz             0x800'1375         Code  Gb  DblToS32.o [11]
__aeabi_d2uiz            0x800'1869         Code  Gb  DblToU32.o [11]
__aeabi_ddiv             0x800'1621         Code  Gb  DblDiv.o [11]
__aeabi_dmul             0x800'18a9         Code  Gb  DblMul.o [11]
__aeabi_dsub             0x800'153d         Code  Gb  DblAddSub.o [11]
__aeabi_i2d              0x800'13ad         Code  Gb  S32ToDbl.o [11]
__aeabi_ldiv0            0x800'1cc9         Code  Gb  I64DivZer.o [12]
__aeabi_memset           0x800'4569         Code  Gb  ABImemset.o [12]
__aeabi_ui2d             0x800'188d         Code  Gb  U32ToDbl.o [11]
__aeabi_uldivmod         0x800'1a6d         Code  Gb  I64DivMod.o [12]
__basic_free             0x800'2fd9   0x16  Code  Gb  heap0.o [8]
__basic_free_intern      0x800'2fef   0x74  Code  Lc  heap0.o [8]
__basic_malloc           0x800'2f2d   0x18  Code  Gb  heap0.o [8]
__basic_malloc_intern    0x800'2f45   0x94  Code  Lc  heap0.o [8]
__call_ctors             0x800'41a1   0x18  Code  Gb  cppinit.o [8]
__call_dtors             0x800'41ef    0xc  Code  Gb  cppinit.o [8]
__call_dtors0            0x800'41fb   0x36  Code  Gb  cppinit.o [8]
__cexit_call_dtors       0x800'5373         Code  Gb  cexit.o [12]
__cexit_closeall         0x800'5377         Code  Gb  cexit.o [12]
__close                  0x800'4863   0x18  Code  Gb  close.o [13]
__cmain                  0x800'5349         Code  Gb  cmain.o [12]
__cstart_call_dtors      0x800'589c         Data  Gb  cstart_call_dtors.o [12]
__cstart_closeall        0x800'589c         Data  Gb  cstart_closeall.o [12]
__cxa_atexit             0x800'41b9   0x36  Code  Gb  cppinit.o [8]
__data_GetMemChunk       0x800'30c5   0x2c  Code  Gb  xgetmemchunk.o [8]
__data_GetMemChunk::start
                        0x2000'06c4    0x4  Data  Lc  xgetmemchunk.o [8]
__dso_handle            0x2000'06bc    0x4  Data  Gb  cppinit.o [8]
__dwrite                 0x800'3e4d   0x1e  Code  Gb  dwrite.o [13]
__exit                   0x800'1ccd   0x14  Code  Gb  exit.o [13]
__iar_CProfile           0x800'1a55    0x4  Code  Gb  xlocale_c.o [8]
__iar_C_Locale           0x800'4a74   0x48  Data  Lc  xlocale_c.o [8]
__iar_Errno             0x2000'06cc    0x4  Tls   Gb  errno.o [8]
__iar_Fail_s             0x800'1015   0x1c  Code  Gb  xfail_s.o [8]
__iar_Memchr             0x800'1091         Code  Gb  memchr.o [12]
__iar_Memset             0x800'4569         Code  Gb  ABImemset.o [12]
__iar_Memset_word        0x800'4571         Code  Gb  ABImemset.o [12]
__iar_Stderr            0x2000'00b0   0x48  Data  Gb  xfiles.o [8]
__iar_Stdin             0x2000'0020   0x48  Data  Gb  xfiles.o [8]
__iar_Stdout            0x2000'0068   0x48  Data  Gb  xfiles.o [8]
__iar_Strchr             0x800'0fe5         Code  Gb  strchr.o [12]
__iar_close_ttio         0x800'1ce5   0x2c  Code  Gb  iarttio.o [13]
__iar_cstart_call_ctors
                         0x800'52ed   0x20  Code  Gb  cmain_call_ctors.o [12]
__iar_data_init3         0x800'50ed   0x28  Code  Gb  data_init.o [12]
__iar_debug_exceptions   0x800'1866    0x1  Data  Gb  unwind_debug.o [13]
__iar_errno_set          0x800'1ca5    0xe  Code  Gb  errno.o [8]
__iar_errno_set_ERANGE   0x800'1cb3    0xc  Code  Gb  errno.o [8]
__iar_frexp              0x800'116d         Code  Gb  frexp.o [11]
__iar_frexpl             0x800'116d         Code  Gb  frexp.o [11]
__iar_get_ttio           0x800'1d11   0x4c  Code  Gb  iarttio.o [13]
__iar_global_Profile     0x800'1a59    0x4  Code  Gb  xlocale_c.o [8]
__iar_init_vfp           0x800'5185         Code  Gb  fpinit_M.o [11]
__iar_ldexp64            0x800'1239         Code  Gb  ldexp.o [11]
__iar_lookup_ttioh       0x800'1d61    0x8  Code  Gb  XShttio.o [8]
__iar_lz77_init_single3
                         0x800'0f67   0x7e  Code  Gb  lz77_init_single.o [12]
__iar_nothread_read_tp   0x800'1ce1    0x4  Code  Gb  tp_nothreads.o [8]
__iar_program_start      0x800'574d   0x10  Code  Gb  startup.o [1]
__iar_scalbln64          0x800'1239         Code  Gb  ldexp.o [11]
__iar_scalbn64           0x800'1239         Code  Gb  ldexp.o [11]
__iar_sh_Discard         0x800'3d81   0x42  Code  Gb  XShHandles.o [8]
__iar_sh_Move            0x800'3dc3   0x46  Code  Gb  XShHandles.o [8]
__iar_sh_Pos             0x800'3e09   0x40  Code  Gb  XShHandles.o [8]
__iar_sh_stdout          0x800'3e6b   0x20  Code  Gb  iarwstd.o [13]
__iar_sh_write           0x800'3e8b   0x22  Code  Gb  iarwrite.o [13]
__iar_softfp___iar_frexp64
                         0x800'1161         Code  Gb  frexp.o [11]
__iar_softfp_frexp       0x800'1161         Code  Gb  frexp.o [11]
__iar_softfp_frexpl      0x800'1161         Code  Gb  frexp.o [11]
__iar_tls$$INIT_ARRAY$$Base
                         0x800'5824          --   Gb  - Linker created -
__iar_tls$$INIT_ARRAY$$Limit
                         0x800'5824          --   Gb  - Linker created -
__iar_ttio_handles      0x2000'0180    0x8  Data  Lc  XShttio.o [8]
__iar_unaligned_memcpy   0x800'10e9         Code  Gb  ABImemcpy_unaligned.o [12]
__iar_unaligned_memcpy4
                         0x800'1109         Code  Gb  ABImemcpy_unaligned.o [12]
__iar_unaligned_memcpy8
                         0x800'1109         Code  Gb  ABImemcpy_unaligned.o [12]
__iar_zero_init3         0x800'4e25   0x38  Code  Gb  zero_init3.o [12]
__low_level_init         0x800'5367    0x4  Code  Gb  low_level_init.o [8]
__lseek                  0x800'3d21   0x4e  Code  Gb  lseek.o [13]
__no_uncaught_exception
                         0x800'4479    0x4  Code  Gb  arm_exceptions_uncaught_c.o [12]
__sti__routine           0x800'369d   0x56  Code  Lc  main.o [1]
__sti__routine           0x800'4241   0x68  Code  Lc  iostream_cout.o [9]
__sti__routine           0x800'4b49   0x32  Code  Lc  iar_newlocale.o [9]
__vector_table           0x800'0000   0xbc  Data  Lc  startup.o [1]
__write                  0x800'3d6f   0x10  Code  Gb  write.o [13]
_call_main               0x800'5355         Code  Gb  cmain.o [12]
_exit                    0x800'5371         Code  Gb  cexit.o [12]
abort                    0x800'1c9d    0x6  Code  Gb  abort.o [8]
allMode                 0x2000'05f0    0x8  Data  Gb  main.o [1]
bool FieldValueBase<TIM2_SR_UIF_Values<TIM2::SR, (unsigned int)0, (unsigned int)1, ReadWriteMode, TIM2::TIM2SRBase>, TIM2::TIM2SRBase, (unsigned int)1>::IsSet<ReadWriteMode, void>()
                         0x800'3a15   0x10  Code  Wk  main.o [1]
chessMode               0x2000'05f8    0x8  Data  Gb  main.o [1]
decltype(((param#1.size)())) std::size<std::array<ILed *, (unsigned int)4>>(std::array<ILed *, (unsigned int)4> const &)
                         0x800'3b23    0x8  Code  Wk  ChessMode.o [5]
ebuf                    0x2000'04c0   0x50  Data  Lc  xfiles.o [8]
exit                     0x800'536b    0x4  Code  Gb  exit.o [8]
fclose                   0x800'47e5   0x7e  Code  Gb  fclose.o [8]
fflush                   0x800'3cdd   0x34  Code  Gb  fflush.o [8]
fflushOne                0x800'3c69   0x74  Code  Lc  fflush.o [8]
fputc                    0x800'4a21   0x54  Code  Gb  fputc.o [8]
free                     0x800'2eef    0x4  Code  Gb  heaptramp0.o [8]
freelocale               0x800'2a9d   0xa4  Code  Wk  iar_newlocale.o [9]
fseek                    0x800'4019   0x24  Code  Gb  fseek.o [8]
fwrite                   0x800'3ead   0xb8  Code  Gb  fwrite.o [8]
garland                 0x2000'05b8    0xc  Data  Gb  main.o [1]
ldexp                    0x800'1239         Code  Gb  ldexp.o [11]
ldexpl                   0x800'1239         Code  Gb  ldexp.o [11]
led1                    0x2000'05d0    0x8  Data  Gb  main.o [1]
led2                    0x2000'05d8    0x8  Data  Gb  main.o [1]
led3                    0x2000'05e0    0x8  Data  Gb  main.o [1]
led4                    0x2000'05e8    0x8  Data  Gb  main.o [1]
leds                    0x2000'0000   0x10  Data  Gb  main.o [1]
localeconv               0x800'1a5d    0x4  Code  Gb  xlocale_c.o [8]
main                     0x800'371f   0x48  Code  Gb  main.o [1]
memchr                   0x800'1091         Code  Gb  memchr.o [12]
modes                   0x2000'0010   0x10  Data  Gb  main.o [1]
next_abi_dtor_rec       0x2000'06b8    0x4  Data  Lc  cppinit.o [8]
obuf                    0x2000'0510   0x50  Data  Lc  xfiles.o [8]
operator delete (void *)
                         0x800'2b7d    0xa  Code  Gb  delop_0.o [10]
operator delete (void *, unsigned int)
                         0x800'25c1    0x4  Code  Gb  delop4_0.o [10]
operator delete[] (void *)
                         0x800'2a5f    0x4  Code  Gb  delaop_0.o [10]
operator new (unsigned int)
                         0x800'2bd5   0x24  Code  Gb  newop_0.o [10]
pinA5                    0x800'5838    0x8  Data  Wk  main.o [1]
pinC13                   0x800'5858    0x8  Data  Wk  main.o [1]
pinC5                    0x800'5840    0x8  Data  Wk  main.o [1]
pinC8                    0x800'5848    0x8  Data  Wk  main.o [1]
pinC9                    0x800'5850    0x8  Data  Wk  main.o [1]
remove                   0x800'487b   0x14  Code  Gb  remove.o [13]
sFileInfo               0x2000'0440   0x80  Data  Lc  XShHandles.o [8]
scalbln                  0x800'1239         Code  Gb  ldexp.o [11]
scalblnl                 0x800'1239         Code  Gb  ldexp.o [11]
scalbn                   0x800'1239         Code  Gb  ldexp.o [11]
scalbnl                  0x800'1239         Code  Gb  ldexp.o [11]
scale                    0x800'0e99   0x46  Code  Lc  xprintffull_nomb.o [8]
sec_hand                0x2000'06c8    0x4  Data  Lc  xfail_s.o [8]
slideMode               0x2000'059c   0x10  Data  Gb  main.o [1]
snprintf_l               0x800'2a79   0x24  Code  Gb  iar_locale.o [9]
std::<unnamed>::__cout_guard::~__cout_guard()
                         0x800'42a9    0xe  Code  Lc  iostream_cout.o [9]
std::_GLOBAL__N__10_locale_cpp_3334805e::make<std::codecvt<char, char, mbstate_t>, unsigned int>(unsigned int)::buf
                        0x2000'01f0    0x8  Data  Lc  locale.o [9]
std::_GLOBAL__N__10_locale_cpp_3334805e::make<std::codecvt<char16_t, char, mbstate_t>, unsigned int>(unsigned int)::buf
                        0x2000'0208    0x8  Data  Lc  locale.o [9]
std::_GLOBAL__N__10_locale_cpp_3334805e::make<std::codecvt<char32_t, char, mbstate_t>, unsigned int>(unsigned int)::buf
                        0x2000'0210    0x8  Data  Lc  locale.o [9]
std::_GLOBAL__N__10_locale_cpp_3334805e::make<std::codecvt<wchar_t, char, mbstate_t>, unsigned int>(unsigned int)::buf
                        0x2000'01f8   0x10  Data  Lc  locale.o [9]
std::_GLOBAL__N__10_locale_cpp_3334805e::make<std::collate<char>, unsigned int>(unsigned int)::buf
                        0x2000'01d8    0x8  Data  Lc  locale.o [9]
std::_GLOBAL__N__10_locale_cpp_3334805e::make<std::collate<wchar_t>, unsigned int>(unsigned int)::buf
                        0x2000'01e0    0x8  Data  Lc  locale.o [9]
std::_GLOBAL__N__10_locale_cpp_3334805e::make<std::ctype<char>, std::nullptr_t, bool, unsigned int>(std::nullptr_t, bool, unsigned int)::buf
                        0x2000'0188   0x10  Data  Lc  locale.o [9]
std::_GLOBAL__N__10_locale_cpp_3334805e::make<std::ctype<wchar_t>, unsigned int>(unsigned int)::buf
                        0x2000'01e8    0x8  Data  Lc  locale.o [9]
std::_GLOBAL__N__10_locale_cpp_3334805e::make<std::locale::__imp, unsigned int>(unsigned int)::buf
                        0x2000'0308   0xa8  Data  Lc  locale.o [9]
std::_GLOBAL__N__10_locale_cpp_3334805e::make<std::messages<char>, unsigned int>(unsigned int)::buf
                        0x2000'02f0    0x8  Data  Lc  locale.o [9]
std::_GLOBAL__N__10_locale_cpp_3334805e::make<std::messages<wchar_t>, unsigned int>(unsigned int)::buf
                        0x2000'02f8    0x8  Data  Lc  locale.o [9]
std::_GLOBAL__N__10_locale_cpp_3334805e::make<std::money_get<char>, unsigned int>(unsigned int)::buf
                        0x2000'0290    0x8  Data  Lc  locale.o [9]
std::_GLOBAL__N__10_locale_cpp_3334805e::make<std::money_get<wchar_t>, unsigned int>(unsigned int)::buf
                        0x2000'0298    0x8  Data  Lc  locale.o [9]
std::_GLOBAL__N__10_locale_cpp_3334805e::make<std::money_put<char>, unsigned int>(unsigned int)::buf
                        0x2000'02a0    0x8  Data  Lc  locale.o [9]
std::_GLOBAL__N__10_locale_cpp_3334805e::make<std::money_put<wchar_t>, unsigned int>(unsigned int)::buf
                        0x2000'02a8    0x8  Data  Lc  locale.o [9]
std::_GLOBAL__N__10_locale_cpp_3334805e::make<std::moneypunct<char, false>, unsigned int>(unsigned int)::buf
                        0x2000'0270    0x8  Data  Lc  locale.o [9]
std::_GLOBAL__N__10_locale_cpp_3334805e::make<std::moneypunct<char, true>, unsigned int>(unsigned int)::buf
                        0x2000'0278    0x8  Data  Lc  locale.o [9]
std::_GLOBAL__N__10_locale_cpp_3334805e::make<std::moneypunct<wchar_t, false>, unsigned int>(unsigned int)::buf
                        0x2000'0280    0x8  Data  Lc  locale.o [9]
std::_GLOBAL__N__10_locale_cpp_3334805e::make<std::moneypunct<wchar_t, true>, unsigned int>(unsigned int)::buf
                        0x2000'0288    0x8  Data  Lc  locale.o [9]
std::_GLOBAL__N__10_locale_cpp_3334805e::make<std::num_get<char>, unsigned int>(unsigned int)::buf
                        0x2000'0250    0x8  Data  Lc  locale.o [9]
std::_GLOBAL__N__10_locale_cpp_3334805e::make<std::num_get<wchar_t>, unsigned int>(unsigned int)::buf
                        0x2000'0258    0x8  Data  Lc  locale.o [9]
std::_GLOBAL__N__10_locale_cpp_3334805e::make<std::num_put<char>, unsigned int>(unsigned int)::buf
                        0x2000'0260    0x8  Data  Lc  locale.o [9]
std::_GLOBAL__N__10_locale_cpp_3334805e::make<std::num_put<wchar_t>, unsigned int>(unsigned int)::buf
                        0x2000'0268    0x8  Data  Lc  locale.o [9]
std::_GLOBAL__N__10_locale_cpp_3334805e::make<std::numpunct<char>, unsigned int>(unsigned int)::buf
                        0x2000'0218   0x18  Data  Lc  locale.o [9]
std::_GLOBAL__N__10_locale_cpp_3334805e::make<std::numpunct<wchar_t>, unsigned int>(unsigned int)::buf
                        0x2000'0230   0x20  Data  Lc  locale.o [9]
std::_GLOBAL__N__10_locale_cpp_3334805e::make<std::time_get<char>, unsigned int>(unsigned int)::buf
                        0x2000'02b0   0x10  Data  Lc  locale.o [9]
std::_GLOBAL__N__10_locale_cpp_3334805e::make<std::time_get<wchar_t>, unsigned int>(unsigned int)::buf
                        0x2000'02c0   0x10  Data  Lc  locale.o [9]
std::_GLOBAL__N__10_locale_cpp_3334805e::make<std::time_put<char>, unsigned int>(unsigned int)::buf
                        0x2000'02d0   0x10  Data  Lc  locale.o [9]
std::_GLOBAL__N__10_locale_cpp_3334805e::make<std::time_put<wchar_t>, unsigned int>(unsigned int)::buf
                        0x2000'02e0   0x10  Data  Lc  locale.o [9]
std::_NomemoryNothrow()
                         0x800'2f27    0x4  Code  Gb  nomemory.o [10]
std::__basic_string_common<(bool)1>::__throw_length_error() const
                         0x800'2bd1    0x4  Code  Wk  string.o [9]
std::__call_once(unsigned long volatile &, void *, void (*)(void *))
                         0x800'2a47   0x18  Code  Gb  mutex.o [9]
std::__cloc()            0x800'2a75    0x4  Code  Gb  iar_locale.o [9]
std::__iar_New_hand     0x2000'06c0    0x4  Data  Gb  new.o [10]
std::__num_put<char>::__widen_and_group_int(char *, char *, char *, char *, char *&, char *&, std::locale const &)
                         0x800'34f1  0x174  Code  Wk  locale.o [9]
std::__num_put_base::__format_int(char *, char const *, bool, unsigned int)
                         0x800'2519   0x64  Code  Gb  locale.o [9]
std::__num_put_base::__identify_padding(char *, char *, std::ios_base const &)
                         0x800'257d   0x3a  Code  Gb  locale.o [9]
std::__shared_count::__release_shared()
                         0x800'25c7   0x32  Code  Wk  locale.o [9]
std::__shared_count::~__shared_count() [subobject]
                         0x800'25c5    0x2  Code  Gb  memory.o [9]
std::__split_buffer<std::locale::facet *, std::__sso_allocator<std::locale::facet *, (unsigned int)30> &>::__split_buffer(unsigned int, unsigned int, std::__sso_allocator<std::locale::facet *, (unsigned int)30> &)
                         0x800'2c59   0x2c  Code  Wk  locale.o [9]
std::__split_buffer<std::locale::facet *, std::__sso_allocator<std::locale::facet *, (unsigned int)30> &>::~__split_buffer()
                         0x800'2c8f   0x28  Code  Wk  locale.o [9]
std::__stdoutbuf<char>::__stdoutbuf(__FILE *, _Mbstatet *)
                         0x800'42d9   0x44  Code  Wk  iostream_cout.o [9]
std::__stdoutbuf<char>::overflow(int)
                         0x800'40f1   0xae  Code  Wk  iostream_cout.o [9]
std::__stdoutbuf<char>::sync()
                         0x800'4abd   0x48  Code  Wk  iostream_cout.o [9]
std::__stdoutbuf<char>::xsputn(char const *, int)
                         0x800'4c8d   0x40  Code  Wk  iostream_cout.o [9]
std::__stdoutbuf<char>::~__stdoutbuf()
                         0x800'580d    0xc  Code  Wk  iostream_cout.o [9]
std::__tree<std::__value_type<_Locale_Profile_t const *, int>, std::__map_value_compare<_Locale_Profile_t const *, std::__value_type<_Locale_Profile_t const *, int>, std::less<_Locale_Profile_t const *>, (bool)1>, std::allocator<std::__value_type<_Locale_Profile_t const *, int>>>::destroy(std::__tree_node<std::__value_type<_Locale_Profile_t const *, int>, void *> *)
                         0x800'5115   0x26  Code  Wk  iar_newlocale.o [9]
std::__vector_base<std::locale::facet *, std::__sso_allocator<std::locale::facet *, (unsigned int)30>>::__destruct_at_end(std::locale::facet **)
                         0x800'2cb7   0x10  Code  Wk  locale.o [9]
std::__vector_base<std::locale::facet *, std::__sso_allocator<std::locale::facet *, (unsigned int)30>>::capacity() const
                         0x800'2bf9    0xc  Code  Wk  locale.o [9]
std::__vector_base<std::locale::facet *, std::__sso_allocator<std::locale::facet *, (unsigned int)30>>::~__vector_base()
                         0x800'292f   0x2a  Code  Wk  locale.o [9]
std::__vector_base_common<(bool)1>::__throw_length_error() const
                         0x800'2ef9    0x4  Code  Wk  vector.o [9]
std::allocator_traits<std::__sso_allocator<std::locale::facet *, (unsigned int)30>>::allocate(std::__sso_allocator<std::locale::facet *, (unsigned int)30> &, unsigned int)
                         0x800'2efd   0x2a  Code  Wk  locale.o [9]
std::allocator_traits<std::__sso_allocator<std::locale::facet *, (unsigned int)30>>::deallocate(std::__sso_allocator<std::locale::facet *, (unsigned int)30> &, std::locale::facet **, unsigned int)
                         0x800'2c05   0x16  Code  Wk  locale.o [9]
std::allocator_traits<std::allocator<std::__tree_node<std::__value_type<_Locale_Profile_t const *, int>, void *>>>::deallocate(std::allocator<std::__tree_node<std::__value_type<_Locale_Profile_t const *, int>, void *>>&, std::__tree_node<std::__value_type<_Locale_Profile_t const *, int>, void *> *, unsigned int)
                         0x800'2ea5    0xc  Code  Wk  iar_newlocale.o [9]
std::array<IButtonObserver *, (unsigned int)4>::operator [](unsigned int)
                         0x800'3b0f    0x6  Code  Wk  Button.o [2]
std::array<IButtonObserver *, (unsigned int)4>::operator [](unsigned int) const
                         0x800'3b09    0x6  Code  Wk  Button.o [2]
std::array<ILed *, (unsigned int)4>::begin() const
                         0x800'3b79    0x8  Code  Wk  AllMode.o [4]
std::array<ILed *, (unsigned int)4>::data() const
                         0x800'3b8d    0x2  Code  Wk  AllMode.o [4]
std::array<ILed *, (unsigned int)4>::end() const
                         0x800'3b81    0xa  Code  Wk  AllMode.o [4]
std::array<ILed *, (unsigned int)4>::operator [](unsigned int) const
                         0x800'3b1d    0x6  Code  Wk  ChessMode.o [5]
std::array<ILed *, (unsigned int)4>::size() const
                         0x800'3b75    0x4  Code  Wk  ChessMode.o [5]
std::array<IMode *, (unsigned int)4>::operator [](unsigned int) const
                         0x800'3b5d    0x6  Code  Wk  main.o [1]
std::array<IMode *, (unsigned int)4>::size() const
                         0x800'4fe9    0x4  Code  Wk  main.o [1]
std::char_traits<char>::copy(char *, char const *, unsigned int)
                         0x800'30b5    0xe  Code  Wk  string.o [9]
std::codecvt<char, char, _Mbstatet>::codecvt(unsigned int)
                         0x800'26e1   0x18  Code  Wk  locale.o [9]
std::codecvt<char, char, _Mbstatet>::do_always_noconv() const
                         0x800'2459    0x4  Code  Gb  locale.o [9]
std::codecvt<char, char, _Mbstatet>::do_out(_Mbstatet &, char const *, char const *, char const *&, char *, char *, char *&) const
                         0x800'2445    0x2  Code  Gb  locale.o [9]
std::codecvt<char, char, _Mbstatet>::do_unshift(_Mbstatet &, char *, char *, char *&) const
                         0x800'2455    0x4  Code  Gb  locale.o [9]
std::codecvt<char, char, _Mbstatet>::id
                        0x2000'01a8    0x8  Data  Gb  locale.o [9]
std::codecvt<char, char, _Mbstatet>::~codecvt() [deleting]
                         0x800'1db5    0x4  Code  Gb  locale.o [9]
std::codecvt<char16_t, char, _Mbstatet>::codecvt(unsigned int)
                         0x800'26f9   0x18  Code  Wk  locale.o [9]
std::codecvt<char16_t, char, _Mbstatet>::id
                        0x2000'01b8    0x8  Data  Gb  locale.o [9]
std::codecvt<char16_t, char, _Mbstatet>::~codecvt() [deleting]
                         0x800'1dc3    0x4  Code  Gb  locale.o [9]
std::codecvt<char32_t, char, _Mbstatet>::codecvt(unsigned int)
                         0x800'2711   0x18  Code  Wk  locale.o [9]
std::codecvt<char32_t, char, _Mbstatet>::id
                        0x2000'01c0    0x8  Data  Gb  locale.o [9]
std::codecvt<char32_t, char, _Mbstatet>::~codecvt() [deleting]
                         0x800'1dc7    0x4  Code  Gb  locale.o [9]
std::codecvt<wchar_t, char, _Mbstatet>::codecvt(unsigned int)
                         0x800'245d   0x16  Code  Gb  locale.o [9]
std::codecvt<wchar_t, char, _Mbstatet>::id
                        0x2000'01b0    0x8  Data  Gb  locale.o [9]
std::codecvt<wchar_t, char, _Mbstatet>::~codecvt()
                         0x800'247d   0x1c  Code  Gb  locale.o [9]
std::codecvt<wchar_t, char, _Mbstatet>::~codecvt() [deleting]
                         0x800'1db9    0xa  Code  Gb  locale.o [9]
std::collate<char>::collate(unsigned int)
                         0x800'2699   0x18  Code  Wk  locale.o [9]
std::collate<char>::id  0x2000'0600    0x8  Data  Wk  locale.o [9]
std::collate<char>::~collate() [deleting]
                         0x800'549d   0x14  Code  Wk  locale.o [9]
std::collate<wchar_t>::collate(unsigned int)
                         0x800'26b1   0x18  Code  Wk  locale.o [9]
std::collate<wchar_t>::id
                        0x2000'0608    0x8  Data  Wk  locale.o [9]
std::collate<wchar_t>::~collate() [deleting]
                         0x800'54b1   0x14  Code  Wk  locale.o [9]
std::cout               0x2000'03b0   0x54  Data  Gb  iostream_cout.o [9]
std::ctype<char> const & std::use_facet<std::ctype<char>>(std::locale const &)
                         0x800'47c9   0x10  Code  Wk  startup.o [1]
std::ctype<char>::classic_table() noexcept::builtin_table
                         0x800'30f0  0x400  Data  Lc  locale.o [9]
std::ctype<char>::do_widen(char const *, char const *, char *) const
                         0x800'2421   0x14  Code  Gb  locale.o [9]
std::ctype<char>::do_widen(char) const
                         0x800'241d    0x4  Code  Gb  locale.o [9]
std::ctype<char>::id    0x2000'01a0    0x8  Data  Gb  locale.o [9]
std::ctype<char>::widen(char const *, char const *, char *) const
                         0x800'3689    0xa  Code  Wk  locale.o [9]
std::ctype<char>::widen(char) const
                         0x800'47d9    0xc  Code  Wk  startup.o [1]
std::ctype<char>::~ctype()
                         0x800'2407   0x16  Code  Gb  locale.o [9]
std::ctype<char>::~ctype() [deleting]
                         0x800'1da1   0x14  Code  Gb  locale.o [9]
std::ctype<wchar_t>::ctype(unsigned int)
                         0x800'26c9   0x18  Code  Wk  locale.o [9]
std::ctype<wchar_t>::id
                        0x2000'0198    0x8  Data  Gb  locale.o [9]
std::ctype<wchar_t>::~ctype() [deleting]
                         0x800'1d8d    0x2  Code  Gb  locale.o [9]
std::enable_if<(std::is_move_constructible<std::locale::facet **>::value&&std::is_move_assignable<std::locale::facet **>::value), void>::type std::swap<std::locale::facet **>(std::locale::facet ** &, std::locale::facet ** &)
                         0x800'2c85    0xa  Code  Wk  locale.o [9]
std::ios::fill() const   0x800'4775   0x1a  Code  Wk  ios.instantiations.o [9]
std::ios::widen(char) const
                         0x800'479f   0x28  Code  Wk  startup.o [1]
std::ios_base::__call_callbacks(std::ios_base::event)
                         0x800'403f   0x22  Code  Gb  ios.o [9]
std::ios_base::clear(unsigned int)
                         0x800'4099   0x16  Code  Gb  ios.o [9]
std::ios_base::getloc() const
                         0x800'4061    0x6  Code  Gb  ios.o [9]
std::ios_base::init(void *)
                         0x800'40af   0x3e  Code  Gb  ios.o [9]
std::ios_base::~ios_base()
[...]
                         0x800'55c9   0x14  Code  Wk  locale.o [9]
std::money_put<char, std::ostreambuf_iterator<char, std::char_traits<char>>>::id
                        0x2000'0680    0x8  Data  Wk  locale.o [9]
std::money_put<char, std::ostreambuf_iterator<char, std::char_traits<char>>>::money_put(unsigned int)
                         0x800'2819   0x18  Code  Wk  locale.o [9]
std::money_put<char, std::ostreambuf_iterator<char, std::char_traits<char>>>::~money_put() [deleting]
                         0x800'55dd   0x14  Code  Wk  locale.o [9]
std::money_put<wchar_t, std::ostreambuf_iterator<wchar_t, std::char_traits<wchar_t>>>::id
                        0x2000'0688    0x8  Data  Wk  locale.o [9]
std::money_put<wchar_t, std::ostreambuf_iterator<wchar_t, std::char_traits<wchar_t>>>::money_put(unsigned int)
                         0x800'2831   0x18  Code  Wk  locale.o [9]
std::money_put<wchar_t, std::ostreambuf_iterator<wchar_t, std::char_traits<wchar_t>>>::~money_put() [deleting]
                         0x800'55f1   0x14  Code  Wk  locale.o [9]
std::moneypunct<char, (bool)0>::id
                        0x2000'0650    0x8  Data  Wk  locale.o [9]
std::moneypunct<char, (bool)0>::moneypunct(unsigned int)
                         0x800'2789   0x18  Code  Wk  locale.o [9]
std::moneypunct<char, (bool)0>::~moneypunct() [deleting]
                         0x800'5565   0x14  Code  Wk  locale.o [9]
std::moneypunct<char, (bool)1>::id
                        0x2000'0658    0x8  Data  Wk  locale.o [9]
std::moneypunct<char, (bool)1>::moneypunct(unsigned int)
                         0x800'27a1   0x18  Code  Wk  locale.o [9]
std::moneypunct<char, (bool)1>::~moneypunct() [deleting]
                         0x800'5579   0x14  Code  Wk  locale.o [9]
std::moneypunct<wchar_t, (bool)0>::id
                        0x2000'0660    0x8  Data  Wk  locale.o [9]
std::moneypunct<wchar_t, (bool)0>::moneypunct(unsigned int)
                         0x800'27b9   0x18  Code  Wk  locale.o [9]
std::moneypunct<wchar_t, (bool)0>::~moneypunct() [deleting]
                         0x800'558d   0x14  Code  Wk  locale.o [9]
std::moneypunct<wchar_t, (bool)1>::id
                        0x2000'0668    0x8  Data  Wk  locale.o [9]
std::moneypunct<wchar_t, (bool)1>::moneypunct(unsigned int)
                         0x800'27d1   0x18  Code  Wk  locale.o [9]
std::moneypunct<wchar_t, (bool)1>::~moneypunct() [deleting]
                         0x800'55a1   0x14  Code  Wk  locale.o [9]
std::num_get<char, std::istreambuf_iterator<char, std::char_traits<char>>>::id
                        0x2000'0610    0x8  Data  Wk  locale.o [9]
std::num_get<char, std::istreambuf_iterator<char, std::char_traits<char>>>::num_get(unsigned int)
                         0x800'2729   0x18  Code  Wk  locale.o [9]
std::num_get<char, std::istreambuf_iterator<char, std::char_traits<char>>>::~num_get() [deleting]
                         0x800'54c5   0x14  Code  Wk  locale.o [9]
std::num_get<wchar_t, std::istreambuf_iterator<wchar_t, std::char_traits<wchar_t>>>::id
                        0x2000'0618    0x8  Data  Wk  locale.o [9]
std::num_get<wchar_t, std::istreambuf_iterator<wchar_t, std::char_traits<wchar_t>>>::num_get(unsigned int)
                         0x800'2741   0x18  Code  Wk  locale.o [9]
std::num_get<wchar_t, std::istreambuf_iterator<wchar_t, std::char_traits<wchar_t>>>::~num_get() [deleting]
                         0x800'54d9   0x14  Code  Wk  locale.o [9]
std::num_put<char, std::ostreambuf_iterator<char, std::char_traits<char>>>::do_put(std::ostreambuf_iterator<char, std::char_traits<char>>, std::ios_base &, char, long) const
                         0x800'45d1   0x90  Code  Wk  locale.o [9]
std::num_put<char, std::ostreambuf_iterator<char, std::char_traits<char>>>::do_put(std::ostreambuf_iterator<char, std::char_traits<char>>, std::ios_base &, char, long) const::string
                         0x800'115e    0x2  Data  Wk  locale.o [9]
std::num_put<char, std::ostreambuf_iterator<char, std::char_traits<char>>>::id
                        0x2000'0620    0x8  Data  Wk  locale.o [9]
std::num_put<char, std::ostreambuf_iterator<char, std::char_traits<char>>>::num_put(unsigned int)
                         0x800'2759   0x18  Code  Wk  locale.o [9]
std::num_put<char, std::ostreambuf_iterator<char, std::char_traits<char>>>::put(std::ostreambuf_iterator<char, std::char_traits<char>>, std::ios_base &, char, long) const
                         0x800'478f   0x10  Code  Wk  locale.o [9]
std::num_put<char, std::ostreambuf_iterator<char, std::char_traits<char>>>::~num_put() [deleting]
                         0x800'54ed   0x14  Code  Wk  locale.o [9]
std::num_put<wchar_t, std::ostreambuf_iterator<wchar_t, std::char_traits<wchar_t>>>::id
                        0x2000'0628    0x8  Data  Wk  locale.o [9]
std::num_put<wchar_t, std::ostreambuf_iterator<wchar_t, std::char_traits<wchar_t>>>::num_put(unsigned int)
                         0x800'2771   0x18  Code  Wk  locale.o [9]
std::num_put<wchar_t, std::ostreambuf_iterator<wchar_t, std::char_traits<wchar_t>>>::~num_put() [deleting]
                         0x800'5501   0x14  Code  Wk  locale.o [9]
std::numpunct<char>::do_grouping() const
                         0x800'2513    0x6  Code  Gb  locale.o [9]
std::numpunct<char>::do_thousands_sep() const
                         0x800'250f    0x4  Code  Gb  locale.o [9]
std::numpunct<char>::id
                        0x2000'01c8    0x8  Data  Gb  locale.o [9]
std::numpunct<char>::numpunct(unsigned int)
                         0x800'24a5   0x1c  Code  Gb  locale.o [9]
std::numpunct<char>::~numpunct()
                         0x800'24e3   0x10  Code  Gb  locale.o [9]
std::numpunct<char>::~numpunct() [deleting]
                         0x800'1dcb    0x4  Code  Gb  locale.o [9]
std::numpunct<wchar_t>::id
                        0x2000'01d0    0x8  Data  Gb  locale.o [9]
std::numpunct<wchar_t>::numpunct(unsigned int)
                         0x800'24c1   0x1a  Code  Gb  locale.o [9]
std::numpunct<wchar_t>::~numpunct()
                         0x800'24f3    0xe  Code  Gb  locale.o [9]
std::numpunct<wchar_t>::~numpunct() [deleting]
                         0x800'1dcf    0x4  Code  Gb  locale.o [9]
std::ostream & std::endl<char, std::char_traits<char>>(std::ostream &)
                         0x800'4fed   0x2e  Code  Wk  startup.o [1]
std::ostream::flush()    0x800'4327   0x54  Code  Wk  ios.instantiations.o [9]
std::ostream::operator <<(int)
                         0x800'46ed   0x88  Code  Wk  ios.instantiations.o [9]
std::ostream::operator <<(std::ostream&(*)(std::ostream&))
                         0x800'50e5    0x6  Code  Wk  startup.o [1]
std::ostream::put(char)
                         0x800'488f   0x68  Code  Wk  ios.instantiations.o [9]
std::ostream::sentry::sentry(std::ostream&)
                         0x800'437f   0x42  Code  Wk  ios.instantiations.o [9]
std::ostream::sentry::~sentry()
                         0x800'43c1   0x94  Code  Wk  ios.instantiations.o [9]
std::ostream::~basic_ostream()
                         0x800'57bf    0xe  Code  Wk  ios.instantiations.o [9]
std::ostreambuf_iterator<char, std::char_traits<char>> std::__pad_and_output<char, std::char_traits<char>>(std::ostreambuf_iterator<char, std::char_traits<char>>, char const *, char const *, char const *, std::ios_base &, char)
                         0x800'447d   0x92  Code  Wk  locale.o [9]
std::streambuf::basic_streambuf()
                         0x800'4455   0x24  Code  Wk  ios.instantiations.o [9]
std::streambuf::basic_streambuf() [subobject]
                         0x800'437b    0x4  Code  Wk  ios.instantiations.o [9]
std::streambuf::overflow(int)
                         0x800'108b    0x6  Code  Wk  ios.instantiations.o [9]
std::streambuf::sputc(char)
                         0x800'48f7   0x20  Code  Wk  ios.instantiations.o [9]
std::streambuf::sputn(char const *, int)
                         0x800'450f    0xa  Code  Wk  locale.o [9]
std::streambuf::sync()   0x800'5897    0x4  Code  Wk  ios.instantiations.o [9]
std::streambuf::xsputn(char const *, int)
                         0x800'4917   0x60  Code  Wk  ios.instantiations.o [9]
std::streambuf::~basic_streambuf() [subobject]
                         0x800'545d   0x18  Code  Wk  ios.instantiations.o [9]
std::string::__get_pointer()
                         0x800'3693    0xa  Code  Wk  locale.o [9]
std::string::__init_copy_ctor_external(char const *, unsigned int)
                         0x800'2eb1   0x3e  Code  Wk  string.o [9]
std::string::__zero()    0x800'2b41    0xa  Code  Wk  locale.o [9]
std::string::basic_string(const std::string&)
                         0x800'2b4b   0x32  Code  Wk  locale.o [9]
std::string::basic_string(unsigned int, char)
                         0x800'4519   0x50  Code  Wk  locale.o [9]
std::string::basic_string<std::nullptr_t>(char const *)
                         0x800'261f   0x58  Code  Wk  locale.o [9]
std::string::size() const
                         0x800'3665    0xc  Code  Wk  locale.o [9]
std::string::~basic_string()
                         0x800'2911   0x1a  Code  Wk  locale.o [9]
std::time_get<char, std::istreambuf_iterator<char, std::char_traits<char>>>::id
                        0x2000'0630    0x8  Data  Wk  locale.o [9]
std::time_get<char, std::istreambuf_iterator<char, std::char_traits<char>>>::time_get(unsigned int)
                         0x800'2849   0x28  Code  Wk  locale.o [9]
std::time_get<char, std::istreambuf_iterator<char, std::char_traits<char>>>::~time_get() [deleting]
                         0x800'5515   0x14  Code  Wk  locale.o [9]
std::time_get<wchar_t, std::istreambuf_iterator<wchar_t, std::char_traits<wchar_t>>>::id
                        0x2000'0638    0x8  Data  Wk  locale.o [9]
std::time_get<wchar_t, std::istreambuf_iterator<wchar_t, std::char_traits<wchar_t>>>::time_get(unsigned int)
                         0x800'2871   0x28  Code  Wk  locale.o [9]
std::time_get<wchar_t, std::istreambuf_iterator<wchar_t, std::char_traits<wchar_t>>>::~time_get() [deleting]
                         0x800'5529   0x14  Code  Wk  locale.o [9]
std::time_put<char, std::ostreambuf_iterator<char, std::char_traits<char>>>::id
                        0x2000'0640    0x8  Data  Wk  locale.o [9]
std::time_put<char, std::ostreambuf_iterator<char, std::char_traits<char>>>::time_put(unsigned int)
                         0x800'2899   0x24  Code  Wk  locale.o [9]
std::time_put<char, std::ostreambuf_iterator<char, std::char_traits<char>>>::~time_put()
                         0x800'530d   0x1e  Code  Wk  locale.o [9]
std::time_put<char, std::ostreambuf_iterator<char, std::char_traits<char>>>::~time_put() [deleting]
                         0x800'553d   0x14  Code  Wk  locale.o [9]
std::time_put<wchar_t, std::ostreambuf_iterator<wchar_t, std::char_traits<wchar_t>>>::id
                        0x2000'0648    0x8  Data  Wk  locale.o [9]
std::time_put<wchar_t, std::ostreambuf_iterator<wchar_t, std::char_traits<wchar_t>>>::time_put(unsigned int)
                         0x800'28bd   0x24  Code  Wk  locale.o [9]
std::time_put<wchar_t, std::ostreambuf_iterator<wchar_t, std::char_traits<wchar_t>>>::~time_put()
                         0x800'532b   0x1e  Code  Wk  locale.o [9]
std::time_put<wchar_t, std::ostreambuf_iterator<wchar_t, std::char_traits<wchar_t>>>::~time_put() [deleting]
                         0x800'5551   0x14  Code  Wk  locale.o [9]
std::unique_ptr<std::locale::facet, std::<unnamed>::release>::~unique_ptr()
                         0x800'1df7   0x14  Code  Lc  locale.o [9]
std::vector<std::locale::facet *, std::__sso_allocator<std::locale::facet *, (unsigned int)30>>::__annotate_delete() const
                         0x800'292b    0x4  Code  Wk  locale.o [9]
std::vector<std::locale::facet *, std::__sso_allocator<std::locale::facet *, (unsigned int)30>>::__append(unsigned int)
                         0x800'2965   0xac  Code  Wk  locale.o [9]
std::vector<std::locale::facet *, std::__sso_allocator<std::locale::facet *, (unsigned int)30>>::__construct_at_end(unsigned int)
                         0x800'2bb1   0x20  Code  Wk  locale.o [9]
std::vector<std::locale::facet *, std::__sso_allocator<std::locale::facet *, (unsigned int)30>>::__destruct_at_end(std::locale::facet **)
                         0x800'2a11   0x1c  Code  Wk  locale.o [9]
std::vector<std::locale::facet *, std::__sso_allocator<std::locale::facet *, (unsigned int)30>>::__recommend(unsigned int) const
                         0x800'2c1b   0x3e  Code  Wk  locale.o [9]
std::vector<std::locale::facet *, std::__sso_allocator<std::locale::facet *, (unsigned int)30>>::__vallocate(unsigned int)
                         0x800'2b87   0x2a  Code  Wk  locale.o [9]
std::vector<std::locale::facet *, std::__sso_allocator<std::locale::facet *, (unsigned int)30>>::clear()
                         0x800'2677   0x22  Code  Wk  locale.o [9]
std::vector<std::locale::facet *, std::__sso_allocator<std::locale::facet *, (unsigned int)30>>::max_size() const
                         0x800'2ef3    0x6  Code  Wk  locale.o [9]
std::vector<std::locale::facet *, std::__sso_allocator<std::locale::facet *, (unsigned int)30>>::size() const
                         0x800'2959    0xc  Code  Wk  locale.o [9]
std::vector<std::locale::facet *, std::__sso_allocator<std::locale::facet *, (unsigned int)30>>::vector(unsigned int)
                         0x800'25f9   0x26  Code  Wk  locale.o [9]
strchr                   0x800'0fe5         Code  Gb  strchr.o [12]
strlen                   0x800'1055         Code  Gb  strlen.o [12]
treeMode                0x2000'05ac    0xc  Data  Gb  main.o [1]
unsigned int RegisterBase<(unsigned int)1073872912, (unsigned int)32, ReadMode>::Get<ReadMode, void>()
                         0x800'576d    0xc  Code  Wk  main.o [1]
unsigned int RegisterBase<(unsigned int)1073872916, (unsigned int)32, ReadWriteMode>::Get<ReadWriteMode, void>()
                         0x800'56dd    0xc  Code  Wk  main.o [1]
unsigned int RegisterBase<(unsigned int)1073874960, (unsigned int)32, ReadMode>::Get<ReadMode, void>()
                         0x800'5789    0xc  Code  Wk  main.o [1]
unsigned int RegisterBase<(unsigned int)1073874964, (unsigned int)32, ReadWriteMode>::Get<ReadWriteMode, void>()
                         0x800'5705    0xc  Code  Wk  main.o [1]
unsigned int const & std::max<unsigned int>(unsigned int const &, unsigned int const &)
                         0x800'3069    0xc  Code  Wk  locale.o [9]
userButton1             0x2000'0560   0x20  Data  Gb  main.o [1]
void FieldValueBase<GPIOA_MODER_MODER15_Values<GPIOA::MODER, (unsigned int)10, (unsigned int)2, ReadWriteMode, GPIOA::GPIOAMODERBase>, GPIOA::GPIOAMODERBase, (unsigned int)1>::Set<ReadWriteMode, void>()
                         0x800'3a8d   0x14  Code  Wk  main.o [1]
void FieldValueBase<GPIOC_MODER_MODER15_Values<GPIOC::MODER, (unsigned int)10, (unsigned int)2, ReadWriteMode, GPIOC::GPIOCMODERBase>, GPIOC::GPIOCMODERBase, (unsigned int)1>::Set<ReadWriteMode, void>()
                         0x800'3aa1   0x14  Code  Wk  main.o [1]
void FieldValueBase<GPIOC_MODER_MODER15_Values<GPIOC::MODER, (unsigned int)16, (unsigned int)2, ReadWriteMode, GPIOC::GPIOCMODERBase>, GPIOC::GPIOCMODERBase, (unsigned int)1>::Set<ReadWriteMode, void>()
                         0x800'3ab5   0x14  Code  Wk  main.o [1]
void FieldValueBase<GPIOC_MODER_MODER15_Values<GPIOC::MODER, (unsigned int)18, (unsigned int)2, ReadWriteMode, GPIOC::GPIOCMODERBase>, GPIOC::GPIOCMODERBase, (unsigned int)1>::Set<ReadWriteMode, void>()
                         0x800'3ac9   0x14  Code  Wk  main.o [1]
void FieldValueBase<RCC_AHB1ENR_DMA2EN_Values<RCC::APB1ENR, (unsigned int)0, (unsigned int)1, ReadWriteMode, RCC::RCCAPB1ENRBase>, RCC::RCCAPB1ENRBase, (unsigned int)1>::Set<ReadWriteMode, void>()
                         0x800'3a45   0x14  Code  Wk  main.o [1]
void FieldValueBase<RCC_AHB1ENR_GPIOAEN_Values<RCC::AHB1ENR, (unsigned int)0, (unsigned int)1, ReadWriteMode, RCC::RCCAHB1ENRBase>, RCC::RCCAHB1ENRBase, (unsigned int)1>::Set<ReadWriteMode, void>()
                         0x800'3a79   0x14  Code  Wk  main.o [1]
void FieldValueBase<RCC_AHB1ENR_GPIOCEN_Values<RCC::AHB1ENR, (unsigned int)2, (unsigned int)1, ReadWriteMode, RCC::RCCAHB1ENRBase>, RCC::RCCAHB1ENRBase, (unsigned int)1>::Set<ReadWriteMode, void>()
                         0x800'3a65   0x14  Code  Wk  main.o [1]
void FieldValueBase<TIM2_CR1_CEN_Values<TIM2::CR1, (unsigned int)0, (unsigned int)1, ReadWriteMode, TIM2::TIM2CR1Base>, TIM2::TIM2CR1Base, (unsigned int)0>::Set<ReadWriteMode, void>()
                         0x800'3a35    0xe  Code  Wk  main.o [1]
void FieldValueBase<TIM2_CR1_CEN_Values<TIM2::CR1, (unsigned int)0, (unsigned int)1, ReadWriteMode, TIM2::TIM2CR1Base>, TIM2::TIM2CR1Base, (unsigned int)1>::Set<ReadWriteMode, void>()
                         0x800'3a01   0x12  Code  Wk  main.o [1]
void FieldValueBase<TIM2_SR_UIF_Values<TIM2::SR, (unsigned int)0, (unsigned int)1, ReadWriteMode, TIM2::TIM2SRBase>, TIM2::TIM2SRBase, (unsigned int)0>::Set<ReadWriteMode, void>()
                         0x800'3a25   0x10  Code  Wk  main.o [1]
void RegisterBase<(unsigned int)1073741860, (unsigned int)32, ReadWriteMode>::Write<ReadWriteMode, void>(unsigned int)
                         0x800'39e9    0xc  Code  Wk  main.o [1]
void RegisterBase<(unsigned int)1073741864, (unsigned int)32, ReadWriteMode>::Write<ReadWriteMode, void>(unsigned int)
                         0x800'3a59    0xc  Code  Wk  main.o [1]
void RegisterBase<(unsigned int)1073741868, (unsigned int)32, ReadWriteMode>::Write<ReadWriteMode, void>(unsigned int)
                         0x800'39f5    0xc  Code  Wk  main.o [1]
void RegisterBase<(unsigned int)1073872916, (unsigned int)32, ReadWriteMode>::Toggle<ReadWriteMode, void>(unsigned int)
                         0x800'56bd   0x10  Code  Wk  main.o [1]
void RegisterBase<(unsigned int)1073872916, (unsigned int)32, ReadWriteMode>::Write<ReadWriteMode, void>(unsigned int)
                         0x800'56e9    0xc  Code  Wk  main.o [1]
void RegisterBase<(unsigned int)1073874964, (unsigned int)32, ReadWriteMode>::Toggle<ReadWriteMode, void>(unsigned int)
                         0x800'56ad   0x10  Code  Wk  main.o [1]
void RegisterBase<(unsigned int)1073874964, (unsigned int)32, ReadWriteMode>::Write<ReadWriteMode, void>(unsigned int)
                         0x800'5711    0xc  Code  Wk  main.o [1]
void std::__call_once_proxy<std::tuple<std::<unnamed>::__fake_bind &&>>(void *)
                         0x800'5411   0x1c  Code  Wk  locale.o [9]
void std::__tree_left_rotate<std::__tree_node_base<void *> *>(std::__tree_node_base<void *> *)
                         0x800'3075   0x20  Code  Wk  iar_newlocale.o [9]
void std::__tree_remove<std::__tree_node_base<void *> *>(std::__tree_node_base<void *> *, std::__tree_node_base<void *> *)
                         0x800'2d05  0x1a0  Code  Wk  iar_newlocale.o [9]
void std::__tree_right_rotate<std::__tree_node_base<void *> *>(std::__tree_node_base<void *> *)
                         0x800'3095   0x20  Code  Wk  iar_newlocale.o [9]
void std::reverse<char *>(char *, char *)
                         0x800'3671   0x18  Code  Wk  locale.o [9]
vsnprintf                0x800'2cc9   0x3c  Code  Gb  vsnprint.o [8]


[1] = D:\POIP\POIP-8-sem-\Lab_2\Debug\Obj
[2] = D:\POIP\POIP-8-sem-\Lab_2\Debug\Obj\Components\Button
[3] = D:\POIP\POIP-8-sem-\Lab_2\Debug\Obj\Components\LED
[4] = D:\POIP\POIP-8-sem-\Lab_2\Debug\Obj\Modes\AllMode
[5] = D:\POIP\POIP-8-sem-\Lab_2\Debug\Obj\Modes\ChessMode
[6] = D:\POIP\POIP-8-sem-\Lab_2\Debug\Obj\Modes\SlideMode
[7] = D:\POIP\POIP-8-sem-\Lab_2\Debug\Obj\Modes\TreeMode
[8] = dl7M_tlf.a
[9] = dllibcpp7M_tls_fc.a
[10] = dlpprt7M_tl_fc.a
[11] = m7M_tls.a
[12] = rt7M_tl.a
[13] = shb_l.a

  19'310 bytes of readonly  code memory
   3'512 bytes of readonly  data memory
  18'584 bytes of readwrite data memory

Errors: none
Warnings: none
