###############################################################################
#
# IAR ELF Linker V9.30.1.335/W64 for ARM                  11/Mar/2023  18:26:50
# Copyright 2007-2022 IAR Systems AB.
#
#    Output file  =  D:\POIP\POIP-8-sem-\Lab_2\Debug\Exe\Lab_2.out
#    Map file     =  D:\POIP\POIP-8-sem-\Lab_2\Debug\List\Lab_2.map
#    Command line =
#        -f D:\POIP\POIP-8-sem-\Lab_2\Debug\Exe\Lab_2.out.rsp
#        (D:\POIP\POIP-8-sem-\Lab_2\Debug\Obj\Modes\AllMode\AllMode.o
#        D:\POIP\POIP-8-sem-\Lab_2\Debug\Obj\Components\Button\Button.o
#        D:\POIP\POIP-8-sem-\Lab_2\Debug\Obj\Modes\ChessMode\ChessMode.o
#        D:\POIP\POIP-8-sem-\Lab_2\Debug\Obj\Components\LED\Led.o
#        D:\POIP\POIP-8-sem-\Lab_2\Debug\Obj\main.o
#        D:\POIP\POIP-8-sem-\Lab_2\Debug\Obj\Modes\SlideMode\SlideMode.o
#        D:\POIP\POIP-8-sem-\Lab_2\Debug\Obj\startup.o
#        D:\POIP\POIP-8-sem-\Lab_2\Debug\Obj\Modes\TreeMode\TreeMode.o
#        --no_out_extension -o D:\POIP\POIP-8-sem-\Lab_2\Debug\Exe\Lab_2.out
#        --redirect _Printf=_PrintfFullNoMb --redirect _Scanf=_ScanfFullNoMb
#        --map D:\POIP\POIP-8-sem-\Lab_2\Debug\List\Lab_2.map --config
#        "C:\Program Files\IAR Systems\Embedded Workbench
#        9.1\arm/config/linker/ST/stm32f411xC.icf" --semihosting --entry
#        __iar_program_start --vfe --text_out locale --cpu=Cortex-M4
#        --fpu=VFPv4_sp)
#
###############################################################################

*******************************************************************************
*** RUNTIME MODEL ATTRIBUTES
***

CppFlavor                     = *
__CPP_Exceptions              = Disabled
__CPP_Language                = C++14
__CPP_Library                 = libc++
__CPP_Runtime                 = 1
__Heap_Handler                = Basic
__SystemLibrary               = DLib
__dlib_dynamic_initialization = normal
__dlib_version                = 6


*******************************************************************************
*** HEAP SELECTION
***

The basic heap was selected because --advanced_heap
was not specified and the application did not appear to
be primarily optimized for speed.


*******************************************************************************
*** PLACEMENT SUMMARY
***

"A0":  place at address 0x800'0000 { ro section .intvec };
"P1":  place in [from 0x800'0000 to 0x803'ffff] { ro };
define block CSTACK with size = 8K, alignment = 8 { };
define block HEAP with size = 8K, alignment = 8 { };
"P2":  place in [from 0x2000'0000 to 0x2001'ffff] {
          rw, block CSTACK, block HEAP };
initialize by copy { rw };

  Section                Kind         Address    Size  Object
  -------                ----         -------    ----  ------
"A0":                                           0x11c
  .intvec                const     0x800'0000   0x11c  startup.o [1]
                                 - 0x800'011c   0x11c

"P1":                                           0xa0c
  .text                  ro code   0x800'011c   0x12c  main.o [1]
  .text                  ro code   0x800'0248    0x3c  Led.o [3]
  .text                  ro code   0x800'0284    0x90  Button.o [2]
  .text                  ro code   0x800'0314    0x18  AllMode.o [4]
  .text                  ro code   0x800'032c    0x46  ChessMode.o [5]
  .text                  ro code   0x800'0372    0x2a  copy_init3.o [11]
  .text                  ro code   0x800'039c    0x50  TreeMode.o [7]
  .text                  ro code   0x800'03ec    0xa0  SlideMode.o [6]
  .text                  ro code   0x800'048c    0x20  main.o [1]
  .text                  ro code   0x800'04ac     0xc  main.o [1]
  .text                  ro code   0x800'04b8     0xc  main.o [1]
  .text                  ro code   0x800'04c4    0x10  main.o [1]
  .text                  ro code   0x800'04d4    0x14  main.o [1]
  .text                  ro code   0x800'04e8    0x14  main.o [1]
  .text                  ro code   0x800'04fc     0xc  main.o [1]
  .text                  ro code   0x800'0508    0x14  main.o [1]
  .text                  ro code   0x800'051c    0x14  main.o [1]
  .text                  ro code   0x800'0530     0xc  main.o [1]
  .text                  ro code   0x800'053c     0xc  main.o [1]
  .text                  ro code   0x800'0548    0x14  main.o [1]
  .text                  ro code   0x800'055c    0x14  main.o [1]
  .text                  ro code   0x800'0570    0x14  main.o [1]
  .text                  ro code   0x800'0584    0x14  main.o [1]
  .text                  ro code   0x800'0598    0x14  main.o [1]
  .text                  ro code   0x800'05ac    0x14  main.o [1]
  .text                  ro code   0x800'05c0    0x14  main.o [1]
  .text                  ro code   0x800'05d4    0x14  main.o [1]
  .text                  ro code   0x800'05e8     0x8  Led.o [3]
  .text                  ro code   0x800'05f0     0x8  Button.o [2]
  .text                  ro code   0x800'05f8     0x8  Button.o [2]
  .text                  ro code   0x800'0600     0x6  Button.o [2]
  .text                  ro code   0x800'0606     0x6  Button.o [2]
  .text                  ro code   0x800'060c     0x8  AllMode.o [4]
  .text                  ro code   0x800'0614     0x6  ChessMode.o [5]
  .text                  ro code   0x800'061a     0x8  ChessMode.o [5]
  .text                  ro code   0x800'0622    0x2a  AllMode.o [4]
  .text                  ro code   0x800'064c     0x8  main.o [1]
  .text                  ro code   0x800'0654     0x6  main.o [1]
  .text                  ro code   0x800'065a     0x2  Led.o [3]
  .text                  ro code   0x800'065c     0x2  Button.o [2]
  .text                  ro code   0x800'065e     0x2  Button.o [2]
  .text                  ro code   0x800'0660     0xc  AllMode.o [4]
  .text                  ro code   0x800'066c     0x4  ChessMode.o [5]
  .text                  ro code   0x800'0670     0x8  AllMode.o [4]
  .text                  ro code   0x800'0678     0xa  AllMode.o [4]
  .text                  ro code   0x800'0682     0x2  main.o [1]
  .text                  ro code   0x800'0684     0x2  AllMode.o [4]
  .text                  ro code   0x800'0686    0x38  zero_init3.o [11]
  .text                  ro code   0x800'06be    0x30  main.o [1]
  .text                  ro code   0x800'06ee     0x4  main.o [1]
  .text                  ro code   0x800'06f2    0x2a  AllMode.o [4]
  .text                  ro code   0x800'071c    0x28  data_init.o [11]
  .text                  ro code   0x800'0744    0x22  fpinit_M.o [10]
  .iar.init_table        const     0x800'0768    0x28  - Linker created -
  .text                  ro code   0x800'0790     0x2  startup.o [1]
  .rodata                const     0x800'0794    0x20  main.o [1]
  .rodata                const     0x800'07b4    0x20  main.o [1]
  .rodata                const     0x800'07d4    0x20  main.o [1]
  .rodata                const     0x800'07f4    0x20  main.o [1]
  .rodata                const     0x800'0814    0x20  main.o [1]
  .text                  ro code   0x800'0834    0x20  cmain_call_ctors.o [11]
  .text                  ro code   0x800'0854    0x18  cppinit.o [8]
  Initializer bytes      const     0x800'086c    0x20  <for P2-1>
  .text                  ro code   0x800'088c    0x1e  cmain.o [11]
  .text                  ro code   0x800'08aa     0x4  low_level_init.o [8]
  .text                  ro code   0x800'08ae     0x4  exit.o [8]
  .text                  ro code   0x800'08b2     0x2  startup.o [1]
  .text                  ro code   0x800'08b4     0xa  cexit.o [11]
  .text                  ro code   0x800'08be     0x2  startup.o [1]
  .text                  ro code   0x800'08c0    0x14  exit.o [12]
  .rodata                const     0x800'08d4    0x1c  Button.o [2]
  .text                  ro code   0x800'08f0    0x1c  startup.o [1]
  .text                  ro code   0x800'090c    0x10  startup.o [1]
  .rodata                const     0x800'091c    0x10  AllMode.o [4]
  .rodata                const     0x800'092c    0x10  AllMode.o [4]
  .rodata                const     0x800'093c    0x10  ChessMode.o [5]
  .rodata                const     0x800'094c    0x10  Led.o [3]
  .rodata                const     0x800'095c    0x10  SlideMode.o [6]
  .rodata                const     0x800'096c    0x10  TreeMode.o [7]
  .text                  ro code   0x800'097c    0x10  main.o [1]
  .text                  ro code   0x800'098c    0x10  main.o [1]
  .text                  ro code   0x800'099c    0x10  main.o [1]
  .text                  ro code   0x800'09ac     0xc  main.o [1]
  .text                  ro code   0x800'09b8     0xc  main.o [1]
  .text                  ro code   0x800'09c4    0x10  main.o [1]
  .text                  ro code   0x800'09d4     0xc  main.o [1]
  .text                  ro code   0x800'09e0     0xc  main.o [1]
  .text                  ro code   0x800'09ec    0x10  main.o [1]
  .text                  ro code   0x800'09fc    0x10  main.o [1]
  .text                  ro code   0x800'0a0c    0x10  main.o [1]
  .text                  ro code   0x800'0a1c    0x10  startup.o [1]
  .text                  ro code   0x800'0a2c     0xe  main.o [1]
  .rodata                const     0x800'0a3a     0x1  unwind_debug.o [12]
  .text                  ro code   0x800'0a3c     0xc  main.o [1]
  .text                  ro code   0x800'0a48     0xe  main.o [1]
  .text                  ro code   0x800'0a58     0xc  main.o [1]
  .text                  ro code   0x800'0a64     0xe  main.o [1]
  .text                  ro code   0x800'0a72     0xe  main.o [1]
  .text                  ro code   0x800'0a80     0xe  main.o [1]
  .rodata                const     0x800'0a90     0xc  main.o [1]
  .text                  ro code   0x800'0a9c     0xc  main.o [1]
  .text                  ro code   0x800'0aa8     0xc  main.o [1]
  .text                  ro code   0x800'0ab4     0xc  main.o [1]
  .text                  ro code   0x800'0ac0     0xa  main.o [1]
  .text                  ro code   0x800'0aca     0xa  main.o [1]
  .rodata                const     0x800'0ad4     0x8  main.o [1]
  .rodata                const     0x800'0adc     0x8  main.o [1]
  .rodata                const     0x800'0ae4     0x8  main.o [1]
  .rodata                const     0x800'0aec     0x8  main.o [1]
  .rodata                const     0x800'0af4     0x8  main.o [1]
  .text                  ro code   0x800'0afc     0x8  main.o [1]
  .text                  ro code   0x800'0b04     0x6  main.o [1]
  .text                  ro code   0x800'0b0a     0x6  main.o [1]
  .text                  ro code   0x800'0b10     0x6  main.o [1]
  .text                  ro code   0x800'0b16     0x6  main.o [1]
  .text                  ro code   0x800'0b1c     0x6  main.o [1]
  SHT$$PREINIT_ARRAY               0x800'0b24     0x0  <Block>
  SHT$$INIT_ARRAY                  0x800'0b24     0x4  <Block>
    .init_array          const     0x800'0b24     0x4  main.o [1]
  __iar_tls$$INIT_ARRAY            0x800'0b28     0x0  <Block>
  .rodata                const     0x800'0b28     0x0  zero_init3.o [11]
  .rodata                const     0x800'0b28     0x0  copy_init3.o [11]
                                 - 0x800'0b28   0xa0c

"P2", part 1 of 3:                               0x20
  P2-1                            0x2000'0000    0x20  <Init block>
    .data                inited   0x2000'0000    0x10  main.o [1]
    .data                inited   0x2000'0010    0x10  main.o [1]
                                - 0x2000'0020    0x20

"P2", part 2 of 3:                               0x7c
  .bss                   zero     0x2000'0020    0x20  main.o [1]
  .bss                   zero     0x2000'0040    0x10  main.o [1]
  .bss                   zero     0x2000'0050     0xc  main.o [1]
  .bss                   zero     0x2000'005c     0xc  main.o [1]
  .bss                   zero     0x2000'0068     0x8  main.o [1]
  .bss                   zero     0x2000'0070     0x8  main.o [1]
  .bss                   zero     0x2000'0078     0x8  main.o [1]
  .bss                   zero     0x2000'0080     0x8  main.o [1]
  .bss                   zero     0x2000'0088     0x8  main.o [1]
  .bss                   zero     0x2000'0090     0x8  main.o [1]
  .bss                   zero     0x2000'0098     0x1  main.o [1]
                                - 0x2000'0099    0x79

"P2", part 3 of 3:                             0x2000
  CSTACK                          0x2000'00a0  0x2000  <Block>
    CSTACK               uninit   0x2000'00a0  0x2000  <Block tail>
                                - 0x2000'20a0  0x2000

Unused ranges:

         From           To      Size
         ----           --      ----
   0x800'0b28   0x803'ffff  0x3'f4d8
  0x2000'009c  0x2000'009f       0x4
  0x2000'20a0  0x2001'ffff  0x1'df60


*******************************************************************************
*** INIT TABLE
***

          Address      Size
          -------      ----
Zero (__iar_zero_init3)
    1 destination range, total size 0x79:
          0x2000'0020  0x79

Copy (__iar_copy_init3)
    1 source range, total size 0x20:
           0x800'086c  0x20
    1 destination range, total size 0x20:
          0x2000'0000  0x20

Extra (__iar_cstart_call_ctors)



*******************************************************************************
*** MODULE SUMMARY
***

    Module              ro code  ro data  rw data
    ------              -------  -------  -------
command line/config:
    ---------------------------------------------
    Total:

D:\POIP\POIP-8-sem-\Lab_2\Debug\Obj: [1]
    main.o                1'064      248      153
    startup.o                66      284
    ---------------------------------------------
    Total:                1'130      532      153

D:\POIP\POIP-8-sem-\Lab_2\Debug\Obj\Components\Button: [2]
    Button.o                176       28
    ---------------------------------------------
    Total:                  176       28

D:\POIP\POIP-8-sem-\Lab_2\Debug\Obj\Components\LED: [3]
    Led.o                    70       16
    ---------------------------------------------
    Total:                   70       16

D:\POIP\POIP-8-sem-\Lab_2\Debug\Obj\Modes\AllMode: [4]
    AllMode.o               148       32
    ---------------------------------------------
    Total:                  148       32

D:\POIP\POIP-8-sem-\Lab_2\Debug\Obj\Modes\ChessMode: [5]
    ChessMode.o              88       16
    ---------------------------------------------
    Total:                   88       16

D:\POIP\POIP-8-sem-\Lab_2\Debug\Obj\Modes\SlideMode: [6]
    SlideMode.o             160       16
    ---------------------------------------------
    Total:                  160       16

D:\POIP\POIP-8-sem-\Lab_2\Debug\Obj\Modes\TreeMode: [7]
    TreeMode.o               80       16
    ---------------------------------------------
    Total:                   80       16

dl7M_tlf.a: [8]
    cppinit.o                24
    exit.o                    4
    low_level_init.o          4
    ---------------------------------------------
    Total:                   32

dlpprt7M_tl_fc.a: [9]
    ---------------------------------------------
    Total:

m7M_tls.a: [10]
    fpinit_M.o               34
    ---------------------------------------------
    Total:                   34

rt7M_tl.a: [11]
    cexit.o                  10
    cmain.o                  30
    cmain_call_ctors.o       32
    copy_init3.o             42
    data_init.o              40
    zero_init3.o             56
    ---------------------------------------------
    Total:                  210

shb_l.a: [12]
    exit.o                   20
    unwind_debug.o                     1
    ---------------------------------------------
    Total:                   20        1

    Gaps                      3        6
    Linker created                    40    8'192
-------------------------------------------------
    Grand Total:          2'151      703    8'345


*******************************************************************************
*** ENTRY LIST
***

Entry                       Address   Size  Type      Object
-----                       -------   ----  ----      ------
.iar.init_table$$Base    0x800'0768          --   Gb  - Linker created -
.iar.init_table$$Limit   0x800'0790          --   Gb  - Linker created -
?main                    0x800'088d         Code  Gb  cmain.o [11]
AllMode::AllMode(std::array<ILed *, (unsigned int)4> const &)
                         0x800'0315   0x12  Code  Gb  AllMode.o [4]
Button::AddObserver(IButtonObserver &)
                         0x800'02ff   0x16  Code  Gb  Button.o [2]
Button::Button(IPinReadable const &)
                         0x800'0285   0x2a  Code  Gb  Button.o [2]
Button::IsPressed() const
                         0x800'02b5   0x4a  Code  Gb  Button.o [2]
CSTACK$$Base            0x2000'00a0          --   Gb  - Linker created -
CSTACK$$Limit           0x2000'20a0          --   Gb  - Linker created -
ChessMode::ChessMode(std::array<ILed *, (unsigned int)4> const &)
                         0x800'032d   0x18  Code  Gb  ChessMode.o [5]
ChessMode::Clear()       0x800'0349   0x2a  Code  Gb  ChessMode.o [5]
Delay(unsigned int)      0x800'0173   0x16  Code  Gb  main.o [1]
Garland::Garland(std::array<IMode *, (unsigned int)4> const &)
                         0x800'048d   0x20  Code  Wk  main.o [1]
Garland::OnButtonPress()
                         0x800'0afd    0x8  Code  Wk  main.o [1]
Garland::SwitchNextMode()
                         0x800'06bf   0x30  Code  Wk  main.o [1]
Garland::UpdateCurrentMode() const
                         0x800'05d5   0x14  Code  Wk  main.o [1]
IButton::IButton()       0x800'065d    0x2  Code  Wk  Button.o [2]
IButton::IButton() [subobject]
                         0x800'05f1    0x8  Code  Wk  Button.o [2]
IButtonObserver::IButtonObserver()
                         0x800'0683    0x2  Code  Wk  main.o [1]
IButtonObserver::IButtonObserver() [subobject]
                         0x800'064d    0x8  Code  Wk  main.o [1]
ILed::ILed()             0x800'065b    0x2  Code  Wk  Led.o [3]
ILed::ILed() [subobject]
                         0x800'05e9    0x8  Code  Wk  Led.o [3]
IMode::Clear()           0x800'0623   0x2a  Code  Wk  AllMode.o [4]
IMode::IMode(std::array<ILed *, (unsigned int)4> const &)
                         0x800'0661    0xc  Code  Wk  AllMode.o [4]
IMode::IMode(std::array<ILed *, (unsigned int)4> const &) [subobject]
                         0x800'060d    0x8  Code  Wk  AllMode.o [4]
IMode::Update()          0x800'06f3   0x2a  Code  Wk  AllMode.o [4]
IObservable::IObservable()
                         0x800'065f    0x2  Code  Wk  Button.o [2]
IObservable::IObservable() [subobject]
                         0x800'05f9    0x8  Code  Wk  Button.o [2]
InterruptHandler::DummyHandler()
                         0x800'0791    0x2  Code  Wk  startup.o [1]
InterruptHandler::SystemTimerHandler()
                         0x800'08b3    0x2  Code  Wk  startup.o [1]
InterruptHandler::Timer2Handler()
                         0x800'08bf    0x2  Code  Wk  startup.o [1]
InterruptHandler::Timer5Handler()
                         0x800'08f1   0x1c  Code  Wk  startup.o [1]
Led::Led(IPin const &)   0x800'0249   0x16  Code  Gb  Led.o [3]
Led::SwithOff() const    0x800'0265   0x10  Code  Gb  Led.o [3]
Led::Toggle() const      0x800'0275   0x10  Code  Gb  Led.o [3]
Pin<GPIOA, (int)5>::IsHigh() const
                         0x800'0a2d    0xe  Code  Wk  main.o [1]
Pin<GPIOA, (int)5>::Reset() const
                         0x800'099d   0x10  Code  Wk  main.o [1]
Pin<GPIOA, (int)5>::Toggle() const
                         0x800'0ac1    0xa  Code  Wk  main.o [1]
Pin<GPIOC, (int)13>::IsHigh() const
                         0x800'0a81    0xe  Code  Wk  main.o [1]
Pin<GPIOC, (int)13>::Reset() const
                         0x800'0a0d   0x10  Code  Wk  main.o [1]
Pin<GPIOC, (int)13>::Toggle() const
                         0x800'0ab5    0xc  Code  Wk  main.o [1]
Pin<GPIOC, (int)5>::IsHigh() const
                         0x800'0a49    0xe  Code  Wk  main.o [1]
Pin<GPIOC, (int)5>::Reset() const
                         0x800'09c5   0x10  Code  Wk  main.o [1]
Pin<GPIOC, (int)5>::Toggle() const
                         0x800'0acb    0xa  Code  Wk  main.o [1]
Pin<GPIOC, (int)8>::IsHigh() const
                         0x800'0a65    0xe  Code  Wk  main.o [1]
Pin<GPIOC, (int)8>::Reset() const
                         0x800'09ed   0x10  Code  Wk  main.o [1]
Pin<GPIOC, (int)8>::Toggle() const
                         0x800'0a9d    0xc  Code  Wk  main.o [1]
Pin<GPIOC, (int)9>::IsHigh() const
                         0x800'0a73    0xe  Code  Wk  main.o [1]
Pin<GPIOC, (int)9>::Reset() const
                         0x800'09fd   0x10  Code  Wk  main.o [1]
Pin<GPIOC, (int)9>::Toggle() const
                         0x800'0aa9    0xc  Code  Wk  main.o [1]
Region$$Table$$Base      0x800'0768          --   Gb  - Linker created -
Region$$Table$$Limit     0x800'0790          --   Gb  - Linker created -
SHT$$INIT_ARRAY$$Base    0x800'0b24          --   Gb  - Linker created -
SHT$$INIT_ARRAY$$Limit   0x800'0b28          --   Gb  - Linker created -
SHT$$PREINIT_ARRAY$$Base
                         0x800'0b24          --   Gb  - Linker created -
SHT$$PREINIT_ARRAY$$Limit
                         0x800'0b24          --   Gb  - Linker created -
SlideMode::SlideMode(std::array<ILed *, (unsigned int)4> const &)
                         0x800'03ed   0x20  Code  Gb  SlideMode.o [6]
SlideMode::Update()      0x800'0411   0x7c  Code  Gb  SlideMode.o [6]
Thunk for (offset -4) Pin<GPIOA, (int)5>::IsHigh() const
                         0x800'0b05    0x6  Code  Wk  main.o [1]
Thunk for (offset -4) Pin<GPIOC, (int)13>::IsHigh() const
                         0x800'0b1d    0x6  Code  Wk  main.o [1]
Thunk for (offset -4) Pin<GPIOC, (int)5>::IsHigh() const
                         0x800'0b0b    0x6  Code  Wk  main.o [1]
Thunk for (offset -4) Pin<GPIOC, (int)8>::IsHigh() const
                         0x800'0b11    0x6  Code  Wk  main.o [1]
Thunk for (offset -4) Pin<GPIOC, (int)9>::IsHigh() const
                         0x800'0b17    0x6  Code  Wk  main.o [1]
TreeMode::TreeMode(std::array<ILed *, (unsigned int)4> const &)
                         0x800'039d   0x1c  Code  Gb  TreeMode.o [7]
TreeMode::Update()       0x800'03bd   0x30  Code  Gb  TreeMode.o [7]
Virtual function table for AllMode
                         0x800'092c   0x10  Data  Wk  AllMode.o [4]
Virtual function table for Button
                         0x800'08d4   0x1c  Data  Wk  Button.o [2]
Virtual function table for ChessMode
                         0x800'093c   0x10  Data  Wk  ChessMode.o [5]
Virtual function table for Garland
                         0x800'0a90    0xc  Data  Wk  main.o [1]
Virtual function table for IMode
                         0x800'091c   0x10  Data  Wk  AllMode.o [4]
Virtual function table for Led
                         0x800'094c   0x10  Data  Wk  Led.o [3]
Virtual function table for Pin<GPIOA, (int)5>
                         0x800'0794   0x20  Data  Wk  main.o [1]
Virtual function table for Pin<GPIOC, (int)13>
                         0x800'0814   0x20  Data  Wk  main.o [1]
Virtual function table for Pin<GPIOC, (int)5>
                         0x800'07b4   0x20  Data  Wk  main.o [1]
Virtual function table for Pin<GPIOC, (int)8>
                         0x800'07d4   0x20  Data  Wk  main.o [1]
Virtual function table for Pin<GPIOC, (int)9>
                         0x800'07f4   0x20  Data  Wk  main.o [1]
Virtual function table for SlideMode
                         0x800'095c   0x10  Data  Wk  SlideMode.o [6]
Virtual function table for TreeMode
                         0x800'096c   0x10  Data  Wk  TreeMode.o [7]
__call_ctors             0x800'0855   0x18  Code  Gb  cppinit.o [8]
__cmain                  0x800'088d         Code  Gb  cmain.o [11]
__exit                   0x800'08c1   0x14  Code  Gb  exit.o [12]
__iar_copy_init3         0x800'0373   0x2a  Code  Gb  copy_init3.o [11]
__iar_cstart_call_ctors
                         0x800'0835   0x20  Code  Gb  cmain_call_ctors.o [11]
__iar_data_init3         0x800'071d   0x28  Code  Gb  data_init.o [11]
__iar_debug_exceptions   0x800'0a3a    0x1  Data  Gb  unwind_debug.o [12]
__iar_init_vfp           0x800'0745         Code  Gb  fpinit_M.o [10]
__iar_program_start      0x800'0a1d   0x10  Code  Gb  startup.o [1]
__iar_tls$$INIT_ARRAY$$Base
                         0x800'0b28          --   Gb  - Linker created -
__iar_tls$$INIT_ARRAY$$Limit
                         0x800'0b28          --   Gb  - Linker created -
__iar_zero_init3         0x800'0687   0x38  Code  Gb  zero_init3.o [11]
__low_level_init         0x800'08ab    0x4  Code  Gb  low_level_init.o [8]
__sti__routine           0x800'011d   0x56  Code  Lc  main.o [1]
__vector_table           0x800'0000  0x11c  Data  Lc  startup.o [1]
_call_main               0x800'0899         Code  Gb  cmain.o [11]
_exit                    0x800'08b5         Code  Gb  cexit.o [11]
allMode                 0x2000'0088    0x8  Data  Gb  main.o [1]
bool FieldValueBase<TIM5_SR_UIF_Values<TIM5::SR, (unsigned int)0, (unsigned int)1, ReadWriteMode, TIM5::TIM5SRBase>, TIM5::TIM5SRBase, (unsigned int)1>::IsSet<ReadWriteMode, void>()
                         0x800'090d   0x10  Code  Wk  startup.o [1]
chessMode               0x2000'0090    0x8  Data  Gb  main.o [1]
decltype(((param#1.size)())) std::size<std::array<ILed *, (unsigned int)4>>(std::array<ILed *, (unsigned int)4> const &)
                         0x800'061b    0x8  Code  Wk  ChessMode.o [5]
exit                     0x800'08af    0x4  Code  Gb  exit.o [8]
garland                 0x2000'005c    0xc  Data  Gb  main.o [1]
isInterrupt             0x2000'0098    0x1  Data  Wk  main.o [1]
led1                    0x2000'0068    0x8  Data  Gb  main.o [1]
led2                    0x2000'0070    0x8  Data  Gb  main.o [1]
led3                    0x2000'0078    0x8  Data  Gb  main.o [1]
led4                    0x2000'0080    0x8  Data  Gb  main.o [1]
leds                    0x2000'0000   0x10  Data  Gb  main.o [1]
main                     0x800'0189   0x76  Code  Gb  main.o [1]
modes                   0x2000'0010   0x10  Data  Gb  main.o [1]
pinA5                    0x800'0ad4    0x8  Data  Wk  main.o [1]
pinC13                   0x800'0af4    0x8  Data  Wk  main.o [1]
pinC5                    0x800'0adc    0x8  Data  Wk  main.o [1]
pinC8                    0x800'0ae4    0x8  Data  Wk  main.o [1]
pinC9                    0x800'0aec    0x8  Data  Wk  main.o [1]
slideMode               0x2000'0040   0x10  Data  Gb  main.o [1]
std::array<IButtonObserver *, (unsigned int)4>::operator [](unsigned int)
                         0x800'0607    0x6  Code  Wk  Button.o [2]
std::array<IButtonObserver *, (unsigned int)4>::operator [](unsigned int) const
                         0x800'0601    0x6  Code  Wk  Button.o [2]
std::array<ILed *, (unsigned int)4>::begin() const
                         0x800'0671    0x8  Code  Wk  AllMode.o [4]
std::array<ILed *, (unsigned int)4>::data() const
                         0x800'0685    0x2  Code  Wk  AllMode.o [4]
std::array<ILed *, (unsigned int)4>::end() const
                         0x800'0679    0xa  Code  Wk  AllMode.o [4]
std::array<ILed *, (unsigned int)4>::operator [](unsigned int) const
                         0x800'0615    0x6  Code  Wk  ChessMode.o [5]
std::array<ILed *, (unsigned int)4>::size() const
                         0x800'066d    0x4  Code  Wk  ChessMode.o [5]
std::array<IMode *, (unsigned int)4>::operator [](unsigned int) const
                         0x800'0655    0x6  Code  Wk  main.o [1]
std::array<IMode *, (unsigned int)4>::size() const
                         0x800'06ef    0x4  Code  Wk  main.o [1]
treeMode                0x2000'0050    0xc  Data  Gb  main.o [1]
unsigned int RegisterBase<(unsigned int)1073872912, (unsigned int)32, ReadMode>::Get<ReadMode, void>()
                         0x800'0a3d    0xc  Code  Wk  main.o [1]
unsigned int RegisterBase<(unsigned int)1073872916, (unsigned int)32, ReadWriteMode>::Get<ReadWriteMode, void>()
                         0x800'09ad    0xc  Code  Wk  main.o [1]
unsigned int RegisterBase<(unsigned int)1073874960, (unsigned int)32, ReadMode>::Get<ReadMode, void>()
                         0x800'0a59    0xc  Code  Wk  main.o [1]
unsigned int RegisterBase<(unsigned int)1073874964, (unsigned int)32, ReadWriteMode>::Get<ReadWriteMode, void>()
                         0x800'09d5    0xc  Code  Wk  main.o [1]
userButton1             0x2000'0020   0x20  Data  Gb  main.o [1]
void FieldValueBase<GPIOA_MODER_MODER15_Values<GPIOA::MODER, (unsigned int)10, (unsigned int)2, ReadWriteMode, GPIOA::GPIOAMODERBase>, GPIOA::GPIOAMODERBase, (unsigned int)1>::Set<ReadWriteMode, void>()
                         0x800'0585   0x14  Code  Wk  main.o [1]
void FieldValueBase<GPIOC_MODER_MODER15_Values<GPIOC::MODER, (unsigned int)10, (unsigned int)2, ReadWriteMode, GPIOC::GPIOCMODERBase>, GPIOC::GPIOCMODERBase, (unsigned int)1>::Set<ReadWriteMode, void>()
                         0x800'0599   0x14  Code  Wk  main.o [1]
void FieldValueBase<GPIOC_MODER_MODER15_Values<GPIOC::MODER, (unsigned int)16, (unsigned int)2, ReadWriteMode, GPIOC::GPIOCMODERBase>, GPIOC::GPIOCMODERBase, (unsigned int)1>::Set<ReadWriteMode, void>()
                         0x800'05ad   0x14  Code  Wk  main.o [1]
void FieldValueBase<GPIOC_MODER_MODER15_Values<GPIOC::MODER, (unsigned int)18, (unsigned int)2, ReadWriteMode, GPIOC::GPIOCMODERBase>, GPIOC::GPIOCMODERBase, (unsigned int)1>::Set<ReadWriteMode, void>()
                         0x800'05c1   0x14  Code  Wk  main.o [1]
void FieldValueBase<RCC_AHB1ENR_DMA2EN_Values<RCC::APB1ENR, (unsigned int)0, (unsigned int)1, ReadWriteMode, RCC::RCCAPB1ENRBase>, RCC::RCCAPB1ENRBase, (unsigned int)1>::Set<ReadWriteMode, void>()
                         0x800'04e9   0x14  Code  Wk  main.o [1]
void FieldValueBase<RCC_AHB1ENR_DMA2EN_Values<RCC::APB1ENR, (unsigned int)3, (unsigned int)1, ReadWriteMode, RCC::RCCAPB1ENRBase>, RCC::RCCAPB1ENRBase, (unsigned int)1>::Set<ReadWriteMode, void>()
                         0x800'051d   0x14  Code  Wk  main.o [1]
void FieldValueBase<RCC_AHB1ENR_GPIOAEN_Values<RCC::AHB1ENR, (unsigned int)0, (unsigned int)1, ReadWriteMode, RCC::RCCAHB1ENRBase>, RCC::RCCAHB1ENRBase, (unsigned int)1>::Set<ReadWriteMode, void>()
                         0x800'0571   0x14  Code  Wk  main.o [1]
void FieldValueBase<RCC_AHB1ENR_GPIOCEN_Values<RCC::AHB1ENR, (unsigned int)2, (unsigned int)1, ReadWriteMode, RCC::RCCAHB1ENRBase>, RCC::RCCAHB1ENRBase, (unsigned int)1>::Set<ReadWriteMode, void>()
                         0x800'055d   0x14  Code  Wk  main.o [1]
void FieldValueBase<TIM2_DIER_UIE_Values<TIM2::DIER, (unsigned int)0, (unsigned int)1, ReadWriteMode, TIM2::TIM2DIERBase>, TIM2::TIM2DIERBase, (unsigned int)1>::Set<ReadWriteMode, void>()
                         0x800'0509   0x14  Code  Wk  main.o [1]
void FieldValueBase<TIM5_CR1_CEN_Values<TIM5::CR1, (unsigned int)0, (unsigned int)1, ReadWriteMode, TIM5::TIM5CR1Base>, TIM5::TIM5CR1Base, (unsigned int)1>::Set<ReadWriteMode, void>()
                         0x800'04d5   0x14  Code  Wk  main.o [1]
void FieldValueBase<TIM5_DIER_UIE_Values<TIM5::DIER, (unsigned int)0, (unsigned int)1, ReadWriteMode, TIM5::TIM5DIERBase>, TIM5::TIM5DIERBase, (unsigned int)1>::Set<ReadWriteMode, void>()
                         0x800'0549   0x14  Code  Wk  main.o [1]
void FieldValueBase<TIM5_SR_UIF_Values<TIM5::SR, (unsigned int)0, (unsigned int)1, ReadWriteMode, TIM5::TIM5SRBase>, TIM5::TIM5SRBase, (unsigned int)0>::Set<ReadWriteMode, void>()
                         0x800'04c5   0x10  Code  Wk  main.o [1]
void RegisterBase<(unsigned int)1073741864, (unsigned int)32, ReadWriteMode>::Write<ReadWriteMode, void>(unsigned int)
                         0x800'04fd    0xc  Code  Wk  main.o [1]
void RegisterBase<(unsigned int)1073744932, (unsigned int)32, ReadWriteMode>::Write<ReadWriteMode, void>(unsigned int)
                         0x800'04b9    0xc  Code  Wk  main.o [1]
void RegisterBase<(unsigned int)1073744936, (unsigned int)32, ReadWriteMode>::Write<ReadWriteMode, void>(unsigned int)
                         0x800'0531    0xc  Code  Wk  main.o [1]
void RegisterBase<(unsigned int)1073744940, (unsigned int)32, ReadWriteMode>::Write<ReadWriteMode, void>(unsigned int)
                         0x800'04ad    0xc  Code  Wk  main.o [1]
void RegisterBase<(unsigned int)1073872916, (unsigned int)32, ReadWriteMode>::Toggle<ReadWriteMode, void>(unsigned int)
                         0x800'098d   0x10  Code  Wk  main.o [1]
void RegisterBase<(unsigned int)1073872916, (unsigned int)32, ReadWriteMode>::Write<ReadWriteMode, void>(unsigned int)
                         0x800'09b9    0xc  Code  Wk  main.o [1]
void RegisterBase<(unsigned int)1073874964, (unsigned int)32, ReadWriteMode>::Toggle<ReadWriteMode, void>(unsigned int)
                         0x800'097d   0x10  Code  Wk  main.o [1]
void RegisterBase<(unsigned int)1073874964, (unsigned int)32, ReadWriteMode>::Write<ReadWriteMode, void>(unsigned int)
                         0x800'09e1    0xc  Code  Wk  main.o [1]
void RegisterBase<(unsigned int)3758153988, (unsigned int)32, ReadWriteMode>::Write<ReadWriteMode, void>(unsigned int)
                         0x800'053d    0xc  Code  Wk  main.o [1]


[1] = D:\POIP\POIP-8-sem-\Lab_2\Debug\Obj
[2] = D:\POIP\POIP-8-sem-\Lab_2\Debug\Obj\Components\Button
[3] = D:\POIP\POIP-8-sem-\Lab_2\Debug\Obj\Components\LED
[4] = D:\POIP\POIP-8-sem-\Lab_2\Debug\Obj\Modes\AllMode
[5] = D:\POIP\POIP-8-sem-\Lab_2\Debug\Obj\Modes\ChessMode
[6] = D:\POIP\POIP-8-sem-\Lab_2\Debug\Obj\Modes\SlideMode
[7] = D:\POIP\POIP-8-sem-\Lab_2\Debug\Obj\Modes\TreeMode
[8] = dl7M_tlf.a
[9] = dlpprt7M_tl_fc.a
[10] = m7M_tls.a
[11] = rt7M_tl.a
[12] = shb_l.a

  2'151 bytes of readonly  code memory
    703 bytes of readonly  data memory
  8'345 bytes of readwrite data memory

Errors: none
Warnings: none
