###############################################################################
#
# IAR ELF Linker V9.30.1.335/W64 for ARM                  10/Mar/2023  22:25:32
# Copyright 2007-2022 IAR Systems AB.
#
#    Output file  =  D:\POIP\POIP-8-sem-\Lab_1\Debug\Exe\Lab_1 (Timers).out
#    Map file     =  D:\POIP\POIP-8-sem-\Lab_1\Debug\List\Lab_1 (Timers).map
#    Command line =
#        -f "D:\POIP\POIP-8-sem-\Lab_1\Debug\Exe\Lab_1 (Timers).out.rsp"
#        (D:\POIP\POIP-8-sem-\Lab_1\Debug\Obj\Modes\AllMode\AllMode.o
#        D:\POIP\POIP-8-sem-\Lab_1\Debug\Obj\Components\Button\Button.o
#        D:\POIP\POIP-8-sem-\Lab_1\Debug\Obj\Modes\ChessMode\ChessMode.o
#        D:\POIP\POIP-8-sem-\Lab_1\Debug\Obj\Components\LED\Led.o
#        D:\POIP\POIP-8-sem-\Lab_1\Debug\Obj\main.o
#        D:\POIP\POIP-8-sem-\Lab_1\Debug\Obj\Modes\SlideMode\SlideMode.o
#        D:\POIP\POIP-8-sem-\Lab_1\Debug\Obj\Modes\TreeMode\TreeMode.o
#        --no_out_extension -o "D:\POIP\POIP-8-sem-\Lab_1\Debug\Exe\Lab_1
#        (Timers).out" --redirect _Printf=_PrintfFullNoMb --redirect
#        _Scanf=_ScanfFullNoMb --map
#        "D:\POIP\POIP-8-sem-\Lab_1\Debug\List\Lab_1 (Timers).map" --config
#        "C:\Program Files\IAR Systems\Embedded Workbench
#        9.1\arm/config/linker/ST/stm32f411xC.icf" --semihosting --entry
#        __iar_program_start --vfe --text_out locale --cpu=Cortex-M4
#        --fpu=VFPv4_sp)
#
###############################################################################

*******************************************************************************
*** RUNTIME MODEL ATTRIBUTES
***

CppFlavor                     = *
__CPP_Exceptions              = Disabled
__CPP_Language                = C++14
__CPP_Library                 = libc++
__CPP_Runtime                 = 1
__Heap_Handler                = Basic
__SystemLibrary               = DLib
__dlib_dynamic_initialization = normal
__dlib_version                = 6


*******************************************************************************
*** HEAP SELECTION
***

The basic heap was selected because --advanced_heap
was not specified and the application did not appear to
be primarily optimized for speed.


*******************************************************************************
*** PLACEMENT SUMMARY
***

"A0":  place at address 0x800'0000 { ro section .intvec };
"P1":  place in [from 0x800'0000 to 0x803'ffff] { ro };
define block CSTACK with size = 8K, alignment = 8 { };
define block HEAP with size = 8K, alignment = 8 { };
"P2":  place in [from 0x2000'0000 to 0x2001'ffff] {
          rw, block CSTACK, block HEAP };
initialize by copy { rw };

  Section                Kind         Address    Size  Object
  -------                ----         -------    ----  ------
"A0":                                            0x40
  .intvec                ro code   0x800'0000    0x40  vector_table_M.o [11]
                                 - 0x800'0040    0x40

"P1":                                           0x964
  .text                  ro code   0x800'0040   0x108  main.o [1]
  .text                  ro code   0x800'0148    0x3c  Led.o [3]
  .text                  ro code   0x800'0184    0x90  Button.o [2]
  .text                  ro code   0x800'0214    0x18  AllMode.o [4]
  .text                  ro code   0x800'022c    0x46  ChessMode.o [5]
  .text                  ro code   0x800'0272    0x2a  copy_init3.o [11]
  .text                  ro code   0x800'029c    0x50  TreeMode.o [7]
  .text                  ro code   0x800'02ec    0xa0  SlideMode.o [6]
  .text                  ro code   0x800'038c    0x20  main.o [1]
  .text                  ro code   0x800'03ac     0xc  main.o [1]
  .text                  ro code   0x800'03b8     0xc  main.o [1]
  .text                  ro code   0x800'03c4    0x14  main.o [1]
  .text                  ro code   0x800'03d8    0x10  main.o [1]
  .text                  ro code   0x800'03e8    0x10  main.o [1]
  .text                  ro code   0x800'03f8    0x14  main.o [1]
  .text                  ro code   0x800'040c    0x14  main.o [1]
  .text                  ro code   0x800'0420    0x14  main.o [1]
  .text                  ro code   0x800'0434    0x14  main.o [1]
  .text                  ro code   0x800'0448    0x14  main.o [1]
  .text                  ro code   0x800'045c    0x14  main.o [1]
  .text                  ro code   0x800'0470    0x14  main.o [1]
  .text                  ro code   0x800'0484     0x8  Led.o [3]
  .text                  ro code   0x800'048c     0x8  Button.o [2]
  .text                  ro code   0x800'0494     0x8  Button.o [2]
  .text                  ro code   0x800'049c     0x6  Button.o [2]
  .text                  ro code   0x800'04a2     0x6  Button.o [2]
  .text                  ro code   0x800'04a8     0x8  AllMode.o [4]
  .text                  ro code   0x800'04b0     0x6  ChessMode.o [5]
  .text                  ro code   0x800'04b6     0x8  ChessMode.o [5]
  .text                  ro code   0x800'04be    0x2a  AllMode.o [4]
  .text                  ro code   0x800'04e8     0x8  main.o [1]
  .text                  ro code   0x800'04f0     0x6  main.o [1]
  .text                  ro code   0x800'04f6     0x2  Led.o [3]
  .text                  ro code   0x800'04f8     0x2  Button.o [2]
  .text                  ro code   0x800'04fa     0x2  Button.o [2]
  .text                  ro code   0x800'04fc     0xc  AllMode.o [4]
  .text                  ro code   0x800'0508     0x4  ChessMode.o [5]
  .text                  ro code   0x800'050c     0x8  AllMode.o [4]
  .text                  ro code   0x800'0514     0xa  AllMode.o [4]
  .text                  ro code   0x800'051e     0x2  main.o [1]
  .text                  ro code   0x800'0520     0x2  AllMode.o [4]
  .text                  ro code   0x800'0522    0x38  zero_init3.o [11]
  .text                  ro code   0x800'055a    0x30  main.o [1]
  .text                  ro code   0x800'058a     0x4  main.o [1]
  .text                  ro code   0x800'058e    0x2a  AllMode.o [4]
  .text                  ro code   0x800'05b8    0x28  data_init.o [11]
  .text                  ro code   0x800'05e0    0x22  fpinit_M.o [10]
  .iar.init_table        const     0x800'0604    0x28  - Linker created -
  .text                  ro code   0x800'062c     0x2  vectortrap_M.o [11]
  .rodata                const     0x800'0630    0x20  main.o [1]
  .rodata                const     0x800'0650    0x20  main.o [1]
  .rodata                const     0x800'0670    0x20  main.o [1]
  .rodata                const     0x800'0690    0x20  main.o [1]
  .rodata                const     0x800'06b0    0x20  main.o [1]
  .text                  ro code   0x800'06d0    0x20  cmain_call_ctors.o [11]
  .text                  ro code   0x800'06f0    0x18  cppinit.o [8]
  Initializer bytes      const     0x800'0708    0x20  <for P2-1>
  .text                  ro code   0x800'0728    0x1e  cmain.o [11]
  .text                  ro code   0x800'0746     0x4  low_level_init.o [8]
  .text                  ro code   0x800'074a     0x4  exit.o [8]
  .rodata                const     0x800'074e     0x1  unwind_debug.o [12]
  .text                  ro code   0x800'0750     0xa  cexit.o [11]
  .text                  ro code   0x800'075c    0x14  exit.o [12]
  .rodata                const     0x800'0770    0x1c  Button.o [2]
  .text                  ro code   0x800'078c    0x1c  cstartup_M.o [11]
  .rodata                const     0x800'07a8    0x10  AllMode.o [4]
  .rodata                const     0x800'07b8    0x10  AllMode.o [4]
  .rodata                const     0x800'07c8    0x10  ChessMode.o [5]
  .rodata                const     0x800'07d8    0x10  Led.o [3]
  .rodata                const     0x800'07e8    0x10  SlideMode.o [6]
  .rodata                const     0x800'07f8    0x10  TreeMode.o [7]
  .text                  ro code   0x800'0808    0x10  main.o [1]
  .text                  ro code   0x800'0818    0x10  main.o [1]
  .text                  ro code   0x800'0828    0x10  main.o [1]
  .text                  ro code   0x800'0838     0xc  main.o [1]
  .text                  ro code   0x800'0844     0xc  main.o [1]
  .text                  ro code   0x800'0850    0x10  main.o [1]
  .text                  ro code   0x800'0860     0xc  main.o [1]
  .text                  ro code   0x800'086c     0xc  main.o [1]
  .text                  ro code   0x800'0878    0x10  main.o [1]
  .text                  ro code   0x800'0888    0x10  main.o [1]
  .text                  ro code   0x800'0898    0x10  main.o [1]
  .text                  ro code   0x800'08a8     0xe  main.o [1]
  .text                  ro code   0x800'08b8     0xc  main.o [1]
  .text                  ro code   0x800'08c4     0xe  main.o [1]
  .text                  ro code   0x800'08d4     0xc  main.o [1]
  .text                  ro code   0x800'08e0     0xe  main.o [1]
  .text                  ro code   0x800'08ee     0xe  main.o [1]
  .text                  ro code   0x800'08fc     0xe  main.o [1]
  .rodata                const     0x800'090c     0xc  main.o [1]
  .text                  ro code   0x800'0918     0xc  main.o [1]
  .text                  ro code   0x800'0924     0xc  main.o [1]
  .text                  ro code   0x800'0930     0xc  main.o [1]
  .text                  ro code   0x800'093c     0xa  main.o [1]
  .text                  ro code   0x800'0946     0xa  main.o [1]
  .rodata                const     0x800'0950     0x8  main.o [1]
  .rodata                const     0x800'0958     0x8  main.o [1]
  .rodata                const     0x800'0960     0x8  main.o [1]
  .rodata                const     0x800'0968     0x8  main.o [1]
  .rodata                const     0x800'0970     0x8  main.o [1]
  .text                  ro code   0x800'0978     0x8  main.o [1]
  .text                  ro code   0x800'0980     0x6  main.o [1]
  .text                  ro code   0x800'0986     0x6  main.o [1]
  .text                  ro code   0x800'098c     0x6  main.o [1]
  .text                  ro code   0x800'0992     0x6  main.o [1]
  .text                  ro code   0x800'0998     0x6  main.o [1]
  SHT$$PREINIT_ARRAY               0x800'09a0     0x0  <Block>
  SHT$$INIT_ARRAY                  0x800'09a0     0x4  <Block>
    .init_array          const     0x800'09a0     0x4  main.o [1]
  __iar_tls$$INIT_ARRAY            0x800'09a4     0x0  <Block>
  .rodata                const     0x800'09a4     0x0  zero_init3.o [11]
  .rodata                const     0x800'09a4     0x0  copy_init3.o [11]
                                 - 0x800'09a4   0x964

"P2", part 1 of 3:                               0x20
  P2-1                            0x2000'0000    0x20  <Init block>
    .data                inited   0x2000'0000    0x10  main.o [1]
    .data                inited   0x2000'0010    0x10  main.o [1]
                                - 0x2000'0020    0x20

"P2", part 2 of 3:                               0x78
  .bss                   zero     0x2000'0020    0x20  main.o [1]
  .bss                   zero     0x2000'0040    0x10  main.o [1]
  .bss                   zero     0x2000'0050     0xc  main.o [1]
  .bss                   zero     0x2000'005c     0xc  main.o [1]
  .bss                   zero     0x2000'0068     0x8  main.o [1]
  .bss                   zero     0x2000'0070     0x8  main.o [1]
  .bss                   zero     0x2000'0078     0x8  main.o [1]
  .bss                   zero     0x2000'0080     0x8  main.o [1]
  .bss                   zero     0x2000'0088     0x8  main.o [1]
  .bss                   zero     0x2000'0090     0x8  main.o [1]
                                - 0x2000'0098    0x78

"P2", part 3 of 3:                             0x2000
  CSTACK                          0x2000'0098  0x2000  <Block>
    CSTACK               uninit   0x2000'0098  0x2000  <Block tail>
                                - 0x2000'2098  0x2000

Unused ranges:

         From           To      Size
         ----           --      ----
   0x800'09a4   0x803'ffff  0x3'f65c
  0x2000'2098  0x2001'ffff  0x1'df68


*******************************************************************************
*** INIT TABLE
***

          Address      Size
          -------      ----
Zero (__iar_zero_init3)
    1 destination range, total size 0x78:
          0x2000'0020  0x78

Copy (__iar_copy_init3)
    1 source range, total size 0x20:
           0x800'0708  0x20
    1 destination range, total size 0x20:
          0x2000'0000  0x20

Extra (__iar_cstart_call_ctors)



*******************************************************************************
*** MODULE SUMMARY
***

    Module              ro code  ro data  rw data
    ------              -------  -------  -------
command line/config:
    ---------------------------------------------
    Total:

D:\POIP\POIP-8-sem-\Lab_1\Debug\Obj: [1]
    main.o                  928      248      152
    ---------------------------------------------
    Total:                  928      248      152

D:\POIP\POIP-8-sem-\Lab_1\Debug\Obj\Components\Button: [2]
    Button.o                176       28
    ---------------------------------------------
    Total:                  176       28

D:\POIP\POIP-8-sem-\Lab_1\Debug\Obj\Components\LED: [3]
    Led.o                    70       16
    ---------------------------------------------
    Total:                   70       16

D:\POIP\POIP-8-sem-\Lab_1\Debug\Obj\Modes\AllMode: [4]
    AllMode.o               148       32
    ---------------------------------------------
    Total:                  148       32

D:\POIP\POIP-8-sem-\Lab_1\Debug\Obj\Modes\ChessMode: [5]
    ChessMode.o              88       16
    ---------------------------------------------
    Total:                   88       16

D:\POIP\POIP-8-sem-\Lab_1\Debug\Obj\Modes\SlideMode: [6]
    SlideMode.o             160       16
    ---------------------------------------------
    Total:                  160       16

D:\POIP\POIP-8-sem-\Lab_1\Debug\Obj\Modes\TreeMode: [7]
    TreeMode.o               80       16
    ---------------------------------------------
    Total:                   80       16

dl7M_tlf.a: [8]
    cppinit.o                24
    exit.o                    4
    low_level_init.o          4
    ---------------------------------------------
    Total:                   32

dlpprt7M_tl_fc.a: [9]
    ---------------------------------------------
    Total:

m7M_tls.a: [10]
    fpinit_M.o               34
    ---------------------------------------------
    Total:                   34

rt7M_tl.a: [11]
    cexit.o                  10
    cmain.o                  30
    cmain_call_ctors.o       32
    copy_init3.o             42
    cstartup_M.o             28
    data_init.o              40
    vector_table_M.o         64
    vectortrap_M.o            2
    zero_init3.o             56
    ---------------------------------------------
    Total:                  304

shb_l.a: [12]
    exit.o                   20
    unwind_debug.o                     1
    ---------------------------------------------
    Total:                   20        1

    Gaps                      7        6
    Linker created                    40    8'192
-------------------------------------------------
    Grand Total:          2'047      419    8'344


*******************************************************************************
*** ENTRY LIST
***

Entry                       Address  Size  Type      Object
-----                       -------  ----  ----      ------
.iar.init_table$$Base    0x800'0604         --   Gb  - Linker created -
.iar.init_table$$Limit   0x800'062c         --   Gb  - Linker created -
?main                    0x800'0729        Code  Gb  cmain.o [11]
AllMode::AllMode(std::array<ILed *, (unsigned int)4> const &)
                         0x800'0215  0x12  Code  Gb  AllMode.o [4]
BusFault_Handler         0x800'062d        Code  Wk  vectortrap_M.o [11]
Button::AddObserver(IButtonObserver &)
                         0x800'01ff  0x16  Code  Gb  Button.o [2]
Button::Button(IPinReadable const &)
                         0x800'0185  0x2a  Code  Gb  Button.o [2]
Button::IsPressed() const
                         0x800'01b5  0x4a  Code  Gb  Button.o [2]
CSTACK$$Base            0x2000'0098         --   Gb  - Linker created -
CSTACK$$Limit           0x2000'2098         --   Gb  - Linker created -
ChessMode::ChessMode(std::array<ILed *, (unsigned int)4> const &)
                         0x800'022d  0x18  Code  Gb  ChessMode.o [5]
ChessMode::Clear()       0x800'0249  0x2a  Code  Gb  ChessMode.o [5]
DebugMon_Handler         0x800'062d        Code  Wk  vectortrap_M.o [11]
Delay(unsigned int)      0x800'0097  0x2e  Code  Gb  main.o [1]
Garland::Garland(std::array<IMode *, (unsigned int)4> const &)
                         0x800'038d  0x20  Code  Wk  main.o [1]
Garland::OnButtonPress()
                         0x800'0979   0x8  Code  Wk  main.o [1]
Garland::SwitchNextMode()
                         0x800'055b  0x30  Code  Wk  main.o [1]
Garland::UpdateCurrentMode() const
                         0x800'0471  0x14  Code  Wk  main.o [1]
HardFault_Handler        0x800'062d        Code  Wk  vectortrap_M.o [11]
IButton::IButton()       0x800'04f9   0x2  Code  Wk  Button.o [2]
IButton::IButton() [subobject]
                         0x800'048d   0x8  Code  Wk  Button.o [2]
IButtonObserver::IButtonObserver()
                         0x800'051f   0x2  Code  Wk  main.o [1]
IButtonObserver::IButtonObserver() [subobject]
                         0x800'04e9   0x8  Code  Wk  main.o [1]
ILed::ILed()             0x800'04f7   0x2  Code  Wk  Led.o [3]
ILed::ILed() [subobject]
                         0x800'0485   0x8  Code  Wk  Led.o [3]
IMode::Clear()           0x800'04bf  0x2a  Code  Wk  AllMode.o [4]
IMode::IMode(std::array<ILed *, (unsigned int)4> const &)
                         0x800'04fd   0xc  Code  Wk  AllMode.o [4]
IMode::IMode(std::array<ILed *, (unsigned int)4> const &) [subobject]
                         0x800'04a9   0x8  Code  Wk  AllMode.o [4]
IMode::Update()          0x800'058f  0x2a  Code  Wk  AllMode.o [4]
IObservable::IObservable()
                         0x800'04fb   0x2  Code  Wk  Button.o [2]
IObservable::IObservable() [subobject]
                         0x800'0495   0x8  Code  Wk  Button.o [2]
Led::Led(IPin const &)   0x800'0149  0x16  Code  Gb  Led.o [3]
Led::SwithOff() const    0x800'0165  0x10  Code  Gb  Led.o [3]
Led::Toggle() const      0x800'0175  0x10  Code  Gb  Led.o [3]
MemManage_Handler        0x800'062d        Code  Wk  vectortrap_M.o [11]
NMI_Handler              0x800'062d        Code  Wk  vectortrap_M.o [11]
PendSV_Handler           0x800'062d        Code  Wk  vectortrap_M.o [11]
Pin<GPIOA, (int)5>::IsHigh() const
                         0x800'08a9   0xe  Code  Wk  main.o [1]
Pin<GPIOA, (int)5>::Reset() const
                         0x800'0829  0x10  Code  Wk  main.o [1]
Pin<GPIOA, (int)5>::Toggle() const
                         0x800'093d   0xa  Code  Wk  main.o [1]
Pin<GPIOC, (int)13>::IsHigh() const
                         0x800'08fd   0xe  Code  Wk  main.o [1]
Pin<GPIOC, (int)13>::Reset() const
                         0x800'0899  0x10  Code  Wk  main.o [1]
Pin<GPIOC, (int)13>::Toggle() const
                         0x800'0931   0xc  Code  Wk  main.o [1]
Pin<GPIOC, (int)5>::IsHigh() const
                         0x800'08c5   0xe  Code  Wk  main.o [1]
Pin<GPIOC, (int)5>::Reset() const
                         0x800'0851  0x10  Code  Wk  main.o [1]
Pin<GPIOC, (int)5>::Toggle() const
                         0x800'0947   0xa  Code  Wk  main.o [1]
Pin<GPIOC, (int)8>::IsHigh() const
                         0x800'08e1   0xe  Code  Wk  main.o [1]
Pin<GPIOC, (int)8>::Reset() const
                         0x800'0879  0x10  Code  Wk  main.o [1]
Pin<GPIOC, (int)8>::Toggle() const
                         0x800'0919   0xc  Code  Wk  main.o [1]
Pin<GPIOC, (int)9>::IsHigh() const
                         0x800'08ef   0xe  Code  Wk  main.o [1]
Pin<GPIOC, (int)9>::Reset() const
                         0x800'0889  0x10  Code  Wk  main.o [1]
Pin<GPIOC, (int)9>::Toggle() const
                         0x800'0925   0xc  Code  Wk  main.o [1]
Region$$Table$$Base      0x800'0604         --   Gb  - Linker created -
Region$$Table$$Limit     0x800'062c         --   Gb  - Linker created -
SHT$$INIT_ARRAY$$Base    0x800'09a0         --   Gb  - Linker created -
SHT$$INIT_ARRAY$$Limit   0x800'09a4         --   Gb  - Linker created -
SHT$$PREINIT_ARRAY$$Base
                         0x800'09a0         --   Gb  - Linker created -
SHT$$PREINIT_ARRAY$$Limit
                         0x800'09a0         --   Gb  - Linker created -
SVC_Handler              0x800'062d        Code  Wk  vectortrap_M.o [11]
SlideMode::SlideMode(std::array<ILed *, (unsigned int)4> const &)
                         0x800'02ed  0x20  Code  Gb  SlideMode.o [6]
SlideMode::Update()      0x800'0311  0x7c  Code  Gb  SlideMode.o [6]
SysTick_Handler          0x800'062d        Code  Wk  vectortrap_M.o [11]
Thunk for (offset -4) Pin<GPIOA, (int)5>::IsHigh() const
                         0x800'0981   0x6  Code  Wk  main.o [1]
Thunk for (offset -4) Pin<GPIOC, (int)13>::IsHigh() const
                         0x800'0999   0x6  Code  Wk  main.o [1]
Thunk for (offset -4) Pin<GPIOC, (int)5>::IsHigh() const
                         0x800'0987   0x6  Code  Wk  main.o [1]
Thunk for (offset -4) Pin<GPIOC, (int)8>::IsHigh() const
                         0x800'098d   0x6  Code  Wk  main.o [1]
Thunk for (offset -4) Pin<GPIOC, (int)9>::IsHigh() const
                         0x800'0993   0x6  Code  Wk  main.o [1]
TreeMode::TreeMode(std::array<ILed *, (unsigned int)4> const &)
                         0x800'029d  0x1c  Code  Gb  TreeMode.o [7]
TreeMode::Update()       0x800'02bd  0x30  Code  Gb  TreeMode.o [7]
UsageFault_Handler       0x800'062d        Code  Wk  vectortrap_M.o [11]
Virtual function table for AllMode
                         0x800'07b8  0x10  Data  Wk  AllMode.o [4]
Virtual function table for Button
                         0x800'0770  0x1c  Data  Wk  Button.o [2]
Virtual function table for ChessMode
                         0x800'07c8  0x10  Data  Wk  ChessMode.o [5]
Virtual function table for Garland
                         0x800'090c   0xc  Data  Wk  main.o [1]
Virtual function table for IMode
                         0x800'07a8  0x10  Data  Wk  AllMode.o [4]
Virtual function table for Led
                         0x800'07d8  0x10  Data  Wk  Led.o [3]
Virtual function table for Pin<GPIOA, (int)5>
                         0x800'0630  0x20  Data  Wk  main.o [1]
Virtual function table for Pin<GPIOC, (int)13>
                         0x800'06b0  0x20  Data  Wk  main.o [1]
Virtual function table for Pin<GPIOC, (int)5>
                         0x800'0650  0x20  Data  Wk  main.o [1]
Virtual function table for Pin<GPIOC, (int)8>
                         0x800'0670  0x20  Data  Wk  main.o [1]
Virtual function table for Pin<GPIOC, (int)9>
                         0x800'0690  0x20  Data  Wk  main.o [1]
Virtual function table for SlideMode
                         0x800'07e8  0x10  Data  Wk  SlideMode.o [6]
Virtual function table for TreeMode
                         0x800'07f8  0x10  Data  Wk  TreeMode.o [7]
__call_ctors             0x800'06f1  0x18  Code  Gb  cppinit.o [8]
__cmain                  0x800'0729        Code  Gb  cmain.o [11]
__exit                   0x800'075d  0x14  Code  Gb  exit.o [12]
__iar_copy_init3         0x800'0273  0x2a  Code  Gb  copy_init3.o [11]
__iar_cstart_call_ctors
                         0x800'06d1  0x20  Code  Gb  cmain_call_ctors.o [11]
__iar_data_init3         0x800'05b9  0x28  Code  Gb  data_init.o [11]
__iar_debug_exceptions   0x800'074e   0x1  Data  Gb  unwind_debug.o [12]
__iar_init_vfp           0x800'05e1        Code  Gb  fpinit_M.o [10]
__iar_program_start      0x800'078d        Code  Gb  cstartup_M.o [11]
__iar_tls$$INIT_ARRAY$$Base
                         0x800'09a4         --   Gb  - Linker created -
__iar_tls$$INIT_ARRAY$$Limit
                         0x800'09a4         --   Gb  - Linker created -
__iar_zero_init3         0x800'0523  0x38  Code  Gb  zero_init3.o [11]
__low_level_init         0x800'0747   0x4  Code  Gb  low_level_init.o [8]
__sti__routine           0x800'0041  0x56  Code  Lc  main.o [1]
__vector_table           0x800'0000        Data  Gb  vector_table_M.o [11]
_call_main               0x800'0735        Code  Gb  cmain.o [11]
_exit                    0x800'0751        Code  Gb  cexit.o [11]
allMode                 0x2000'0088   0x8  Data  Gb  main.o [1]
bool FieldValueBase<STK_CTRL_COUNTFLAG_Values<STK::CTRL, (unsigned int)16, (unsigned int)1, ReadWriteMode, STK::STKCTRLBase>, STK::STKCTRLBase, (unsigned int)1>::IsSet<ReadWriteMode, void>()
                         0x800'03d9  0x10  Code  Wk  main.o [1]
chessMode               0x2000'0090   0x8  Data  Gb  main.o [1]
decltype(((param#1.size)())) std::size<std::array<ILed *, (unsigned int)4>>(std::array<ILed *, (unsigned int)4> const &)
                         0x800'04b7   0x8  Code  Wk  ChessMode.o [5]
exit                     0x800'074b   0x4  Code  Gb  exit.o [8]
garland                 0x2000'005c   0xc  Data  Gb  main.o [1]
led1                    0x2000'0068   0x8  Data  Gb  main.o [1]
led2                    0x2000'0070   0x8  Data  Gb  main.o [1]
led3                    0x2000'0078   0x8  Data  Gb  main.o [1]
led4                    0x2000'0080   0x8  Data  Gb  main.o [1]
leds                    0x2000'0000  0x10  Data  Gb  main.o [1]
main                     0x800'00c5  0x3c  Code  Gb  main.o [1]
modes                   0x2000'0010  0x10  Data  Gb  main.o [1]
pinA5                    0x800'0950   0x8  Data  Wk  main.o [1]
pinC13                   0x800'0970   0x8  Data  Wk  main.o [1]
pinC5                    0x800'0958   0x8  Data  Wk  main.o [1]
pinC8                    0x800'0960   0x8  Data  Wk  main.o [1]
pinC9                    0x800'0968   0x8  Data  Wk  main.o [1]
slideMode               0x2000'0040  0x10  Data  Gb  main.o [1]
std::array<IButtonObserver *, (unsigned int)4>::operator [](unsigned int)
                         0x800'04a3   0x6  Code  Wk  Button.o [2]
std::array<IButtonObserver *, (unsigned int)4>::operator [](unsigned int) const
                         0x800'049d   0x6  Code  Wk  Button.o [2]
std::array<ILed *, (unsigned int)4>::begin() const
                         0x800'050d   0x8  Code  Wk  AllMode.o [4]
std::array<ILed *, (unsigned int)4>::data() const
                         0x800'0521   0x2  Code  Wk  AllMode.o [4]
std::array<ILed *, (unsigned int)4>::end() const
                         0x800'0515   0xa  Code  Wk  AllMode.o [4]
std::array<ILed *, (unsigned int)4>::operator [](unsigned int) const
                         0x800'04b1   0x6  Code  Wk  ChessMode.o [5]
std::array<ILed *, (unsigned int)4>::size() const
                         0x800'0509   0x4  Code  Wk  ChessMode.o [5]
std::array<IMode *, (unsigned int)4>::operator [](unsigned int) const
                         0x800'04f1   0x6  Code  Wk  main.o [1]
std::array<IMode *, (unsigned int)4>::size() const
                         0x800'058b   0x4  Code  Wk  main.o [1]
treeMode                0x2000'0050   0xc  Data  Gb  main.o [1]
unsigned int RegisterBase<(unsigned int)1073872912, (unsigned int)32, ReadMode>::Get<ReadMode, void>()
                         0x800'08b9   0xc  Code  Wk  main.o [1]
unsigned int RegisterBase<(unsigned int)1073872916, (unsigned int)32, ReadWriteMode>::Get<ReadWriteMode, void>()
                         0x800'0839   0xc  Code  Wk  main.o [1]
unsigned int RegisterBase<(unsigned int)1073874960, (unsigned int)32, ReadMode>::Get<ReadMode, void>()
                         0x800'08d5   0xc  Code  Wk  main.o [1]
unsigned int RegisterBase<(unsigned int)1073874964, (unsigned int)32, ReadWriteMode>::Get<ReadWriteMode, void>()
                         0x800'0861   0xc  Code  Wk  main.o [1]
userButton1             0x2000'0020  0x20  Data  Gb  main.o [1]
void FieldValueBase<GPIOA_MODER_MODER15_Values<GPIOA::MODER, (unsigned int)10, (unsigned int)2, ReadWriteMode, GPIOA::GPIOAMODERBase>, GPIOA::GPIOAMODERBase, (unsigned int)1>::Set<ReadWriteMode, void>()
                         0x800'0421  0x14  Code  Wk  main.o [1]
void FieldValueBase<GPIOC_MODER_MODER15_Values<GPIOC::MODER, (unsigned int)10, (unsigned int)2, ReadWriteMode, GPIOC::GPIOCMODERBase>, GPIOC::GPIOCMODERBase, (unsigned int)1>::Set<ReadWriteMode, void>()
                         0x800'0435  0x14  Code  Wk  main.o [1]
void FieldValueBase<GPIOC_MODER_MODER15_Values<GPIOC::MODER, (unsigned int)16, (unsigned int)2, ReadWriteMode, GPIOC::GPIOCMODERBase>, GPIOC::GPIOCMODERBase, (unsigned int)1>::Set<ReadWriteMode, void>()
                         0x800'0449  0x14  Code  Wk  main.o [1]
void FieldValueBase<GPIOC_MODER_MODER15_Values<GPIOC::MODER, (unsigned int)18, (unsigned int)2, ReadWriteMode, GPIOC::GPIOCMODERBase>, GPIOC::GPIOCMODERBase, (unsigned int)1>::Set<ReadWriteMode, void>()
                         0x800'045d  0x14  Code  Wk  main.o [1]
void FieldValueBase<RCC_AHB1ENR_GPIOAEN_Values<RCC::AHB1ENR, (unsigned int)0, (unsigned int)1, ReadWriteMode, RCC::RCCAHB1ENRBase>, RCC::RCCAHB1ENRBase, (unsigned int)1>::Set<ReadWriteMode, void>()
                         0x800'040d  0x14  Code  Wk  main.o [1]
void FieldValueBase<RCC_AHB1ENR_GPIOCEN_Values<RCC::AHB1ENR, (unsigned int)2, (unsigned int)1, ReadWriteMode, RCC::RCCAHB1ENRBase>, RCC::RCCAHB1ENRBase, (unsigned int)1>::Set<ReadWriteMode, void>()
                         0x800'03f9  0x14  Code  Wk  main.o [1]
void FieldValueBase<STK_CTRL_ENABLE_Values<STK::CTRL, (unsigned int)0, (unsigned int)1, ReadWriteMode, STK::STKCTRLBase>, STK::STKCTRLBase, (unsigned int)0>::Set<ReadWriteMode, void>()
                         0x800'03e9  0x10  Code  Wk  main.o [1]
void FieldValueBase<STK_CTRL_ENABLE_Values<STK::CTRL, (unsigned int)0, (unsigned int)1, ReadWriteMode, STK::STKCTRLBase>, STK::STKCTRLBase, (unsigned int)1>::Set<ReadWriteMode, void>()
                         0x800'03c5  0x14  Code  Wk  main.o [1]
void RegisterBase<(unsigned int)1073872916, (unsigned int)32, ReadWriteMode>::Toggle<ReadWriteMode, void>(unsigned int)
                         0x800'0819  0x10  Code  Wk  main.o [1]
void RegisterBase<(unsigned int)1073872916, (unsigned int)32, ReadWriteMode>::Write<ReadWriteMode, void>(unsigned int)
                         0x800'0845   0xc  Code  Wk  main.o [1]
void RegisterBase<(unsigned int)1073874964, (unsigned int)32, ReadWriteMode>::Toggle<ReadWriteMode, void>(unsigned int)
                         0x800'0809  0x10  Code  Wk  main.o [1]
void RegisterBase<(unsigned int)1073874964, (unsigned int)32, ReadWriteMode>::Write<ReadWriteMode, void>(unsigned int)
                         0x800'086d   0xc  Code  Wk  main.o [1]
void RegisterBase<(unsigned int)3758153748, (unsigned int)32, ReadWriteMode>::Write<ReadWriteMode, void>(unsigned int)
                         0x800'03b9   0xc  Code  Wk  main.o [1]
void RegisterBase<(unsigned int)3758153752, (unsigned int)32, ReadWriteMode>::Write<ReadWriteMode, void>(unsigned int)
                         0x800'03ad   0xc  Code  Wk  main.o [1]


[1] = D:\POIP\POIP-8-sem-\Lab_1\Debug\Obj
[2] = D:\POIP\POIP-8-sem-\Lab_1\Debug\Obj\Components\Button
[3] = D:\POIP\POIP-8-sem-\Lab_1\Debug\Obj\Components\LED
[4] = D:\POIP\POIP-8-sem-\Lab_1\Debug\Obj\Modes\AllMode
[5] = D:\POIP\POIP-8-sem-\Lab_1\Debug\Obj\Modes\ChessMode
[6] = D:\POIP\POIP-8-sem-\Lab_1\Debug\Obj\Modes\SlideMode
[7] = D:\POIP\POIP-8-sem-\Lab_1\Debug\Obj\Modes\TreeMode
[8] = dl7M_tlf.a
[9] = dlpprt7M_tl_fc.a
[10] = m7M_tls.a
[11] = rt7M_tl.a
[12] = shb_l.a

  2'047 bytes of readonly  code memory
    419 bytes of readonly  data memory
  8'344 bytes of readwrite data memory

Errors: none
Warnings: none
