###############################################################################
#
# IAR ELF Linker V9.30.1.335/W64 for ARM                  10/Mar/2023  21:52:24
# Copyright 2007-2022 IAR Systems AB.
#
#    Output file  =  D:\POIP\POIP-8-sem-\Lab_1\Debug\Exe\Lab_1 (Timers).out
#    Map file     =  D:\POIP\POIP-8-sem-\Lab_1\Debug\List\Lab_1 (Timers).map
#    Command line =
#        -f "D:\POIP\POIP-8-sem-\Lab_1\Debug\Exe\Lab_1 (Timers).out.rsp"
#        (D:\POIP\POIP-8-sem-\Lab_1\Debug\Obj\Modes\AllMode\AllMode.o
#        D:\POIP\POIP-8-sem-\Lab_1\Debug\Obj\Components\Button\Button.o
#        D:\POIP\POIP-8-sem-\Lab_1\Debug\Obj\Modes\ChessMode\ChessMode.o
#        D:\POIP\POIP-8-sem-\Lab_1\Debug\Obj\Components\LED\Led.o
#        D:\POIP\POIP-8-sem-\Lab_1\Debug\Obj\main.o
#        D:\POIP\POIP-8-sem-\Lab_1\Debug\Obj\Modes\SlideMode\SlideMode.o
#        D:\POIP\POIP-8-sem-\Lab_1\Debug\Obj\Modes\TreeMode\TreeMode.o
#        --no_out_extension -o "D:\POIP\POIP-8-sem-\Lab_1\Debug\Exe\Lab_1
#        (Timers).out" --redirect _Printf=_PrintfFullNoMb --redirect
#        _Scanf=_ScanfFullNoMb --map
#        "D:\POIP\POIP-8-sem-\Lab_1\Debug\List\Lab_1 (Timers).map" --config
#        "C:\Program Files\IAR Systems\Embedded Workbench
#        9.1\arm/config/linker/ST/stm32f411xC.icf" --semihosting --entry
#        __iar_program_start --vfe --text_out locale --cpu=Cortex-M4
#        --fpu=VFPv4_sp)
#
###############################################################################

*******************************************************************************
*** RUNTIME MODEL ATTRIBUTES
***

CppFlavor                     = *
__CPP_Exceptions              = Disabled
__CPP_Language                = C++14
__CPP_Library                 = libc++
__CPP_Runtime                 = 1
__Heap_Handler                = Basic
__SystemLibrary               = DLib
__dlib_dynamic_initialization = normal
__dlib_version                = 6


*******************************************************************************
*** HEAP SELECTION
***

The basic heap was selected because --advanced_heap
was not specified and the application did not appear to
be primarily optimized for speed.


*******************************************************************************
*** PLACEMENT SUMMARY
***

"A0":  place at address 0x800'0000 { ro section .intvec };
"P1":  place in [from 0x800'0000 to 0x803'ffff] { ro };
define block CSTACK with size = 8K, alignment = 8 { };
define block HEAP with size = 8K, alignment = 8 { };
"P2":  place in [from 0x2000'0000 to 0x2001'ffff] {
          rw, block CSTACK, block HEAP };
initialize by copy { rw };

  Section                Kind         Address    Size  Object
  -------                ----         -------    ----  ------
"A0":                                            0x40
  .intvec                ro code   0x800'0000    0x40  vector_table_M.o [11]
                                 - 0x800'0040    0x40

"P1":                                           0x998
  .text                  ro code   0x800'0040   0x110  main.o [1]
  .text                  ro code   0x800'0150    0x3c  Led.o [3]
  .text                  ro code   0x800'018c    0x90  Button.o [2]
  .text                  ro code   0x800'021c    0x18  AllMode.o [4]
  .text                  ro code   0x800'0234    0x46  ChessMode.o [5]
  .text                  ro code   0x800'027a    0x2a  copy_init3.o [11]
  .text                  ro code   0x800'02a4    0x50  TreeMode.o [7]
  .text                  ro code   0x800'02f4    0xa0  SlideMode.o [6]
  .text                  ro code   0x800'0394    0x20  main.o [1]
  .text                  ro code   0x800'03b4     0xc  main.o [1]
  .text                  ro code   0x800'03c0     0xc  main.o [1]
  .text                  ro code   0x800'03cc    0x12  main.o [1]
  .text                  ro code   0x800'03de     0x2  vectortrap_M.o [11]
  .text                  ro code   0x800'03e0    0x10  main.o [1]
  .text                  ro code   0x800'03f0    0x10  main.o [1]
  .text                  ro code   0x800'0400     0xe  main.o [1]
  .rodata                const     0x800'040e     0x1  unwind_debug.o [12]
  .text                  ro code   0x800'0410    0x14  main.o [1]
  .text                  ro code   0x800'0424     0xc  main.o [1]
  .text                  ro code   0x800'0430    0x14  main.o [1]
  .text                  ro code   0x800'0444    0x14  main.o [1]
  .text                  ro code   0x800'0458    0x14  main.o [1]
  .text                  ro code   0x800'046c    0x14  main.o [1]
  .text                  ro code   0x800'0480    0x14  main.o [1]
  .text                  ro code   0x800'0494    0x14  main.o [1]
  .text                  ro code   0x800'04a8    0x14  main.o [1]
  .text                  ro code   0x800'04bc     0x8  Led.o [3]
  .text                  ro code   0x800'04c4     0x8  Button.o [2]
  .text                  ro code   0x800'04cc     0x8  Button.o [2]
  .text                  ro code   0x800'04d4     0x6  Button.o [2]
  .text                  ro code   0x800'04da     0x6  Button.o [2]
  .text                  ro code   0x800'04e0     0x8  AllMode.o [4]
  .text                  ro code   0x800'04e8     0x6  ChessMode.o [5]
  .text                  ro code   0x800'04ee     0x8  ChessMode.o [5]
  .text                  ro code   0x800'04f6    0x2a  AllMode.o [4]
  .text                  ro code   0x800'0520     0x8  main.o [1]
  .text                  ro code   0x800'0528     0x6  main.o [1]
  .text                  ro code   0x800'052e     0x2  Led.o [3]
  .text                  ro code   0x800'0530     0x2  Button.o [2]
  .text                  ro code   0x800'0532     0x2  Button.o [2]
  .text                  ro code   0x800'0534     0xc  AllMode.o [4]
  .text                  ro code   0x800'0540     0x4  ChessMode.o [5]
  .text                  ro code   0x800'0544     0x8  AllMode.o [4]
  .text                  ro code   0x800'054c     0xa  AllMode.o [4]
  .text                  ro code   0x800'0556     0x2  main.o [1]
  .text                  ro code   0x800'0558     0x2  AllMode.o [4]
  .text                  ro code   0x800'055a    0x38  zero_init3.o [11]
  .text                  ro code   0x800'0592    0x30  main.o [1]
  .text                  ro code   0x800'05c2     0x4  main.o [1]
  .text                  ro code   0x800'05c6    0x2a  AllMode.o [4]
  .text                  ro code   0x800'05f0    0x28  data_init.o [11]
  .text                  ro code   0x800'0618    0x22  fpinit_M.o [10]
  .iar.init_table        const     0x800'063c    0x28  - Linker created -
  .rodata                const     0x800'0664    0x20  main.o [1]
  .rodata                const     0x800'0684    0x20  main.o [1]
  .rodata                const     0x800'06a4    0x20  main.o [1]
  .rodata                const     0x800'06c4    0x20  main.o [1]
  .rodata                const     0x800'06e4    0x20  main.o [1]
  .text                  ro code   0x800'0704    0x20  cmain_call_ctors.o [11]
  .text                  ro code   0x800'0724    0x18  cppinit.o [8]
  Initializer bytes      const     0x800'073c    0x20  <for P2-1>
  .text                  ro code   0x800'075c    0x1e  cmain.o [11]
  .text                  ro code   0x800'077a     0x4  low_level_init.o [8]
  .text                  ro code   0x800'077e     0x4  exit.o [8]
  .text                  ro code   0x800'0784     0xa  cexit.o [11]
  .text                  ro code   0x800'0790    0x14  exit.o [12]
  .rodata                const     0x800'07a4    0x1c  Button.o [2]
  .text                  ro code   0x800'07c0    0x1c  cstartup_M.o [11]
  .rodata                const     0x800'07dc    0x10  AllMode.o [4]
  .rodata                const     0x800'07ec    0x10  AllMode.o [4]
  .rodata                const     0x800'07fc    0x10  ChessMode.o [5]
  .rodata                const     0x800'080c    0x10  Led.o [3]
  .rodata                const     0x800'081c    0x10  SlideMode.o [6]
  .rodata                const     0x800'082c    0x10  TreeMode.o [7]
  .text                  ro code   0x800'083c    0x10  main.o [1]
  .text                  ro code   0x800'084c    0x10  main.o [1]
  .text                  ro code   0x800'085c    0x10  main.o [1]
  .text                  ro code   0x800'086c     0xc  main.o [1]
  .text                  ro code   0x800'0878     0xc  main.o [1]
  .text                  ro code   0x800'0884    0x10  main.o [1]
  .text                  ro code   0x800'0894     0xc  main.o [1]
  .text                  ro code   0x800'08a0     0xc  main.o [1]
  .text                  ro code   0x800'08ac    0x10  main.o [1]
  .text                  ro code   0x800'08bc    0x10  main.o [1]
  .text                  ro code   0x800'08cc    0x10  main.o [1]
  .text                  ro code   0x800'08dc     0xe  main.o [1]
  .text                  ro code   0x800'08ec     0xc  main.o [1]
  .text                  ro code   0x800'08f8     0xe  main.o [1]
  .text                  ro code   0x800'0908     0xc  main.o [1]
  .text                  ro code   0x800'0914     0xe  main.o [1]
  .text                  ro code   0x800'0922     0xe  main.o [1]
  .text                  ro code   0x800'0930     0xe  main.o [1]
  .rodata                const     0x800'0940     0xc  main.o [1]
  .text                  ro code   0x800'094c     0xc  main.o [1]
  .text                  ro code   0x800'0958     0xc  main.o [1]
  .text                  ro code   0x800'0964     0xc  main.o [1]
  .text                  ro code   0x800'0970     0xa  main.o [1]
  .text                  ro code   0x800'097a     0xa  main.o [1]
  .rodata                const     0x800'0984     0x8  main.o [1]
  .rodata                const     0x800'098c     0x8  main.o [1]
  .rodata                const     0x800'0994     0x8  main.o [1]
  .rodata                const     0x800'099c     0x8  main.o [1]
  .rodata                const     0x800'09a4     0x8  main.o [1]
  .text                  ro code   0x800'09ac     0x8  main.o [1]
  .text                  ro code   0x800'09b4     0x6  main.o [1]
  .text                  ro code   0x800'09ba     0x6  main.o [1]
  .text                  ro code   0x800'09c0     0x6  main.o [1]
  .text                  ro code   0x800'09c6     0x6  main.o [1]
  .text                  ro code   0x800'09cc     0x6  main.o [1]
  SHT$$PREINIT_ARRAY               0x800'09d4     0x0  <Block>
  SHT$$INIT_ARRAY                  0x800'09d4     0x4  <Block>
    .init_array          const     0x800'09d4     0x4  main.o [1]
  __iar_tls$$INIT_ARRAY            0x800'09d8     0x0  <Block>
  .rodata                const     0x800'09d8     0x0  zero_init3.o [11]
  .rodata                const     0x800'09d8     0x0  copy_init3.o [11]
                                 - 0x800'09d8   0x998

"P2", part 1 of 3:                               0x20
  P2-1                            0x2000'0000    0x20  <Init block>
    .data                inited   0x2000'0000    0x10  main.o [1]
    .data                inited   0x2000'0010    0x10  main.o [1]
                                - 0x2000'0020    0x20

"P2", part 2 of 3:                               0x78
  .bss                   zero     0x2000'0020    0x20  main.o [1]
  .bss                   zero     0x2000'0040    0x10  main.o [1]
  .bss                   zero     0x2000'0050     0xc  main.o [1]
  .bss                   zero     0x2000'005c     0xc  main.o [1]
  .bss                   zero     0x2000'0068     0x8  main.o [1]
  .bss                   zero     0x2000'0070     0x8  main.o [1]
  .bss                   zero     0x2000'0078     0x8  main.o [1]
  .bss                   zero     0x2000'0080     0x8  main.o [1]
  .bss                   zero     0x2000'0088     0x8  main.o [1]
  .bss                   zero     0x2000'0090     0x8  main.o [1]
                                - 0x2000'0098    0x78

"P2", part 3 of 3:                             0x2000
  CSTACK                          0x2000'0098  0x2000  <Block>
    CSTACK               uninit   0x2000'0098  0x2000  <Block tail>
                                - 0x2000'2098  0x2000

Unused ranges:

         From           To      Size
         ----           --      ----
   0x800'09d8   0x803'ffff  0x3'f628
  0x2000'2098  0x2001'ffff  0x1'df68


*******************************************************************************
*** INIT TABLE
***

          Address      Size
          -------      ----
Zero (__iar_zero_init3)
    1 destination range, total size 0x78:
          0x2000'0020  0x78

Copy (__iar_copy_init3)
    1 source range, total size 0x20:
           0x800'073c  0x20
    1 destination range, total size 0x20:
          0x2000'0000  0x20

Extra (__iar_cstart_call_ctors)



*******************************************************************************
*** MODULE SUMMARY
***

    Module              ro code  ro data  rw data
    ------              -------  -------  -------
command line/config:
    ---------------------------------------------
    Total:

D:\POIP\POIP-8-sem-\Lab_1\Debug\Obj: [1]
    main.o                  980      248      152
    ---------------------------------------------
    Total:                  980      248      152

D:\POIP\POIP-8-sem-\Lab_1\Debug\Obj\Components\Button: [2]
    Button.o                176       28
    ---------------------------------------------
    Total:                  176       28

D:\POIP\POIP-8-sem-\Lab_1\Debug\Obj\Components\LED: [3]
    Led.o                    70       16
    ---------------------------------------------
    Total:                   70       16

D:\POIP\POIP-8-sem-\Lab_1\Debug\Obj\Modes\AllMode: [4]
    AllMode.o               148       32
    ---------------------------------------------
    Total:                  148       32

D:\POIP\POIP-8-sem-\Lab_1\Debug\Obj\Modes\ChessMode: [5]
    ChessMode.o              88       16
    ---------------------------------------------
    Total:                   88       16

D:\POIP\POIP-8-sem-\Lab_1\Debug\Obj\Modes\SlideMode: [6]
    SlideMode.o             160       16
    ---------------------------------------------
    Total:                  160       16

D:\POIP\POIP-8-sem-\Lab_1\Debug\Obj\Modes\TreeMode: [7]
    TreeMode.o               80       16
    ---------------------------------------------
    Total:                   80       16

dl7M_tlf.a: [8]
    cppinit.o                24
    exit.o                    4
    low_level_init.o          4
    ---------------------------------------------
    Total:                   32

dlpprt7M_tl_fc.a: [9]
    ---------------------------------------------
    Total:

m7M_tls.a: [10]
    fpinit_M.o               34
    ---------------------------------------------
    Total:                   34

rt7M_tl.a: [11]
    cexit.o                  10
    cmain.o                  30
    cmain_call_ctors.o       32
    copy_init3.o             42
    cstartup_M.o             28
    data_init.o              40
    vector_table_M.o         64
    vectortrap_M.o            2
    zero_init3.o             56
    ---------------------------------------------
    Total:                  304

shb_l.a: [12]
    exit.o                   20
    unwind_debug.o                     1
    ---------------------------------------------
    Total:                   20        1

    Gaps                      9        4
    Linker created                    40    8'192
-------------------------------------------------
    Grand Total:          2'101      417    8'344


*******************************************************************************
*** ENTRY LIST
***

Entry                       Address  Size  Type      Object
-----                       -------  ----  ----      ------
.iar.init_table$$Base    0x800'063c         --   Gb  - Linker created -
.iar.init_table$$Limit   0x800'0664         --   Gb  - Linker created -
?main                    0x800'075d        Code  Gb  cmain.o [11]
AllMode::AllMode(std::array<ILed *, (unsigned int)4> const &)
                         0x800'021d  0x12  Code  Gb  AllMode.o [4]
BusFault_Handler         0x800'03df        Code  Wk  vectortrap_M.o [11]
Button::AddObserver(IButtonObserver &)
                         0x800'0207  0x16  Code  Gb  Button.o [2]
Button::Button(IPinReadable const &)
                         0x800'018d  0x2a  Code  Gb  Button.o [2]
Button::IsPressed() const
                         0x800'01bd  0x4a  Code  Gb  Button.o [2]
CSTACK$$Base            0x2000'0098         --   Gb  - Linker created -
CSTACK$$Limit           0x2000'2098         --   Gb  - Linker created -
ChessMode::ChessMode(std::array<ILed *, (unsigned int)4> const &)
                         0x800'0235  0x18  Code  Gb  ChessMode.o [5]
ChessMode::Clear()       0x800'0251  0x2a  Code  Gb  ChessMode.o [5]
DebugMon_Handler         0x800'03df        Code  Wk  vectortrap_M.o [11]
Delay(unsigned int)      0x800'0097  0x2c  Code  Gb  main.o [1]
Garland::Garland(std::array<IMode *, (unsigned int)4> const &)
                         0x800'0395  0x20  Code  Wk  main.o [1]
Garland::OnButtonPress()
                         0x800'09ad   0x8  Code  Wk  main.o [1]
Garland::SwitchNextMode()
                         0x800'0593  0x30  Code  Wk  main.o [1]
Garland::UpdateCurrentMode() const
                         0x800'04a9  0x14  Code  Wk  main.o [1]
HardFault_Handler        0x800'03df        Code  Wk  vectortrap_M.o [11]
IButton::IButton()       0x800'0531   0x2  Code  Wk  Button.o [2]
IButton::IButton() [subobject]
                         0x800'04c5   0x8  Code  Wk  Button.o [2]
IButtonObserver::IButtonObserver()
                         0x800'0557   0x2  Code  Wk  main.o [1]
IButtonObserver::IButtonObserver() [subobject]
                         0x800'0521   0x8  Code  Wk  main.o [1]
ILed::ILed()             0x800'052f   0x2  Code  Wk  Led.o [3]
ILed::ILed() [subobject]
                         0x800'04bd   0x8  Code  Wk  Led.o [3]
IMode::Clear()           0x800'04f7  0x2a  Code  Wk  AllMode.o [4]
IMode::IMode(std::array<ILed *, (unsigned int)4> const &)
                         0x800'0535   0xc  Code  Wk  AllMode.o [4]
IMode::IMode(std::array<ILed *, (unsigned int)4> const &) [subobject]
                         0x800'04e1   0x8  Code  Wk  AllMode.o [4]
IMode::Update()          0x800'05c7  0x2a  Code  Wk  AllMode.o [4]
IObservable::IObservable()
                         0x800'0533   0x2  Code  Wk  Button.o [2]
IObservable::IObservable() [subobject]
                         0x800'04cd   0x8  Code  Wk  Button.o [2]
Led::Led(IPin const &)   0x800'0151  0x16  Code  Gb  Led.o [3]
Led::SwithOff() const    0x800'016d  0x10  Code  Gb  Led.o [3]
Led::Toggle() const      0x800'017d  0x10  Code  Gb  Led.o [3]
MemManage_Handler        0x800'03df        Code  Wk  vectortrap_M.o [11]
NMI_Handler              0x800'03df        Code  Wk  vectortrap_M.o [11]
PendSV_Handler           0x800'03df        Code  Wk  vectortrap_M.o [11]
Pin<GPIOA, (int)5>::IsHigh() const
                         0x800'08dd   0xe  Code  Wk  main.o [1]
Pin<GPIOA, (int)5>::Reset() const
                         0x800'085d  0x10  Code  Wk  main.o [1]
Pin<GPIOA, (int)5>::Toggle() const
                         0x800'0971   0xa  Code  Wk  main.o [1]
Pin<GPIOC, (int)13>::IsHigh() const
                         0x800'0931   0xe  Code  Wk  main.o [1]
Pin<GPIOC, (int)13>::Reset() const
                         0x800'08cd  0x10  Code  Wk  main.o [1]
Pin<GPIOC, (int)13>::Toggle() const
                         0x800'0965   0xc  Code  Wk  main.o [1]
Pin<GPIOC, (int)5>::IsHigh() const
                         0x800'08f9   0xe  Code  Wk  main.o [1]
Pin<GPIOC, (int)5>::Reset() const
                         0x800'0885  0x10  Code  Wk  main.o [1]
Pin<GPIOC, (int)5>::Toggle() const
                         0x800'097b   0xa  Code  Wk  main.o [1]
Pin<GPIOC, (int)8>::IsHigh() const
                         0x800'0915   0xe  Code  Wk  main.o [1]
Pin<GPIOC, (int)8>::Reset() const
                         0x800'08ad  0x10  Code  Wk  main.o [1]
Pin<GPIOC, (int)8>::Toggle() const
                         0x800'094d   0xc  Code  Wk  main.o [1]
Pin<GPIOC, (int)9>::IsHigh() const
                         0x800'0923   0xe  Code  Wk  main.o [1]
Pin<GPIOC, (int)9>::Reset() const
                         0x800'08bd  0x10  Code  Wk  main.o [1]
Pin<GPIOC, (int)9>::Toggle() const
                         0x800'0959   0xc  Code  Wk  main.o [1]
Region$$Table$$Base      0x800'063c         --   Gb  - Linker created -
Region$$Table$$Limit     0x800'0664         --   Gb  - Linker created -
SHT$$INIT_ARRAY$$Base    0x800'09d4         --   Gb  - Linker created -
SHT$$INIT_ARRAY$$Limit   0x800'09d8         --   Gb  - Linker created -
SHT$$PREINIT_ARRAY$$Base
                         0x800'09d4         --   Gb  - Linker created -
SHT$$PREINIT_ARRAY$$Limit
                         0x800'09d4         --   Gb  - Linker created -
SVC_Handler              0x800'03df        Code  Wk  vectortrap_M.o [11]
SlideMode::SlideMode(std::array<ILed *, (unsigned int)4> const &)
                         0x800'02f5  0x20  Code  Gb  SlideMode.o [6]
SlideMode::Update()      0x800'0319  0x7c  Code  Gb  SlideMode.o [6]
SysTick_Handler          0x800'03df        Code  Wk  vectortrap_M.o [11]
Thunk for (offset -4) Pin<GPIOA, (int)5>::IsHigh() const
                         0x800'09b5   0x6  Code  Wk  main.o [1]
Thunk for (offset -4) Pin<GPIOC, (int)13>::IsHigh() const
                         0x800'09cd   0x6  Code  Wk  main.o [1]
Thunk for (offset -4) Pin<GPIOC, (int)5>::IsHigh() const
                         0x800'09bb   0x6  Code  Wk  main.o [1]
Thunk for (offset -4) Pin<GPIOC, (int)8>::IsHigh() const
                         0x800'09c1   0x6  Code  Wk  main.o [1]
Thunk for (offset -4) Pin<GPIOC, (int)9>::IsHigh() const
                         0x800'09c7   0x6  Code  Wk  main.o [1]
TreeMode::TreeMode(std::array<ILed *, (unsigned int)4> const &)
                         0x800'02a5  0x1c  Code  Gb  TreeMode.o [7]
TreeMode::Update()       0x800'02c5  0x30  Code  Gb  TreeMode.o [7]
UsageFault_Handler       0x800'03df        Code  Wk  vectortrap_M.o [11]
Virtual function table for AllMode
                         0x800'07ec  0x10  Data  Wk  AllMode.o [4]
Virtual function table for Button
                         0x800'07a4  0x1c  Data  Wk  Button.o [2]
Virtual function table for ChessMode
                         0x800'07fc  0x10  Data  Wk  ChessMode.o [5]
Virtual function table for Garland
                         0x800'0940   0xc  Data  Wk  main.o [1]
Virtual function table for IMode
                         0x800'07dc  0x10  Data  Wk  AllMode.o [4]
Virtual function table for Led
                         0x800'080c  0x10  Data  Wk  Led.o [3]
Virtual function table for Pin<GPIOA, (int)5>
                         0x800'0664  0x20  Data  Wk  main.o [1]
Virtual function table for Pin<GPIOC, (int)13>
                         0x800'06e4  0x20  Data  Wk  main.o [1]
Virtual function table for Pin<GPIOC, (int)5>
                         0x800'0684  0x20  Data  Wk  main.o [1]
Virtual function table for Pin<GPIOC, (int)8>
                         0x800'06a4  0x20  Data  Wk  main.o [1]
Virtual function table for Pin<GPIOC, (int)9>
                         0x800'06c4  0x20  Data  Wk  main.o [1]
Virtual function table for SlideMode
                         0x800'081c  0x10  Data  Wk  SlideMode.o [6]
Virtual function table for TreeMode
                         0x800'082c  0x10  Data  Wk  TreeMode.o [7]
__call_ctors             0x800'0725  0x18  Code  Gb  cppinit.o [8]
__cmain                  0x800'075d        Code  Gb  cmain.o [11]
__exit                   0x800'0791  0x14  Code  Gb  exit.o [12]
__iar_copy_init3         0x800'027b  0x2a  Code  Gb  copy_init3.o [11]
__iar_cstart_call_ctors
                         0x800'0705  0x20  Code  Gb  cmain_call_ctors.o [11]
__iar_data_init3         0x800'05f1  0x28  Code  Gb  data_init.o [11]
__iar_debug_exceptions   0x800'040e   0x1  Data  Gb  unwind_debug.o [12]
__iar_init_vfp           0x800'0619        Code  Gb  fpinit_M.o [10]
__iar_program_start      0x800'07c1        Code  Gb  cstartup_M.o [11]
__iar_tls$$INIT_ARRAY$$Base
                         0x800'09d8         --   Gb  - Linker created -
__iar_tls$$INIT_ARRAY$$Limit
                         0x800'09d8         --   Gb  - Linker created -
__iar_zero_init3         0x800'055b  0x38  Code  Gb  zero_init3.o [11]
__low_level_init         0x800'077b   0x4  Code  Gb  low_level_init.o [8]
__sti__routine           0x800'0041  0x56  Code  Lc  main.o [1]
__vector_table           0x800'0000        Data  Gb  vector_table_M.o [11]
_call_main               0x800'0769        Code  Gb  cmain.o [11]
_exit                    0x800'0785        Code  Gb  cexit.o [11]
allMode                 0x2000'0088   0x8  Data  Gb  main.o [1]
bool FieldValueBase<TIM2_SR_UIF_Values<TIM2::SR, (unsigned int)0, (unsigned int)1, ReadWriteMode, TIM2::TIM2SRBase>, TIM2::TIM2SRBase, (unsigned int)1>::IsSet<ReadWriteMode, void>()
                         0x800'03e1  0x10  Code  Wk  main.o [1]
chessMode               0x2000'0090   0x8  Data  Gb  main.o [1]
decltype(((param#1.size)())) std::size<std::array<ILed *, (unsigned int)4>>(std::array<ILed *, (unsigned int)4> const &)
                         0x800'04ef   0x8  Code  Wk  ChessMode.o [5]
exit                     0x800'077f   0x4  Code  Gb  exit.o [8]
garland                 0x2000'005c   0xc  Data  Gb  main.o [1]
led1                    0x2000'0068   0x8  Data  Gb  main.o [1]
led2                    0x2000'0070   0x8  Data  Gb  main.o [1]
led3                    0x2000'0078   0x8  Data  Gb  main.o [1]
led4                    0x2000'0080   0x8  Data  Gb  main.o [1]
leds                    0x2000'0000  0x10  Data  Gb  main.o [1]
main                     0x800'00c3  0x48  Code  Gb  main.o [1]
modes                   0x2000'0010  0x10  Data  Gb  main.o [1]
pinA5                    0x800'0984   0x8  Data  Wk  main.o [1]
pinC13                   0x800'09a4   0x8  Data  Wk  main.o [1]
pinC5                    0x800'098c   0x8  Data  Wk  main.o [1]
pinC8                    0x800'0994   0x8  Data  Wk  main.o [1]
pinC9                    0x800'099c   0x8  Data  Wk  main.o [1]
slideMode               0x2000'0040  0x10  Data  Gb  main.o [1]
std::array<IButtonObserver *, (unsigned int)4>::operator [](unsigned int)
                         0x800'04db   0x6  Code  Wk  Button.o [2]
std::array<IButtonObserver *, (unsigned int)4>::operator [](unsigned int) const
                         0x800'04d5   0x6  Code  Wk  Button.o [2]
std::array<ILed *, (unsigned int)4>::begin() const
                         0x800'0545   0x8  Code  Wk  AllMode.o [4]
std::array<ILed *, (unsigned int)4>::data() const
                         0x800'0559   0x2  Code  Wk  AllMode.o [4]
std::array<ILed *, (unsigned int)4>::end() const
                         0x800'054d   0xa  Code  Wk  AllMode.o [4]
std::array<ILed *, (unsigned int)4>::operator [](unsigned int) const
                         0x800'04e9   0x6  Code  Wk  ChessMode.o [5]
std::array<ILed *, (unsigned int)4>::size() const
                         0x800'0541   0x4  Code  Wk  ChessMode.o [5]
std::array<IMode *, (unsigned int)4>::operator [](unsigned int) const
                         0x800'0529   0x6  Code  Wk  main.o [1]
std::array<IMode *, (unsigned int)4>::size() const
                         0x800'05c3   0x4  Code  Wk  main.o [1]
treeMode                0x2000'0050   0xc  Data  Gb  main.o [1]
unsigned int RegisterBase<(unsigned int)1073872912, (unsigned int)32, ReadMode>::Get<ReadMode, void>()
                         0x800'08ed   0xc  Code  Wk  main.o [1]
unsigned int RegisterBase<(unsigned int)1073872916, (unsigned int)32, ReadWriteMode>::Get<ReadWriteMode, void>()
                         0x800'086d   0xc  Code  Wk  main.o [1]
unsigned int RegisterBase<(unsigned int)1073874960, (unsigned int)32, ReadMode>::Get<ReadMode, void>()
                         0x800'0909   0xc  Code  Wk  main.o [1]
unsigned int RegisterBase<(unsigned int)1073874964, (unsigned int)32, ReadWriteMode>::Get<ReadWriteMode, void>()
                         0x800'0895   0xc  Code  Wk  main.o [1]
userButton1             0x2000'0020  0x20  Data  Gb  main.o [1]
void FieldValueBase<GPIOA_MODER_MODER15_Values<GPIOA::MODER, (unsigned int)10, (unsigned int)2, ReadWriteMode, GPIOA::GPIOAMODERBase>, GPIOA::GPIOAMODERBase, (unsigned int)1>::Set<ReadWriteMode, void>()
                         0x800'0459  0x14  Code  Wk  main.o [1]
void FieldValueBase<GPIOC_MODER_MODER15_Values<GPIOC::MODER, (unsigned int)10, (unsigned int)2, ReadWriteMode, GPIOC::GPIOCMODERBase>, GPIOC::GPIOCMODERBase, (unsigned int)1>::Set<ReadWriteMode, void>()
                         0x800'046d  0x14  Code  Wk  main.o [1]
void FieldValueBase<GPIOC_MODER_MODER15_Values<GPIOC::MODER, (unsigned int)16, (unsigned int)2, ReadWriteMode, GPIOC::GPIOCMODERBase>, GPIOC::GPIOCMODERBase, (unsigned int)1>::Set<ReadWriteMode, void>()
                         0x800'0481  0x14  Code  Wk  main.o [1]
void FieldValueBase<GPIOC_MODER_MODER15_Values<GPIOC::MODER, (unsigned int)18, (unsigned int)2, ReadWriteMode, GPIOC::GPIOCMODERBase>, GPIOC::GPIOCMODERBase, (unsigned int)1>::Set<ReadWriteMode, void>()
                         0x800'0495  0x14  Code  Wk  main.o [1]
void FieldValueBase<RCC_AHB1ENR_DMA2EN_Values<RCC::APB1ENR, (unsigned int)0, (unsigned int)1, ReadWriteMode, RCC::RCCAPB1ENRBase>, RCC::RCCAPB1ENRBase, (unsigned int)1>::Set<ReadWriteMode, void>()
                         0x800'0411  0x14  Code  Wk  main.o [1]
void FieldValueBase<RCC_AHB1ENR_GPIOAEN_Values<RCC::AHB1ENR, (unsigned int)0, (unsigned int)1, ReadWriteMode, RCC::RCCAHB1ENRBase>, RCC::RCCAHB1ENRBase, (unsigned int)1>::Set<ReadWriteMode, void>()
                         0x800'0445  0x14  Code  Wk  main.o [1]
void FieldValueBase<RCC_AHB1ENR_GPIOCEN_Values<RCC::AHB1ENR, (unsigned int)2, (unsigned int)1, ReadWriteMode, RCC::RCCAHB1ENRBase>, RCC::RCCAHB1ENRBase, (unsigned int)1>::Set<ReadWriteMode, void>()
                         0x800'0431  0x14  Code  Wk  main.o [1]
void FieldValueBase<TIM2_CR1_CEN_Values<TIM2::CR1, (unsigned int)0, (unsigned int)1, ReadWriteMode, TIM2::TIM2CR1Base>, TIM2::TIM2CR1Base, (unsigned int)0>::Set<ReadWriteMode, void>()
                         0x800'0401   0xe  Code  Wk  main.o [1]
void FieldValueBase<TIM2_CR1_CEN_Values<TIM2::CR1, (unsigned int)0, (unsigned int)1, ReadWriteMode, TIM2::TIM2CR1Base>, TIM2::TIM2CR1Base, (unsigned int)1>::Set<ReadWriteMode, void>()
                         0x800'03cd  0x12  Code  Wk  main.o [1]
void FieldValueBase<TIM2_SR_UIF_Values<TIM2::SR, (unsigned int)0, (unsigned int)1, ReadWriteMode, TIM2::TIM2SRBase>, TIM2::TIM2SRBase, (unsigned int)0>::Set<ReadWriteMode, void>()
                         0x800'03f1  0x10  Code  Wk  main.o [1]
void RegisterBase<(unsigned int)1073741860, (unsigned int)32, ReadWriteMode>::Write<ReadWriteMode, void>(unsigned int)
                         0x800'03b5   0xc  Code  Wk  main.o [1]
void RegisterBase<(unsigned int)1073741864, (unsigned int)32, ReadWriteMode>::Write<ReadWriteMode, void>(unsigned int)
                         0x800'0425   0xc  Code  Wk  main.o [1]
void RegisterBase<(unsigned int)1073741868, (unsigned int)32, ReadWriteMode>::Write<ReadWriteMode, void>(unsigned int)
                         0x800'03c1   0xc  Code  Wk  main.o [1]
void RegisterBase<(unsigned int)1073872916, (unsigned int)32, ReadWriteMode>::Toggle<ReadWriteMode, void>(unsigned int)
                         0x800'084d  0x10  Code  Wk  main.o [1]
void RegisterBase<(unsigned int)1073872916, (unsigned int)32, ReadWriteMode>::Write<ReadWriteMode, void>(unsigned int)
                         0x800'0879   0xc  Code  Wk  main.o [1]
void RegisterBase<(unsigned int)1073874964, (unsigned int)32, ReadWriteMode>::Toggle<ReadWriteMode, void>(unsigned int)
                         0x800'083d  0x10  Code  Wk  main.o [1]
void RegisterBase<(unsigned int)1073874964, (unsigned int)32, ReadWriteMode>::Write<ReadWriteMode, void>(unsigned int)
                         0x800'08a1   0xc  Code  Wk  main.o [1]


[1] = D:\POIP\POIP-8-sem-\Lab_1\Debug\Obj
[2] = D:\POIP\POIP-8-sem-\Lab_1\Debug\Obj\Components\Button
[3] = D:\POIP\POIP-8-sem-\Lab_1\Debug\Obj\Components\LED
[4] = D:\POIP\POIP-8-sem-\Lab_1\Debug\Obj\Modes\AllMode
[5] = D:\POIP\POIP-8-sem-\Lab_1\Debug\Obj\Modes\ChessMode
[6] = D:\POIP\POIP-8-sem-\Lab_1\Debug\Obj\Modes\SlideMode
[7] = D:\POIP\POIP-8-sem-\Lab_1\Debug\Obj\Modes\TreeMode
[8] = dl7M_tlf.a
[9] = dlpprt7M_tl_fc.a
[10] = m7M_tls.a
[11] = rt7M_tl.a
[12] = shb_l.a

  2'101 bytes of readonly  code memory
    417 bytes of readonly  data memory
  8'344 bytes of readwrite data memory

Errors: none
Warnings: none
